Traceback (most recent call last):
  File "/root/mask_quality_energy_refinement_20261005/scripts/prepare_qcr_cache.py", line 374, in <module>
    main(args)
  File "/root/mask_quality_energy_refinement_20261005/scripts/prepare_qcr_cache.py", line 307, in main
    x["operator"] = build_operator(x, hs, cfg, replay.device)
                    ^^^^^^^^^^^^^^^^^^^^^^^^^^^^^^^^^^^^^^^^^
  File "/root/miniconda3/lib/python3.12/site-packages/torch/utils/_contextlib.py", line 120, in decorate_context
    return func(*args, **kwargs)
           ^^^^^^^^^^^^^^^^^^^^^
  File "/root/mask_quality_energy_refinement_20261005/scripts/prepare_qcr_cache.py", line 71, in build_operator
    from torchvision.ops import roi_align
  File "/root/miniconda3/lib/python3.12/site-packages/torchvision/__init__.py", line 10, in <module>
    from torchvision import _meta_registrations, datasets, io, models, ops, transforms, utils  # usort:skip
    ^^^^^^^^^^^^^^^^^^^^^^^^^^^^^^^^^^^^^^^^^^^^^^^^^^^^^^^^^^^^^^^^^^^^^^^^^^^^^^^^^^^^^^^^^
  File "/root/miniconda3/lib/python3.12/site-packages/torchvision/models/__init__.py", line 2, in <module>
    from .convnext import *
  File "/root/miniconda3/lib/python3.12/site-packages/torchvision/models/convnext.py", line 9, in <module>
    from ..ops.misc import Conv2dNormActivation, Permute
  File "/root/miniconda3/lib/python3.12/site-packages/torchvision/ops/__init__.py", line 23, in <module>
    from .poolers import MultiScaleRoIAlign
  File "/root/miniconda3/lib/python3.12/site-packages/torchvision/ops/poolers.py", line 10, in <module>
    from .roi_align import roi_align
  File "/root/miniconda3/lib/python3.12/site-packages/torchvision/ops/roi_align.py", line 7, in <module>
    from torch._dynamo.utils import is_compile_supported
  File "/root/miniconda3/lib/python3.12/site-packages/torch/_dynamo/__init__.py", line 13, in <module>
    from . import config, convert_frame, eval_frame, resume_execution
  File "/root/miniconda3/lib/python3.12/site-packages/torch/_dynamo/convert_frame.py", line 53, in <module>
    from torch._dynamo.symbolic_convert import TensorifyState
  File "/root/miniconda3/lib/python3.12/site-packages/torch/_dynamo/symbolic_convert.py", line 58, in <module>
    from . import (
  File "/root/miniconda3/lib/python3.12/site-packages/torch/_dynamo/trace_rules.py", line 56, in <module>
    from .variables import (
  File "/root/miniconda3/lib/python3.12/site-packages/torch/_dynamo/variables/__init__.py", line 19, in <module>
    from .base import VariableTracker
  File "/root/miniconda3/lib/python3.12/site-packages/torch/_dynamo/variables/base.py", line 642, in <module>
    from . import builder
  File "/root/miniconda3/lib/python3.12/site-packages/torch/_dynamo/variables/builder.py", line 93, in <module>
    from ..side_effects import SideEffects
  File "/root/miniconda3/lib/python3.12/site-packages/torch/_dynamo/side_effects.py", line 44, in <module>
    from .codegen import PyCodegen
  File "/root/miniconda3/lib/python3.12/site-packages/torch/_dynamo/codegen.py", line 43, in <module>
    from .variables.functions import (
  File "/root/miniconda3/lib/python3.12/site-packages/torch/_dynamo/variables/functions.py", line 81, in <module>
    from torch.distributed.fsdp._fully_shard import _fsdp_param_group
  File "/root/miniconda3/lib/python3.12/site-packages/torch/distributed/fsdp/__init__.py", line 1, in <module>
    from ._flat_param import FlatParameter as FlatParameter
  File "/root/miniconda3/lib/python3.12/site-packages/torch/distributed/fsdp/_flat_param.py", line 33, in <module>
    from ._fsdp_extensions import (
  File "/root/miniconda3/lib/python3.12/site-packages/torch/distributed/fsdp/_fsdp_extensions.py", line 6, in <module>
    from torch.distributed._shard.sharded_tensor.api import ShardedTensor
  File "/root/miniconda3/lib/python3.12/site-packages/torch/distributed/_shard/__init__.py", line 1, in <module>
    from .api import _shard_tensor, load_with_process_group, shard_module, shard_parameter
  File "/root/miniconda3/lib/python3.12/site-packages/torch/distributed/_shard/api.py", line 9, in <module>
    from torch.distributed._shard.sharded_tensor import ShardedTensor
  File "/root/miniconda3/lib/python3.12/site-packages/torch/distributed/_shard/sharded_tensor/__init__.py", line 8, in <module>
    from .api import (
  File "/root/miniconda3/lib/python3.12/site-packages/torch/distributed/_shard/sharded_tensor/api.py", line 32, in <module>
    from .reshard import reshard_local_shard, reshuffle_local_shard
  File "/root/miniconda3/lib/python3.12/site-packages/torch/distributed/_shard/sharded_tensor/reshard.py", line 13, in <module>
    from torch.distributed.nn.functional import all_to_all, all_to_all_single
  File "/root/miniconda3/lib/python3.12/site-packages/torch/distributed/nn/__init__.py", line 7, in <module>
    from .api.remote_module import RemoteModule
  File "/root/miniconda3/lib/python3.12/site-packages/torch/distributed/nn/api/remote_module.py", line 15, in <module>
    from torch.distributed.nn.jit import instantiator
  File "/root/miniconda3/lib/python3.12/site-packages/torch/distributed/nn/jit/instantiator.py", line 21, in <module>
    _TEMP_DIR = tempfile.TemporaryDirectory()
                ^^^^^^^^^^^^^^^^^^^^^^^^^^^^^
  File "/root/miniconda3/lib/python3.12/tempfile.py", line 882, in __init__
    self.name = mkdtemp(suffix, prefix, dir)
                ^^^^^^^^^^^^^^^^^^^^^^^^^^^^
  File "/root/miniconda3/lib/python3.12/tempfile.py", line 373, in mkdtemp
    prefix, suffix, dir, output_type = _sanitize_params(prefix, suffix, dir)
                                       ^^^^^^^^^^^^^^^^^^^^^^^^^^^^^^^^^^^^^
  File "/root/miniconda3/lib/python3.12/tempfile.py", line 126, in _sanitize_params
    dir = gettempdir()
          ^^^^^^^^^^^^
  File "/root/miniconda3/lib/python3.12/tempfile.py", line 315, in gettempdir
    return _os.fsdecode(_gettempdir())
                        ^^^^^^^^^^^^^
  File "/root/miniconda3/lib/python3.12/tempfile.py", line 308, in _gettempdir
    tempdir = _get_default_tempdir()
              ^^^^^^^^^^^^^^^^^^^^^^
  File "/root/miniconda3/lib/python3.12/tempfile.py", line 223, in _get_default_tempdir
    raise FileNotFoundError(_errno.ENOENT,
FileNotFoundError: [Errno 2] No usable temporary directory found in ['/tmp', '/var/tmp', '/usr/tmp', '/root/mask_quality_energy_refinement_20261005']
