loading annotations into memory...
Done (t=9.62s)
creating index...
index created!
Fast image access ✅ (ping: 0.0±0.0 ms, read: 2672.0±880.3 MB/s, size: 185.3 KB)
[KScanning /root/autodl-tmp/qcr_run/dataset/official_data_7741d373b832/labels/train2017.cache... 20000 images, 0 backgrounds, 0 corrupt: 100% ━━━━━━━━━━━━ 20000/20000 2.1Git/s 0.0s
{"stage": "prepare_original_official", "images": 8175, "planned": 22000, "candidates": 59958, "cache_bytes": 11956107048, "elapsed_s": 28.543201062828302}
{"stage": "prepare_original_official", "images": 8200, "planned": 22000, "candidates": 60184, "cache_bytes": 12055395166, "elapsed_s": 35.61904180236161}
{"stage": "prepare_original_official", "images": 8225, "planned": 22000, "candidates": 60418, "cache_bytes": 12155654982, "elapsed_s": 42.75638163089752}
{"stage": "prepare_original_official", "images": 8250, "planned": 22000, "candidates": 60630, "cache_bytes": 12254566277, "elapsed_s": 49.771981770172715}
{"stage": "prepare_original_official", "images": 8275, "planned": 22000, "candidates": 60786, "cache_bytes": 12351434055, "elapsed_s": 56.62376054469496}
{"stage": "prepare_original_official", "images": 8300, "planned": 22000, "candidates": 60896, "cache_bytes": 12447267655, "elapsed_s": 63.34878616500646}
{"stage": "prepare_original_official", "images": 8325, "planned": 22000, "candidates": 61096, "cache_bytes": 12546594806, "elapsed_s": 70.36521188914776}
{"stage": "prepare_original_official", "images": 8350, "planned": 22000, "candidates": 61252, "cache_bytes": 12643491752, "elapsed_s": 77.18788088858128}
{"stage": "prepare_original_official", "images": 8375, "planned": 22000, "candidates": 61437, "cache_bytes": 12742062261, "elapsed_s": 84.17993949353695}
{"stage": "prepare_original_official", "images": 8400, "planned": 22000, "candidates": 61623, "cache_bytes": 12840917424, "elapsed_s": 91.15502395201474}
{"stage": "prepare_original_official", "images": 8425, "planned": 22000, "candidates": 61787, "cache_bytes": 12938424843, "elapsed_s": 98.07220176514238}
{"stage": "prepare_original_official", "images": 8450, "planned": 22000, "candidates": 62036, "cache_bytes": 13038776469, "elapsed_s": 105.24264741968364}
{"stage": "prepare_original_official", "images": 8475, "planned": 22000, "candidates": 62196, "cache_bytes": 13136070925, "elapsed_s": 112.1656589275226}
{"stage": "prepare_original_official", "images": 8500, "planned": 22000, "candidates": 62416, "cache_bytes": 13234750952, "elapsed_s": 119.28852832037956}
{"stage": "prepare_original_official", "images": 8525, "planned": 22000, "candidates": 62643, "cache_bytes": 13335504925, "elapsed_s": 126.4385010721162}
{"stage": "prepare_original_official", "images": 8550, "planned": 22000, "candidates": 62834, "cache_bytes": 13434429988, "elapsed_s": 133.4991759788245}
{"stage": "prepare_original_official", "images": 8575, "planned": 22000, "candidates": 62975, "cache_bytes": 13531386339, "elapsed_s": 140.36758729815483}
{"stage": "prepare_original_official", "images": 8600, "planned": 22000, "candidates": 63160, "cache_bytes": 13630835276, "elapsed_s": 147.3832309274003}
{"stage": "prepare_original_official", "images": 8625, "planned": 22000, "candidates": 63350, "cache_bytes": 13729703457, "elapsed_s": 154.39147617388517}
{"stage": "prepare_original_official", "images": 8650, "planned": 22000, "candidates": 63559, "cache_bytes": 13829543923, "elapsed_s": 161.4563956707716}
{"stage": "prepare_original_official", "images": 8675, "planned": 22000, "candidates": 63706, "cache_bytes": 13926594775, "elapsed_s": 168.31390148680657}
{"stage": "prepare_original_official", "images": 8700, "planned": 22000, "candidates": 63945, "cache_bytes": 14027009485, "elapsed_s": 175.45315320976079}
{"stage": "prepare_original_official", "images": 8725, "planned": 22000, "candidates": 64125, "cache_bytes": 14125977343, "elapsed_s": 182.4462879234925}
{"stage": "prepare_original_official", "images": 8750, "planned": 22000, "candidates": 64293, "cache_bytes": 14223381630, "elapsed_s": 189.38070865068585}
{"stage": "prepare_original_official", "images": 8775, "planned": 22000, "candidates": 64471, "cache_bytes": 14321377722, "elapsed_s": 196.3327262531966}
{"stage": "prepare_original_official", "images": 8800, "planned": 22000, "candidates": 64680, "cache_bytes": 14420802567, "elapsed_s": 203.40058970358223}
{"stage": "prepare_original_official", "images": 8825, "planned": 22000, "candidates": 64847, "cache_bytes": 14519734887, "elapsed_s": 210.4552431255579}
{"stage": "prepare_original_official", "images": 8850, "planned": 22000, "candidates": 65025, "cache_bytes": 14617304821, "elapsed_s": 217.51674339734018}
{"stage": "prepare_original_official", "images": 8875, "planned": 22000, "candidates": 65214, "cache_bytes": 14715193194, "elapsed_s": 224.56371417175978}
{"stage": "prepare_original_official", "images": 8900, "planned": 22000, "candidates": 65334, "cache_bytes": 14811316139, "elapsed_s": 231.39637724217027}
{"stage": "prepare_original_official", "images": 8925, "planned": 22000, "candidates": 65468, "cache_bytes": 14908511480, "elapsed_s": 238.30586331151426}
{"stage": "prepare_original_official", "images": 8950, "planned": 22000, "candidates": 65601, "cache_bytes": 15005409173, "elapsed_s": 245.18360987119377}
{"stage": "prepare_original_official", "images": 8975, "planned": 22000, "candidates": 65757, "cache_bytes": 15102634342, "elapsed_s": 252.10105048120022}
{"stage": "prepare_original_official", "images": 9000, "planned": 22000, "candidates": 65987, "cache_bytes": 15203201067, "elapsed_s": 259.2764115482569}
{"stage": "prepare_original_official", "images": 9025, "planned": 22000, "candidates": 66197, "cache_bytes": 15301610254, "elapsed_s": 266.3161266595125}
{"stage": "prepare_original_official", "images": 9050, "planned": 22000, "candidates": 66343, "cache_bytes": 15399667089, "elapsed_s": 273.27654492110014}
{"stage": "prepare_original_official", "images": 9075, "planned": 22000, "candidates": 66512, "cache_bytes": 15498171508, "elapsed_s": 280.28169536218047}
{"stage": "prepare_original_official", "images": 9100, "planned": 22000, "candidates": 66695, "cache_bytes": 15596042764, "elapsed_s": 287.28911267686635}
{"stage": "prepare_original_official", "images": 9125, "planned": 22000, "candidates": 66849, "cache_bytes": 15693992529, "elapsed_s": 294.26294633187354}
{"stage": "prepare_original_official", "images": 9150, "planned": 22000, "candidates": 67013, "cache_bytes": 15791323101, "elapsed_s": 301.22772887628525}
{"stage": "prepare_original_official", "images": 9175, "planned": 22000, "candidates": 67194, "cache_bytes": 15890469209, "elapsed_s": 308.3389110704884}
{"stage": "prepare_original_official", "images": 9200, "planned": 22000, "candidates": 67341, "cache_bytes": 15987830320, "elapsed_s": 315.31851246301085}
{"stage": "prepare_original_official", "images": 9225, "planned": 22000, "candidates": 67535, "cache_bytes": 16087491360, "elapsed_s": 322.454680647701}
{"stage": "prepare_original_official", "images": 9250, "planned": 22000, "candidates": 67810, "cache_bytes": 16189338053, "elapsed_s": 329.87724699638784}
{"stage": "prepare_original_official", "images": 9275, "planned": 22000, "candidates": 67983, "cache_bytes": 16288614598, "elapsed_s": 337.00393784139305}
{"stage": "prepare_original_official", "images": 9300, "planned": 22000, "candidates": 68136, "cache_bytes": 16386479213, "elapsed_s": 344.0077129350975}
{"stage": "prepare_original_official", "images": 9325, "planned": 22000, "candidates": 68387, "cache_bytes": 16487011845, "elapsed_s": 351.26510693505406}
{"stage": "prepare_original_official", "images": 9350, "planned": 22000, "candidates": 68561, "cache_bytes": 16584970073, "elapsed_s": 358.2844092976302}
{"stage": "prepare_original_official", "images": 9375, "planned": 22000, "candidates": 68758, "cache_bytes": 16685226567, "elapsed_s": 365.4403256382793}
{"stage": "prepare_original_official", "images": 9400, "planned": 22000, "candidates": 68927, "cache_bytes": 16781847304, "elapsed_s": 372.4143882859498}
{"stage": "prepare_original_official", "images": 9425, "planned": 22000, "candidates": 69056, "cache_bytes": 16878286775, "elapsed_s": 379.2945953467861}
{"stage": "prepare_original_official", "images": 9450, "planned": 22000, "candidates": 69227, "cache_bytes": 16977294589, "elapsed_s": 386.36094931233674}
{"stage": "prepare_original_official", "images": 9475, "planned": 22000, "candidates": 69352, "cache_bytes": 17074079189, "elapsed_s": 393.25017037335783}
{"stage": "prepare_original_official", "images": 9500, "planned": 22000, "candidates": 69522, "cache_bytes": 17172613950, "elapsed_s": 400.2952464930713}
{"stage": "prepare_original_official", "images": 9525, "planned": 22000, "candidates": 69676, "cache_bytes": 17270119464, "elapsed_s": 407.30487440153956}
{"stage": "prepare_original_official", "images": 9550, "planned": 22000, "candidates": 69831, "cache_bytes": 17368354948, "elapsed_s": 414.45946568623185}
{"stage": "prepare_original_official", "images": 9575, "planned": 22000, "candidates": 70003, "cache_bytes": 17467246416, "elapsed_s": 421.6553930779919}
{"stage": "prepare_original_official", "images": 9600, "planned": 22000, "candidates": 70242, "cache_bytes": 17567784564, "elapsed_s": 429.2140027638525}
{"stage": "prepare_original_official", "images": 9625, "planned": 22000, "candidates": 70427, "cache_bytes": 17666179884, "elapsed_s": 436.5745029831305}
{"stage": "prepare_original_official", "images": 9650, "planned": 22000, "candidates": 70606, "cache_bytes": 17764720649, "elapsed_s": 443.91691181156784}
{"stage": "prepare_original_official", "images": 9675, "planned": 22000, "candidates": 70835, "cache_bytes": 17865258593, "elapsed_s": 451.45749483350664}
{"stage": "prepare_original_official", "images": 9700, "planned": 22000, "candidates": 71054, "cache_bytes": 17965959857, "elapsed_s": 458.94844455178827}
{"stage": "prepare_original_official", "images": 9725, "planned": 22000, "candidates": 71197, "cache_bytes": 18062034936, "elapsed_s": 466.0882991813123}
{"stage": "prepare_original_official", "images": 9750, "planned": 22000, "candidates": 71455, "cache_bytes": 18163340443, "elapsed_s": 473.71185396425426}
{"stage": "prepare_original_official", "images": 9775, "planned": 22000, "candidates": 71684, "cache_bytes": 18264121917, "elapsed_s": 481.2704690275714}
{"stage": "prepare_original_official", "images": 9800, "planned": 22000, "candidates": 71870, "cache_bytes": 18362460717, "elapsed_s": 488.58039426617324}
{"stage": "prepare_original_official", "images": 9825, "planned": 22000, "candidates": 72022, "cache_bytes": 18459563534, "elapsed_s": 495.780826180242}
{"stage": "prepare_original_official", "images": 9850, "planned": 22000, "candidates": 72200, "cache_bytes": 18557979371, "elapsed_s": 503.11859995592386}
{"stage": "prepare_original_official", "images": 9875, "planned": 22000, "candidates": 72405, "cache_bytes": 18657172797, "elapsed_s": 510.56472305580974}
{"stage": "prepare_original_official", "images": 9900, "planned": 22000, "candidates": 72597, "cache_bytes": 18755672453, "elapsed_s": 518.0126299401745}
{"stage": "prepare_original_official", "images": 9925, "planned": 22000, "candidates": 72829, "cache_bytes": 18856736688, "elapsed_s": 525.356986258179}
{"stage": "prepare_original_official", "images": 9950, "planned": 22000, "candidates": 73023, "cache_bytes": 18954680966, "elapsed_s": 532.4986870633438}
{"stage": "prepare_original_official", "images": 9975, "planned": 22000, "candidates": 73181, "cache_bytes": 19050847128, "elapsed_s": 539.5115701342002}
{"stage": "prepare_original_official", "images": 10000, "planned": 22000, "candidates": 73454, "cache_bytes": 19152036141, "elapsed_s": 546.8738420950249}
{"stage": "prepare_original_official", "images": 10025, "planned": 22000, "candidates": 73641, "cache_bytes": 19251806539, "elapsed_s": 554.0587940448895}
{"stage": "prepare_original_official", "images": 10050, "planned": 22000, "candidates": 73850, "cache_bytes": 19350936473, "elapsed_s": 561.2383711542934}
{"stage": "prepare_original_official", "images": 10075, "planned": 22000, "candidates": 74041, "cache_bytes": 19450382789, "elapsed_s": 568.4065018529072}
{"stage": "prepare_original_official", "images": 10100, "planned": 22000, "candidates": 74209, "cache_bytes": 19547671692, "elapsed_s": 575.4455043990165}
{"stage": "prepare_original_official", "images": 10125, "planned": 22000, "candidates": 74387, "cache_bytes": 19646203732, "elapsed_s": 582.5669781789184}
{"stage": "prepare_original_official", "images": 10150, "planned": 22000, "candidates": 74614, "cache_bytes": 19746688428, "elapsed_s": 589.8571526948363}
{"stage": "prepare_original_official", "images": 10175, "planned": 22000, "candidates": 74799, "cache_bytes": 19846017386, "elapsed_s": 597.0409719953313}
{"stage": "prepare_original_official", "images": 10200, "planned": 22000, "candidates": 74970, "cache_bytes": 19943718847, "elapsed_s": 604.1892551565543}
{"stage": "prepare_original_official", "images": 10225, "planned": 22000, "candidates": 75133, "cache_bytes": 20041569725, "elapsed_s": 611.3156692730263}
{"stage": "prepare_original_official", "images": 10250, "planned": 22000, "candidates": 75306, "cache_bytes": 20139704951, "elapsed_s": 618.8343944968656}
{"stage": "prepare_original_official", "images": 10275, "planned": 22000, "candidates": 75484, "cache_bytes": 20238396212, "elapsed_s": 626.0715424902737}
{"stage": "prepare_original_official", "images": 10300, "planned": 22000, "candidates": 75691, "cache_bytes": 20337874066, "elapsed_s": 633.4295241804793}
{"stage": "prepare_original_official", "images": 10325, "planned": 22000, "candidates": 75831, "cache_bytes": 20435256555, "elapsed_s": 640.5287256436422}
{"stage": "prepare_original_official", "images": 10350, "planned": 22000, "candidates": 76017, "cache_bytes": 20533336706, "elapsed_s": 647.7281398903579}
{"stage": "prepare_original_official", "images": 10375, "planned": 22000, "candidates": 76234, "cache_bytes": 20633940135, "elapsed_s": 655.0897039351985}
{"stage": "prepare_original_official", "images": 10400, "planned": 22000, "candidates": 76419, "cache_bytes": 20732900241, "elapsed_s": 662.310056691058}
{"stage": "prepare_original_official", "images": 10425, "planned": 22000, "candidates": 76531, "cache_bytes": 20827790381, "elapsed_s": 669.252190604806}
{"stage": "prepare_original_official", "images": 10450, "planned": 22000, "candidates": 76784, "cache_bytes": 20928714618, "elapsed_s": 676.6773236785084}
{"stage": "prepare_original_official", "images": 10475, "planned": 22000, "candidates": 77039, "cache_bytes": 21029820021, "elapsed_s": 684.1614974848926}
{"stage": "prepare_original_official", "images": 10500, "planned": 22000, "candidates": 77228, "cache_bytes": 21128057665, "elapsed_s": 691.4386581862345}
{"stage": "prepare_original_official", "images": 10525, "planned": 22000, "candidates": 77423, "cache_bytes": 21227318460, "elapsed_s": 698.7661213297397}
{"stage": "prepare_original_official", "images": 10550, "planned": 22000, "candidates": 77579, "cache_bytes": 21325287810, "elapsed_s": 706.0884435167536}
{"stage": "prepare_original_official", "images": 10575, "planned": 22000, "candidates": 77727, "cache_bytes": 21422350372, "elapsed_s": 713.3073871769011}
{"stage": "prepare_original_official", "images": 10600, "planned": 22000, "candidates": 77945, "cache_bytes": 21522081083, "elapsed_s": 720.7923016576096}
{"stage": "prepare_original_official", "images": 10625, "planned": 22000, "candidates": 78081, "cache_bytes": 21619538338, "elapsed_s": 728.1445749578997}
{"stage": "prepare_original_official", "images": 10650, "planned": 22000, "candidates": 78266, "cache_bytes": 21718213996, "elapsed_s": 735.7533408310264}
{"stage": "prepare_original_official", "images": 10675, "planned": 22000, "candidates": 78434, "cache_bytes": 21815922994, "elapsed_s": 743.2502006413415}
{"stage": "prepare_original_official", "images": 10700, "planned": 22000, "candidates": 78633, "cache_bytes": 21913937898, "elapsed_s": 750.7966620326042}
{"stage": "prepare_original_official", "images": 10725, "planned": 22000, "candidates": 78815, "cache_bytes": 22012224161, "elapsed_s": 758.2961602499709}
{"stage": "prepare_original_official", "images": 10750, "planned": 22000, "candidates": 79033, "cache_bytes": 22112765273, "elapsed_s": 765.9955939920619}
{"stage": "prepare_original_official", "images": 10775, "planned": 22000, "candidates": 79191, "cache_bytes": 22209968573, "elapsed_s": 773.4621872119606}
{"stage": "prepare_original_official", "images": 10800, "planned": 22000, "candidates": 79365, "cache_bytes": 22307456055, "elapsed_s": 780.9410213762894}
{"stage": "prepare_original_official", "images": 10825, "planned": 22000, "candidates": 79503, "cache_bytes": 22404691507, "elapsed_s": 788.395489199087}
{"stage": "prepare_original_official", "images": 10850, "planned": 22000, "candidates": 79704, "cache_bytes": 22502302372, "elapsed_s": 795.9121457915753}
{"stage": "prepare_original_official", "images": 10875, "planned": 22000, "candidates": 79901, "cache_bytes": 22600789428, "elapsed_s": 803.4992944598198}
{"stage": "prepare_original_official", "images": 10900, "planned": 22000, "candidates": 80071, "cache_bytes": 22698448995, "elapsed_s": 811.0524497237056}
{"stage": "prepare_original_official", "images": 10925, "planned": 22000, "candidates": 80255, "cache_bytes": 22796535866, "elapsed_s": 818.5953355282545}
{"stage": "prepare_original_official", "images": 10950, "planned": 22000, "candidates": 80423, "cache_bytes": 22894097434, "elapsed_s": 826.1222013607621}
{"stage": "prepare_original_official", "images": 10975, "planned": 22000, "candidates": 80623, "cache_bytes": 22992877728, "elapsed_s": 833.7567108301446}
{"stage": "prepare_original_official", "images": 11000, "planned": 22000, "candidates": 80791, "cache_bytes": 23090729781, "elapsed_s": 841.2603278299794}
{"stage": "prepare_original_official", "images": 11025, "planned": 22000, "candidates": 81012, "cache_bytes": 23190465111, "elapsed_s": 848.9266201369464}
{"stage": "prepare_original_official", "images": 11050, "planned": 22000, "candidates": 81227, "cache_bytes": 23290214731, "elapsed_s": 856.6519783465192}
{"stage": "prepare_original_official", "images": 11075, "planned": 22000, "candidates": 81329, "cache_bytes": 23386153556, "elapsed_s": 863.9548120712861}
{"stage": "prepare_original_official", "images": 11100, "planned": 22000, "candidates": 81521, "cache_bytes": 23484751461, "elapsed_s": 871.494482152164}
{"stage": "prepare_original_official", "images": 11125, "planned": 22000, "candidates": 81708, "cache_bytes": 23582608605, "elapsed_s": 879.0680555161089}
{"stage": "prepare_original_official", "images": 11150, "planned": 22000, "candidates": 81866, "cache_bytes": 23680867280, "elapsed_s": 886.5656778337434}
{"stage": "prepare_original_official", "images": 11175, "planned": 22000, "candidates": 82017, "cache_bytes": 23778276786, "elapsed_s": 894.0119070978835}
{"stage": "prepare_original_official", "images": 11200, "planned": 22000, "candidates": 82164, "cache_bytes": 23874777454, "elapsed_s": 901.4308928530663}
{"stage": "prepare_original_official", "images": 11225, "planned": 22000, "candidates": 82374, "cache_bytes": 23973328522, "elapsed_s": 909.084093795158}
{"stage": "prepare_original_official", "images": 11250, "planned": 22000, "candidates": 82555, "cache_bytes": 24071478879, "elapsed_s": 916.504641761072}
{"stage": "prepare_original_official", "images": 11275, "planned": 22000, "candidates": 82710, "cache_bytes": 24168879996, "elapsed_s": 923.9002519007772}
{"stage": "prepare_original_official", "images": 11300, "planned": 22000, "candidates": 82870, "cache_bytes": 24267435703, "elapsed_s": 931.3263162001967}
{"stage": "prepare_original_official", "images": 11325, "planned": 22000, "candidates": 83019, "cache_bytes": 24364366646, "elapsed_s": 938.6323268339038}
{"stage": "prepare_original_official", "images": 11350, "planned": 22000, "candidates": 83161, "cache_bytes": 24460377181, "elapsed_s": 945.7979838885367}
{"stage": "prepare_original_official", "images": 11375, "planned": 22000, "candidates": 83332, "cache_bytes": 24557666659, "elapsed_s": 953.0494298189878}
{"stage": "prepare_original_official", "images": 11400, "planned": 22000, "candidates": 83496, "cache_bytes": 24655961135, "elapsed_s": 960.382074915804}
{"stage": "prepare_original_official", "images": 11425, "planned": 22000, "candidates": 83671, "cache_bytes": 24753489163, "elapsed_s": 967.6510174646974}
{"stage": "prepare_original_official", "images": 11450, "planned": 22000, "candidates": 83851, "cache_bytes": 24852414778, "elapsed_s": 975.020880873315}
{"stage": "prepare_original_official", "images": 11475, "planned": 22000, "candidates": 83950, "cache_bytes": 24947527170, "elapsed_s": 982.174540980719}
{"stage": "prepare_original_official", "images": 11500, "planned": 22000, "candidates": 84068, "cache_bytes": 25043467183, "elapsed_s": 989.3254812601954}
{"stage": "prepare_original_official", "images": 11525, "planned": 22000, "candidates": 84319, "cache_bytes": 25144829262, "elapsed_s": 996.9097531391308}
{"stage": "prepare_original_official", "images": 11550, "planned": 22000, "candidates": 84468, "cache_bytes": 25241595835, "elapsed_s": 1004.2388598741964}
{"stage": "prepare_original_official", "images": 11575, "planned": 22000, "candidates": 84690, "cache_bytes": 25339922198, "elapsed_s": 1011.7136265393347}
{"stage": "prepare_original_official", "images": 11600, "planned": 22000, "candidates": 84899, "cache_bytes": 25439233973, "elapsed_s": 1019.195614727214}
{"stage": "prepare_original_official", "images": 11625, "planned": 22000, "candidates": 85022, "cache_bytes": 25536054679, "elapsed_s": 1026.4242297848687}
{"stage": "prepare_original_official", "images": 11650, "planned": 22000, "candidates": 85185, "cache_bytes": 25634477210, "elapsed_s": 1033.8242945196107}
{"stage": "prepare_original_official", "images": 11675, "planned": 22000, "candidates": 85341, "cache_bytes": 25731800851, "elapsed_s": 1041.1264144703746}
{"stage": "prepare_original_official", "images": 11700, "planned": 22000, "candidates": 85524, "cache_bytes": 25829906329, "elapsed_s": 1048.4954021396115}
{"stage": "prepare_original_official", "images": 11725, "planned": 22000, "candidates": 85713, "cache_bytes": 25929032517, "elapsed_s": 1055.9212360912934}
{"stage": "prepare_original_official", "images": 11750, "planned": 22000, "candidates": 85939, "cache_bytes": 26028986354, "elapsed_s": 1063.4432511795312}
{"stage": "prepare_original_official", "images": 11775, "planned": 22000, "candidates": 86103, "cache_bytes": 26126682031, "elapsed_s": 1070.7716228095815}
{"stage": "prepare_original_official", "images": 11800, "planned": 22000, "candidates": 86350, "cache_bytes": 26227076741, "elapsed_s": 1078.3454718776047}
{"stage": "prepare_original_official", "images": 11825, "planned": 22000, "candidates": 86488, "cache_bytes": 26322654046, "elapsed_s": 1085.8270107861608}
{"stage": "prepare_original_official", "images": 11850, "planned": 22000, "candidates": 86668, "cache_bytes": 26421331416, "elapsed_s": 1093.221778430976}
{"stage": "prepare_original_official", "images": 11875, "planned": 22000, "candidates": 86897, "cache_bytes": 26520677950, "elapsed_s": 1100.7853980166838}
{"stage": "prepare_original_official", "images": 11900, "planned": 22000, "candidates": 87037, "cache_bytes": 26617144125, "elapsed_s": 1108.1308852769434}
{"stage": "prepare_original_official", "images": 11925, "planned": 22000, "candidates": 87240, "cache_bytes": 26716537607, "elapsed_s": 1115.6861837105826}
{"stage": "prepare_original_official", "images": 11950, "planned": 22000, "candidates": 87445, "cache_bytes": 26816248174, "elapsed_s": 1123.3159835031256}
{"stage": "prepare_original_official", "images": 11975, "planned": 22000, "candidates": 87601, "cache_bytes": 26914095869, "elapsed_s": 1131.0058898078278}
{"stage": "prepare_original_official", "images": 12000, "planned": 22000, "candidates": 87831, "cache_bytes": 27014422475, "elapsed_s": 1138.8475357163697}
{"stage": "prepare_original_official", "images": 12025, "planned": 22000, "candidates": 88016, "cache_bytes": 27112571888, "elapsed_s": 1146.5095387538895}
{"stage": "prepare_original_official", "images": 12050, "planned": 22000, "candidates": 88235, "cache_bytes": 27211989036, "elapsed_s": 1154.2905758153647}
{"stage": "prepare_original_official", "images": 12075, "planned": 22000, "candidates": 88438, "cache_bytes": 27311117074, "elapsed_s": 1162.0002301819623}
{"stage": "prepare_original_official", "images": 12100, "planned": 22000, "candidates": 88618, "cache_bytes": 27410333713, "elapsed_s": 1169.696077038534}
{"stage": "prepare_original_official", "images": 12125, "planned": 22000, "candidates": 88814, "cache_bytes": 27509148000, "elapsed_s": 1177.3840281683952}
{"stage": "prepare_original_official", "images": 12150, "planned": 22000, "candidates": 88981, "cache_bytes": 27606978763, "elapsed_s": 1184.9942023362964}
{"stage": "prepare_original_official", "images": 12175, "planned": 22000, "candidates": 89216, "cache_bytes": 27707865950, "elapsed_s": 1192.9001333406195}
{"stage": "prepare_original_official", "images": 12200, "planned": 22000, "candidates": 89381, "cache_bytes": 27805220842, "elapsed_s": 1200.497840197757}
{"stage": "prepare_original_official", "images": 12225, "planned": 22000, "candidates": 89584, "cache_bytes": 27903873269, "elapsed_s": 1208.1729544196278}
{"stage": "prepare_original_official", "images": 12250, "planned": 22000, "candidates": 89709, "cache_bytes": 28000421424, "elapsed_s": 1215.5330899935216}
{"stage": "prepare_original_official", "images": 12275, "planned": 22000, "candidates": 89936, "cache_bytes": 28100432693, "elapsed_s": 1223.1671747779474}
{"stage": "prepare_original_official", "images": 12300, "planned": 22000, "candidates": 90113, "cache_bytes": 28199622967, "elapsed_s": 1230.7334603862837}
{"stage": "prepare_original_official", "images": 12325, "planned": 22000, "candidates": 90324, "cache_bytes": 28300143880, "elapsed_s": 1238.4183105491102}
{"stage": "prepare_original_official", "images": 12350, "planned": 22000, "candidates": 90505, "cache_bytes": 28400020040, "elapsed_s": 1246.0051683792844}
{"stage": "prepare_original_official", "images": 12375, "planned": 22000, "candidates": 90728, "cache_bytes": 28498976002, "elapsed_s": 1253.6829774295911}
{"stage": "prepare_original_official", "images": 12400, "planned": 22000, "candidates": 90883, "cache_bytes": 28596305152, "elapsed_s": 1261.0646379245445}
{"stage": "prepare_original_official", "images": 12425, "planned": 22000, "candidates": 91010, "cache_bytes": 28691580511, "elapsed_s": 1268.2859848709777}
{"stage": "prepare_original_official", "images": 12450, "planned": 22000, "candidates": 91192, "cache_bytes": 28789985803, "elapsed_s": 1275.7650226736441}
{"stage": "prepare_original_official", "images": 12475, "planned": 22000, "candidates": 91359, "cache_bytes": 28887438029, "elapsed_s": 1283.205179256387}
{"stage": "prepare_original_official", "images": 12500, "planned": 22000, "candidates": 91573, "cache_bytes": 28986298878, "elapsed_s": 1290.8056435352191}
{"stage": "prepare_original_official", "images": 12525, "planned": 22000, "candidates": 91755, "cache_bytes": 29085028088, "elapsed_s": 1298.3442386696115}
{"stage": "prepare_original_official", "images": 12550, "planned": 22000, "candidates": 91904, "cache_bytes": 29182688222, "elapsed_s": 1305.8933939011768}
{"stage": "prepare_original_official", "images": 12575, "planned": 22000, "candidates": 92098, "cache_bytes": 29282389411, "elapsed_s": 1313.521108600311}
{"stage": "prepare_original_official", "images": 12600, "planned": 22000, "candidates": 92270, "cache_bytes": 29381184145, "elapsed_s": 1321.130145615898}
{"stage": "prepare_original_official", "images": 12625, "planned": 22000, "candidates": 92420, "cache_bytes": 29478356056, "elapsed_s": 1328.6538134953007}
{"stage": "prepare_original_official", "images": 12650, "planned": 22000, "candidates": 92599, "cache_bytes": 29577624745, "elapsed_s": 1336.2446219678968}
{"stage": "prepare_original_official", "images": 12675, "planned": 22000, "candidates": 92789, "cache_bytes": 29676586002, "elapsed_s": 1343.8185547469184}
{"stage": "prepare_original_official", "images": 12700, "planned": 22000, "candidates": 92955, "cache_bytes": 29774767720, "elapsed_s": 1351.3157031917945}
{"stage": "prepare_original_official", "images": 12725, "planned": 22000, "candidates": 93122, "cache_bytes": 29872570151, "elapsed_s": 1358.8353336360306}
{"stage": "prepare_original_official", "images": 12750, "planned": 22000, "candidates": 93263, "cache_bytes": 29970261886, "elapsed_s": 1366.3151801461354}
{"stage": "prepare_original_official", "images": 12775, "planned": 22000, "candidates": 93383, "cache_bytes": 30065717753, "elapsed_s": 1373.6863066637889}
{"stage": "prepare_original_official", "images": 12800, "planned": 22000, "candidates": 93559, "cache_bytes": 30162974841, "elapsed_s": 1381.1448329333216}
{"stage": "prepare_original_official", "images": 12825, "planned": 22000, "candidates": 93725, "cache_bytes": 30262545005, "elapsed_s": 1388.6614528931677}
{"stage": "prepare_original_official", "images": 12850, "planned": 22000, "candidates": 93899, "cache_bytes": 30360995231, "elapsed_s": 1396.1508158985525}
{"stage": "prepare_original_official", "images": 12875, "planned": 22000, "candidates": 94086, "cache_bytes": 30461107349, "elapsed_s": 1403.822451228276}
{"stage": "prepare_original_official", "images": 12900, "planned": 22000, "candidates": 94304, "cache_bytes": 30561218500, "elapsed_s": 1411.5809315713122}
{"stage": "prepare_original_official", "images": 12925, "planned": 22000, "candidates": 94494, "cache_bytes": 30659854184, "elapsed_s": 1419.1576884165406}
{"stage": "prepare_original_official", "images": 12950, "planned": 22000, "candidates": 94667, "cache_bytes": 30757946742, "elapsed_s": 1426.6831497242674}
{"stage": "prepare_original_official", "images": 12975, "planned": 22000, "candidates": 94800, "cache_bytes": 30855959786, "elapsed_s": 1434.134327167645}
{"stage": "prepare_original_official", "images": 13000, "planned": 22000, "candidates": 94978, "cache_bytes": 30954799586, "elapsed_s": 1441.650593470782}
{"stage": "prepare_original_official", "images": 13025, "planned": 22000, "candidates": 95096, "cache_bytes": 31052219672, "elapsed_s": 1449.0137979565188}
{"stage": "prepare_original_official", "images": 13050, "planned": 22000, "candidates": 95252, "cache_bytes": 31150231766, "elapsed_s": 1456.5110812745988}
{"stage": "prepare_original_official", "images": 13075, "planned": 22000, "candidates": 95446, "cache_bytes": 31248730874, "elapsed_s": 1464.0501344865188}
{"stage": "prepare_original_official", "images": 13100, "planned": 22000, "candidates": 95634, "cache_bytes": 31347751009, "elapsed_s": 1471.5866167610511}
{"stage": "prepare_original_official", "images": 13125, "planned": 22000, "candidates": 95749, "cache_bytes": 31443607066, "elapsed_s": 1478.9093173723668}
{"stage": "prepare_original_official", "images": 13150, "planned": 22000, "candidates": 95883, "cache_bytes": 31540016554, "elapsed_s": 1486.304917193018}
{"stage": "prepare_original_official", "images": 13175, "planned": 22000, "candidates": 96078, "cache_bytes": 31638089828, "elapsed_s": 1493.8023274205625}
{"stage": "prepare_original_official", "images": 13200, "planned": 22000, "candidates": 96328, "cache_bytes": 31738144930, "elapsed_s": 1501.5038598226383}
{"stage": "prepare_original_official", "images": 13225, "planned": 22000, "candidates": 96553, "cache_bytes": 31837697426, "elapsed_s": 1509.182729625143}
{"stage": "prepare_original_official", "images": 13250, "planned": 22000, "candidates": 96697, "cache_bytes": 31933596800, "elapsed_s": 1516.5552061870694}
{"stage": "prepare_original_official", "images": 13275, "planned": 22000, "candidates": 96873, "cache_bytes": 32031267476, "elapsed_s": 1524.1813025586307}
{"stage": "prepare_original_official", "images": 13300, "planned": 22000, "candidates": 97068, "cache_bytes": 32130542328, "elapsed_s": 1531.844093490392}
{"stage": "prepare_original_official", "images": 13325, "planned": 22000, "candidates": 97258, "cache_bytes": 32229664742, "elapsed_s": 1539.4241356411949}
{"stage": "prepare_original_official", "images": 13350, "planned": 22000, "candidates": 97490, "cache_bytes": 32329226206, "elapsed_s": 1547.0978747708723}
{"stage": "prepare_original_official", "images": 13375, "planned": 22000, "candidates": 97697, "cache_bytes": 32428858064, "elapsed_s": 1554.7688688719645}
{"stage": "prepare_original_official", "images": 13400, "planned": 22000, "candidates": 97880, "cache_bytes": 32527752081, "elapsed_s": 1562.4053362635896}
{"stage": "prepare_original_official", "images": 13425, "planned": 22000, "candidates": 98059, "cache_bytes": 32625654906, "elapsed_s": 1570.2198455957696}
{"stage": "prepare_original_official", "images": 13450, "planned": 22000, "candidates": 98267, "cache_bytes": 32725103467, "elapsed_s": 1577.84679038357}
{"stage": "prepare_original_official", "images": 13475, "planned": 22000, "candidates": 98380, "cache_bytes": 32820849707, "elapsed_s": 1585.1822429290041}
{"stage": "prepare_original_official", "images": 13500, "planned": 22000, "candidates": 98630, "cache_bytes": 32921236164, "elapsed_s": 1592.9405161496252}
{"stage": "prepare_original_official", "images": 13525, "planned": 22000, "candidates": 98806, "cache_bytes": 33018565217, "elapsed_s": 1600.4743645461276}
{"stage": "prepare_original_official", "images": 13550, "planned": 22000, "candidates": 98960, "cache_bytes": 33116986491, "elapsed_s": 1608.0892445715144}
{"stage": "prepare_original_official", "images": 13575, "planned": 22000, "candidates": 99132, "cache_bytes": 33215251837, "elapsed_s": 1615.8218689495698}
{"stage": "prepare_original_official", "images": 13600, "planned": 22000, "candidates": 99258, "cache_bytes": 33311502606, "elapsed_s": 1623.251157624647}
{"stage": "prepare_original_official", "images": 13625, "planned": 22000, "candidates": 99433, "cache_bytes": 33409482834, "elapsed_s": 1630.8496925085783}
{"stage": "prepare_original_official", "images": 13650, "planned": 22000, "candidates": 99677, "cache_bytes": 33509616313, "elapsed_s": 1638.6101481094956}
{"stage": "prepare_original_official", "images": 13675, "planned": 22000, "candidates": 99845, "cache_bytes": 33607333357, "elapsed_s": 1646.1062721377239}
{"stage": "prepare_original_official", "images": 13700, "planned": 22000, "candidates": 100057, "cache_bytes": 33706968038, "elapsed_s": 1653.7651874572039}
{"stage": "prepare_original_official", "images": 13725, "planned": 22000, "candidates": 100236, "cache_bytes": 33805801266, "elapsed_s": 1661.368687956594}
{"stage": "prepare_original_official", "images": 13750, "planned": 22000, "candidates": 100494, "cache_bytes": 33906965264, "elapsed_s": 1669.1685758121312}
{"stage": "prepare_original_official", "images": 13775, "planned": 22000, "candidates": 100635, "cache_bytes": 34005127530, "elapsed_s": 1676.677439564839}
{"stage": "prepare_original_official", "images": 13800, "planned": 22000, "candidates": 100799, "cache_bytes": 34103566524, "elapsed_s": 1684.2419497035444}
{"stage": "prepare_original_official", "images": 13825, "planned": 22000, "candidates": 101028, "cache_bytes": 34204293270, "elapsed_s": 1691.9882199950516}
{"stage": "prepare_original_official", "images": 13850, "planned": 22000, "candidates": 101165, "cache_bytes": 34300745598, "elapsed_s": 1699.4446863876656}
{"stage": "prepare_original_official", "images": 13875, "planned": 22000, "candidates": 101338, "cache_bytes": 34399135128, "elapsed_s": 1707.10747715272}
{"stage": "prepare_original_official", "images": 13900, "planned": 22000, "candidates": 101489, "cache_bytes": 34495274100, "elapsed_s": 1714.6166590927169}
{"stage": "prepare_original_official", "images": 13925, "planned": 22000, "candidates": 101679, "cache_bytes": 34594064427, "elapsed_s": 1722.279682226479}
{"stage": "prepare_original_official", "images": 13950, "planned": 22000, "candidates": 101870, "cache_bytes": 34692899735, "elapsed_s": 1729.987416682765}
{"stage": "prepare_original_official", "images": 13975, "planned": 22000, "candidates": 102050, "cache_bytes": 34791463434, "elapsed_s": 1737.6019738232717}
{"stage": "prepare_original_official", "images": 14000, "planned": 22000, "candidates": 102239, "cache_bytes": 34891097987, "elapsed_s": 1745.2762248013169}
{"stage": "prepare_original_official", "images": 14025, "planned": 22000, "candidates": 102408, "cache_bytes": 34989211027, "elapsed_s": 1752.8736561015248}
{"stage": "prepare_original_official", "images": 14050, "planned": 22000, "candidates": 102588, "cache_bytes": 35087415124, "elapsed_s": 1760.4633464366198}
{"stage": "prepare_original_official", "images": 14075, "planned": 22000, "candidates": 102802, "cache_bytes": 35186964290, "elapsed_s": 1768.121742513962}
{"stage": "prepare_original_official", "images": 14100, "planned": 22000, "candidates": 103053, "cache_bytes": 35286808330, "elapsed_s": 1775.878486088477}
{"stage": "prepare_original_official", "images": 14125, "planned": 22000, "candidates": 103227, "cache_bytes": 35385606667, "elapsed_s": 1783.4865885768086}
{"stage": "prepare_original_official", "images": 14150, "planned": 22000, "candidates": 103431, "cache_bytes": 35485603332, "elapsed_s": 1791.1807002620772}
{"stage": "prepare_original_official", "images": 14175, "planned": 22000, "candidates": 103523, "cache_bytes": 35580327569, "elapsed_s": 1798.527680343017}
{"stage": "prepare_original_official", "images": 14200, "planned": 22000, "candidates": 103651, "cache_bytes": 35676829171, "elapsed_s": 1805.9940805332735}
{"stage": "prepare_original_official", "images": 14225, "planned": 22000, "candidates": 103867, "cache_bytes": 35777007482, "elapsed_s": 1813.8696667840704}
{"stage": "prepare_original_official", "images": 14250, "planned": 22000, "candidates": 104047, "cache_bytes": 35876031605, "elapsed_s": 1821.5871027223766}
{"stage": "prepare_original_official", "images": 14275, "planned": 22000, "candidates": 104196, "cache_bytes": 35972916152, "elapsed_s": 1829.1615448780358}
{"stage": "prepare_original_official", "images": 14300, "planned": 22000, "candidates": 104354, "cache_bytes": 36070454426, "elapsed_s": 1836.7145016295835}
{"stage": "prepare_original_official", "images": 14325, "planned": 22000, "candidates": 104489, "cache_bytes": 36167519043, "elapsed_s": 1844.223296605982}
{"stage": "prepare_original_official", "images": 14350, "planned": 22000, "candidates": 104714, "cache_bytes": 36268728340, "elapsed_s": 1852.0631952146068}
{"stage": "prepare_original_official", "images": 14375, "planned": 22000, "candidates": 104897, "cache_bytes": 36366196776, "elapsed_s": 1859.6616345262155}
{"stage": "prepare_original_official", "images": 14400, "planned": 22000, "candidates": 105103, "cache_bytes": 36464553107, "elapsed_s": 1867.3317672880366}
{"stage": "prepare_original_official", "images": 14425, "planned": 22000, "candidates": 105248, "cache_bytes": 36561870081, "elapsed_s": 1874.8509694570675}
{"stage": "prepare_original_official", "images": 14450, "planned": 22000, "candidates": 105442, "cache_bytes": 36660733981, "elapsed_s": 1882.5247435662895}
{"stage": "prepare_original_official", "images": 14475, "planned": 22000, "candidates": 105661, "cache_bytes": 36760767450, "elapsed_s": 1890.31128510274}
{"stage": "prepare_original_official", "images": 14500, "planned": 22000, "candidates": 105832, "cache_bytes": 36859082852, "elapsed_s": 1897.9609409151599}
{"stage": "prepare_original_official", "images": 14525, "planned": 22000, "candidates": 106030, "cache_bytes": 36957776937, "elapsed_s": 1905.6812108242884}
{"stage": "prepare_original_official", "images": 14550, "planned": 22000, "candidates": 106259, "cache_bytes": 37057866376, "elapsed_s": 1913.5396361704916}
{"stage": "prepare_original_official", "images": 14575, "planned": 22000, "candidates": 106432, "cache_bytes": 37155881678, "elapsed_s": 1921.2510605510324}
{"stage": "prepare_original_official", "images": 14600, "planned": 22000, "candidates": 106614, "cache_bytes": 37254291597, "elapsed_s": 1928.9309510560706}
{"stage": "prepare_original_official", "images": 14625, "planned": 22000, "candidates": 106814, "cache_bytes": 37353012411, "elapsed_s": 1936.5690663103014}
{"stage": "prepare_original_official", "images": 14650, "planned": 22000, "candidates": 106998, "cache_bytes": 37451267826, "elapsed_s": 1944.1769087426364}
{"stage": "prepare_original_official", "images": 14675, "planned": 22000, "candidates": 107135, "cache_bytes": 37548529444, "elapsed_s": 1951.7237519240007}
{"stage": "prepare_original_official", "images": 14700, "planned": 22000, "candidates": 107310, "cache_bytes": 37648547903, "elapsed_s": 1959.3797852508724}
{"stage": "prepare_original_official", "images": 14725, "planned": 22000, "candidates": 107519, "cache_bytes": 37747952505, "elapsed_s": 1967.0968093574047}
{"stage": "prepare_original_official", "images": 14750, "planned": 22000, "candidates": 107692, "cache_bytes": 37845666862, "elapsed_s": 1974.6602187296376}
{"stage": "prepare_original_official", "images": 14775, "planned": 22000, "candidates": 107869, "cache_bytes": 37944376297, "elapsed_s": 1982.3154235500842}
{"stage": "prepare_original_official", "images": 14800, "planned": 22000, "candidates": 108049, "cache_bytes": 38043828199, "elapsed_s": 1989.975025150925}
{"stage": "prepare_original_official", "images": 14825, "planned": 22000, "candidates": 108181, "cache_bytes": 38140494737, "elapsed_s": 1997.4587858701125}
{"stage": "prepare_original_official", "images": 14850, "planned": 22000, "candidates": 108298, "cache_bytes": 38235600991, "elapsed_s": 2004.8914110753685}
{"stage": "prepare_original_official", "images": 14875, "planned": 22000, "candidates": 108557, "cache_bytes": 38336801806, "elapsed_s": 2012.7889707582071}
{"stage": "prepare_original_official", "images": 14900, "planned": 22000, "candidates": 108679, "cache_bytes": 38433097130, "elapsed_s": 2020.2800194136798}
{"stage": "prepare_original_official", "images": 14925, "planned": 22000, "candidates": 108860, "cache_bytes": 38531235028, "elapsed_s": 2027.9188328338787}
{"stage": "prepare_original_official", "images": 14950, "planned": 22000, "candidates": 109037, "cache_bytes": 38629711976, "elapsed_s": 2035.5249839928001}
{"stage": "prepare_original_official", "images": 14975, "planned": 22000, "candidates": 109257, "cache_bytes": 38729523856, "elapsed_s": 2043.2478510243818}
{"stage": "prepare_original_official", "images": 15000, "planned": 22000, "candidates": 109432, "cache_bytes": 38827519390, "elapsed_s": 2050.864626626484}
{"stage": "prepare_original_official", "images": 15025, "planned": 22000, "candidates": 109624, "cache_bytes": 38926999976, "elapsed_s": 2058.901046860032}
{"stage": "prepare_original_official", "images": 15050, "planned": 22000, "candidates": 109834, "cache_bytes": 39025863345, "elapsed_s": 2066.6513248495758}
{"stage": "prepare_original_official", "images": 15075, "planned": 22000, "candidates": 109958, "cache_bytes": 39122692725, "elapsed_s": 2074.1740284319967}
{"stage": "prepare_original_official", "images": 15100, "planned": 22000, "candidates": 110140, "cache_bytes": 39220336690, "elapsed_s": 2081.860143125057}
{"stage": "prepare_original_official", "images": 15125, "planned": 22000, "candidates": 110399, "cache_bytes": 39321875649, "elapsed_s": 2089.8438778705895}
{"stage": "prepare_original_official", "images": 15150, "planned": 22000, "candidates": 110581, "cache_bytes": 39419748371, "elapsed_s": 2097.583935881965}
{"stage": "prepare_original_official", "images": 15175, "planned": 22000, "candidates": 110825, "cache_bytes": 39521611704, "elapsed_s": 2105.5885112173855}
{"stage": "prepare_original_official", "images": 15200, "planned": 22000, "candidates": 110992, "cache_bytes": 39618696986, "elapsed_s": 2113.2726096035913}
{"stage": "prepare_original_official", "images": 15225, "planned": 22000, "candidates": 111166, "cache_bytes": 39715613994, "elapsed_s": 2120.9463986456394}
{"stage": "prepare_original_official", "images": 15250, "planned": 22000, "candidates": 111319, "cache_bytes": 39813421218, "elapsed_s": 2128.6716637201607}
{"stage": "prepare_original_official", "images": 15275, "planned": 22000, "candidates": 111529, "cache_bytes": 39913976184, "elapsed_s": 2136.5056226272136}
{"stage": "prepare_original_official", "images": 15300, "planned": 22000, "candidates": 111692, "cache_bytes": 40011622256, "elapsed_s": 2144.1612138012424}
{"stage": "prepare_original_official", "images": 15325, "planned": 22000, "candidates": 111917, "cache_bytes": 40112075979, "elapsed_s": 2152.088623696938}
{"stage": "prepare_original_official", "images": 15350, "planned": 22000, "candidates": 112122, "cache_bytes": 40212352731, "elapsed_s": 2159.911138370633}
{"stage": "prepare_original_official", "images": 15375, "planned": 22000, "candidates": 112222, "cache_bytes": 40307566475, "elapsed_s": 2167.3691196450964}
{"stage": "prepare_original_official", "images": 15400, "planned": 22000, "candidates": 112369, "cache_bytes": 40404144510, "elapsed_s": 2174.9335513673723}
{"stage": "prepare_original_official", "images": 15425, "planned": 22000, "candidates": 112485, "cache_bytes": 40499872897, "elapsed_s": 2182.417574217543}
{"stage": "prepare_original_official", "images": 15450, "planned": 22000, "candidates": 112623, "cache_bytes": 40596730160, "elapsed_s": 2190.0288090510294}
{"stage": "prepare_original_official", "images": 15475, "planned": 22000, "candidates": 112781, "cache_bytes": 40694679451, "elapsed_s": 2197.7191915083677}
{"stage": "prepare_original_official", "images": 15500, "planned": 22000, "candidates": 113013, "cache_bytes": 40793781005, "elapsed_s": 2205.72808488179}
