loading annotations into memory...
Done (t=9.51s)
creating index...
index created!
Fast image access ✅ (ping: 0.0±0.0 ms, read: 3978.9±1018.6 MB/s, size: 185.3 KB)
[KScanning /root/autodl-tmp/qcr_run/dataset/official_data_7741d373b832/labels/train2017.cache... 20000 images, 0 backgrounds, 0 corrupt: 100% ━━━━━━━━━━━━ 20000/20000 1.7Git/s 0.0s
{"stage": "prepare_original_official", "images": 25, "planned": 22000, "candidates": 225, "cache_bytes": 100276924, "elapsed_s": 51.66331778187305}
{"stage": "prepare_original_official", "images": 50, "planned": 22000, "candidates": 359, "cache_bytes": 197546745, "elapsed_s": 57.84529900550842}
{"stage": "prepare_original_official", "images": 75, "planned": 22000, "candidates": 535, "cache_bytes": 296393088, "elapsed_s": 64.14480910077691}
{"stage": "prepare_original_official", "images": 100, "planned": 22000, "candidates": 841, "cache_bytes": 398919789, "elapsed_s": 70.8754228996113}
{"stage": "prepare_original_official", "images": 125, "planned": 22000, "candidates": 1067, "cache_bytes": 498772853, "elapsed_s": 77.4187830556184}
{"stage": "prepare_original_official", "images": 150, "planned": 22000, "candidates": 1355, "cache_bytes": 599823138, "elapsed_s": 84.06337910238653}
{"stage": "prepare_original_official", "images": 175, "planned": 22000, "candidates": 1484, "cache_bytes": 696204030, "elapsed_s": 90.22792747803032}
{"stage": "prepare_original_official", "images": 200, "planned": 22000, "candidates": 1688, "cache_bytes": 796184829, "elapsed_s": 96.71179142780602}
{"stage": "prepare_original_official", "images": 225, "planned": 22000, "candidates": 1836, "cache_bytes": 892600866, "elapsed_s": 102.93362415023148}
{"stage": "prepare_original_official", "images": 250, "planned": 22000, "candidates": 2026, "cache_bytes": 992982567, "elapsed_s": 109.35413090698421}
{"stage": "prepare_original_official", "images": 275, "planned": 22000, "candidates": 2159, "cache_bytes": 1090645702, "elapsed_s": 115.581832787022}
{"stage": "prepare_original_official", "images": 300, "planned": 22000, "candidates": 2313, "cache_bytes": 1188174119, "elapsed_s": 121.83443441707641}
{"stage": "prepare_original_official", "images": 325, "planned": 22000, "candidates": 2469, "cache_bytes": 1286405529, "elapsed_s": 128.1369042545557}
{"stage": "prepare_original_official", "images": 350, "planned": 22000, "candidates": 2673, "cache_bytes": 1384177642, "elapsed_s": 134.4747699368745}
{"stage": "prepare_original_official", "images": 375, "planned": 22000, "candidates": 2821, "cache_bytes": 1481842914, "elapsed_s": 140.72064972482622}
{"stage": "prepare_original_official", "images": 400, "planned": 22000, "candidates": 3005, "cache_bytes": 1581163247, "elapsed_s": 147.10136839933693}
{"stage": "prepare_original_official", "images": 425, "planned": 22000, "candidates": 3163, "cache_bytes": 1677074601, "elapsed_s": 153.28857826348394}
{"stage": "prepare_original_official", "images": 450, "planned": 22000, "candidates": 3342, "cache_bytes": 1775670157, "elapsed_s": 159.63894103001803}
{"stage": "prepare_original_official", "images": 475, "planned": 22000, "candidates": 3545, "cache_bytes": 1875912066, "elapsed_s": 166.0964414421469}
{"stage": "prepare_original_official", "images": 500, "planned": 22000, "candidates": 3729, "cache_bytes": 1974980356, "elapsed_s": 172.52947871945798}
{"stage": "prepare_original_official", "images": 525, "planned": 22000, "candidates": 3897, "cache_bytes": 2072760547, "elapsed_s": 178.91519213281572}
{"stage": "prepare_original_official", "images": 550, "planned": 22000, "candidates": 4049, "cache_bytes": 2170151602, "elapsed_s": 185.25322524365038}
{"stage": "prepare_original_official", "images": 575, "planned": 22000, "candidates": 4227, "cache_bytes": 2268261338, "elapsed_s": 191.64779905136675}
{"stage": "prepare_original_official", "images": 600, "planned": 22000, "candidates": 4371, "cache_bytes": 2365532324, "elapsed_s": 197.98390627466142}
{"stage": "prepare_original_official", "images": 625, "planned": 22000, "candidates": 4504, "cache_bytes": 2462654596, "elapsed_s": 204.31405595783144}
{"stage": "prepare_original_official", "images": 650, "planned": 22000, "candidates": 4738, "cache_bytes": 2563855529, "elapsed_s": 210.90586641058326}
{"stage": "prepare_original_official", "images": 675, "planned": 22000, "candidates": 4991, "cache_bytes": 2664427843, "elapsed_s": 217.49563488643616}
{"stage": "prepare_original_official", "images": 700, "planned": 22000, "candidates": 5151, "cache_bytes": 2762138292, "elapsed_s": 223.8141074590385}
{"stage": "prepare_original_official", "images": 725, "planned": 22000, "candidates": 5345, "cache_bytes": 2861731309, "elapsed_s": 230.26504250988364}
{"stage": "prepare_original_official", "images": 750, "planned": 22000, "candidates": 5517, "cache_bytes": 2960260508, "elapsed_s": 236.64397870469838}
{"stage": "prepare_original_official", "images": 775, "planned": 22000, "candidates": 5666, "cache_bytes": 3056751885, "elapsed_s": 242.90383325796574}
{"stage": "prepare_original_official", "images": 800, "planned": 22000, "candidates": 5804, "cache_bytes": 3153821172, "elapsed_s": 249.224084706977}
{"stage": "prepare_original_official", "images": 825, "planned": 22000, "candidates": 6012, "cache_bytes": 3253152385, "elapsed_s": 255.73329626210034}
{"stage": "prepare_original_official", "images": 850, "planned": 22000, "candidates": 6192, "cache_bytes": 3350094102, "elapsed_s": 262.0455597899854}
{"stage": "prepare_original_official", "images": 875, "planned": 22000, "candidates": 6368, "cache_bytes": 3448805412, "elapsed_s": 268.4310910673812}
{"stage": "prepare_original_official", "images": 900, "planned": 22000, "candidates": 6528, "cache_bytes": 3546314138, "elapsed_s": 274.7587164454162}
{"stage": "prepare_original_official", "images": 925, "planned": 22000, "candidates": 6681, "cache_bytes": 3644180956, "elapsed_s": 281.20317125692964}
{"stage": "prepare_original_official", "images": 950, "planned": 22000, "candidates": 6873, "cache_bytes": 3742674744, "elapsed_s": 287.6630621701479}
{"stage": "prepare_original_official", "images": 975, "planned": 22000, "candidates": 7033, "cache_bytes": 3840216466, "elapsed_s": 294.0566065758467}
{"stage": "prepare_original_official", "images": 1000, "planned": 22000, "candidates": 7196, "cache_bytes": 3938680131, "elapsed_s": 300.5149548947811}
{"stage": "prepare_original_official", "images": 1025, "planned": 22000, "candidates": 7420, "cache_bytes": 4038990714, "elapsed_s": 307.12951222714037}
{"stage": "prepare_original_official", "images": 1050, "planned": 22000, "candidates": 7543, "cache_bytes": 4135534905, "elapsed_s": 313.38531272206455}
{"stage": "prepare_original_official", "images": 1075, "planned": 22000, "candidates": 7743, "cache_bytes": 4235777212, "elapsed_s": 319.88656544405967}
{"stage": "prepare_original_official", "images": 1100, "planned": 22000, "candidates": 7953, "cache_bytes": 4336031670, "elapsed_s": 326.4226146833971}
{"stage": "prepare_original_official", "images": 1125, "planned": 22000, "candidates": 8108, "cache_bytes": 4432803590, "elapsed_s": 332.7492107823491}
{"stage": "prepare_original_official", "images": 1150, "planned": 22000, "candidates": 8396, "cache_bytes": 4535462797, "elapsed_s": 339.5058254469186}
{"stage": "prepare_original_official", "images": 1175, "planned": 22000, "candidates": 8626, "cache_bytes": 4635099259, "elapsed_s": 346.0440635420382}
{"stage": "prepare_original_official", "images": 1200, "planned": 22000, "candidates": 8830, "cache_bytes": 4734470210, "elapsed_s": 352.53531012218446}
{"stage": "prepare_original_official", "images": 1225, "planned": 22000, "candidates": 9053, "cache_bytes": 4833206085, "elapsed_s": 359.02596877515316}
{"stage": "prepare_original_official", "images": 1250, "planned": 22000, "candidates": 9302, "cache_bytes": 4934130710, "elapsed_s": 365.68760437052697}
{"stage": "prepare_original_official", "images": 1275, "planned": 22000, "candidates": 9526, "cache_bytes": 5034801660, "elapsed_s": 372.2712998725474}
{"stage": "prepare_original_official", "images": 1300, "planned": 22000, "candidates": 9663, "cache_bytes": 5131590696, "elapsed_s": 378.5787114724517}
{"stage": "prepare_original_official", "images": 1325, "planned": 22000, "candidates": 9874, "cache_bytes": 5230340143, "elapsed_s": 385.1218224670738}
{"stage": "prepare_original_official", "images": 1350, "planned": 22000, "candidates": 10108, "cache_bytes": 5330956418, "elapsed_s": 391.77578690089285}
{"stage": "prepare_original_official", "images": 1375, "planned": 22000, "candidates": 10252, "cache_bytes": 5428348784, "elapsed_s": 398.14484082721174}
{"stage": "prepare_original_official", "images": 1400, "planned": 22000, "candidates": 10502, "cache_bytes": 5528864981, "elapsed_s": 404.907228467986}
{"stage": "prepare_original_official", "images": 1425, "planned": 22000, "candidates": 10609, "cache_bytes": 5624647248, "elapsed_s": 411.1487658722326}
{"stage": "prepare_original_official", "images": 1450, "planned": 22000, "candidates": 10787, "cache_bytes": 5722320976, "elapsed_s": 417.524709043093}
{"stage": "prepare_original_official", "images": 1475, "planned": 22000, "candidates": 10978, "cache_bytes": 5821324993, "elapsed_s": 424.01721323560923}
{"stage": "prepare_original_official", "images": 1500, "planned": 22000, "candidates": 11115, "cache_bytes": 5918059051, "elapsed_s": 430.3082136986777}
{"stage": "prepare_original_official", "images": 1525, "planned": 22000, "candidates": 11273, "cache_bytes": 6015848015, "elapsed_s": 436.69204809796065}
{"stage": "prepare_original_official", "images": 1550, "planned": 22000, "candidates": 11408, "cache_bytes": 6113121182, "elapsed_s": 443.03954471554607}
{"stage": "prepare_original_official", "images": 1575, "planned": 22000, "candidates": 11520, "cache_bytes": 6209424257, "elapsed_s": 449.2626843219623}
{"stage": "prepare_original_official", "images": 1600, "planned": 22000, "candidates": 11664, "cache_bytes": 6307699249, "elapsed_s": 455.63231817353517}
{"stage": "prepare_original_official", "images": 1625, "planned": 22000, "candidates": 11883, "cache_bytes": 6407651117, "elapsed_s": 462.2226003538817}
{"stage": "prepare_original_official", "images": 1650, "planned": 22000, "candidates": 12153, "cache_bytes": 6508460852, "elapsed_s": 468.90609193407}
{"stage": "prepare_original_official", "images": 1675, "planned": 22000, "candidates": 12299, "cache_bytes": 6604652960, "elapsed_s": 475.1933254227042}
{"stage": "prepare_original_official", "images": 1700, "planned": 22000, "candidates": 12445, "cache_bytes": 6701392100, "elapsed_s": 481.5441851085052}
{"stage": "prepare_original_official", "images": 1725, "planned": 22000, "candidates": 12657, "cache_bytes": 6800482123, "elapsed_s": 488.19855655077845}
{"stage": "prepare_original_official", "images": 1750, "planned": 22000, "candidates": 12815, "cache_bytes": 6897991923, "elapsed_s": 494.63063949905336}
{"stage": "prepare_original_official", "images": 1775, "planned": 22000, "candidates": 13033, "cache_bytes": 6998052153, "elapsed_s": 501.3232179777697}
{"stage": "prepare_original_official", "images": 1800, "planned": 22000, "candidates": 13285, "cache_bytes": 7098613999, "elapsed_s": 508.0525233345106}
{"stage": "prepare_original_official", "images": 1825, "planned": 22000, "candidates": 13458, "cache_bytes": 7195683186, "elapsed_s": 514.4637287622318}
{"stage": "prepare_original_official", "images": 1850, "planned": 22000, "candidates": 13642, "cache_bytes": 7294245163, "elapsed_s": 520.9342251410708}
{"stage": "prepare_original_official", "images": 1875, "planned": 22000, "candidates": 13847, "cache_bytes": 7394078377, "elapsed_s": 527.5477388985455}
{"stage": "prepare_original_official", "images": 1900, "planned": 22000, "candidates": 14089, "cache_bytes": 7495239018, "elapsed_s": 534.220173927024}
{"stage": "prepare_original_official", "images": 1925, "planned": 22000, "candidates": 14254, "cache_bytes": 7593519599, "elapsed_s": 540.6848892653361}
{"stage": "prepare_original_official", "images": 1950, "planned": 22000, "candidates": 14427, "cache_bytes": 7692111141, "elapsed_s": 547.1825213711709}
{"stage": "prepare_original_official", "images": 1975, "planned": 22000, "candidates": 14573, "cache_bytes": 7789073603, "elapsed_s": 553.5712708542123}
{"stage": "prepare_original_official", "images": 2000, "planned": 22000, "candidates": 14786, "cache_bytes": 7888697802, "elapsed_s": 560.1499467650428}
{"stage": "prepare_original_official", "images": 2025, "planned": 22000, "candidates": 14948, "cache_bytes": 7987119968, "elapsed_s": 566.6056589810178}
{"stage": "prepare_original_official", "images": 2050, "planned": 22000, "candidates": 15143, "cache_bytes": 8085914131, "elapsed_s": 573.1069731749594}
{"stage": "prepare_original_official", "images": 2075, "planned": 22000, "candidates": 15299, "cache_bytes": 8182146154, "elapsed_s": 579.443444759585}
{"stage": "prepare_original_official", "images": 2100, "planned": 22000, "candidates": 15495, "cache_bytes": 8281117159, "elapsed_s": 586.0089358435944}
{"stage": "prepare_original_official", "images": 2125, "planned": 22000, "candidates": 15670, "cache_bytes": 8379717607, "elapsed_s": 592.5183883188292}
{"stage": "prepare_original_official", "images": 2150, "planned": 22000, "candidates": 15880, "cache_bytes": 8478805589, "elapsed_s": 599.1013149125502}
{"stage": "prepare_original_official", "images": 2175, "planned": 22000, "candidates": 16077, "cache_bytes": 8578647080, "elapsed_s": 605.7313701240346}
{"stage": "prepare_original_official", "images": 2200, "planned": 22000, "candidates": 16225, "cache_bytes": 8676979415, "elapsed_s": 612.2172079719603}
{"stage": "prepare_original_official", "images": 2225, "planned": 22000, "candidates": 16389, "cache_bytes": 8775116307, "elapsed_s": 618.6811577044427}
{"stage": "prepare_original_official", "images": 2250, "planned": 22000, "candidates": 16595, "cache_bytes": 8874347924, "elapsed_s": 625.2412890968844}
{"stage": "prepare_original_official", "images": 2275, "planned": 22000, "candidates": 16770, "cache_bytes": 8973607756, "elapsed_s": 631.7877432778478}
{"stage": "prepare_original_official", "images": 2300, "planned": 22000, "candidates": 16975, "cache_bytes": 9073738573, "elapsed_s": 638.3839561278}
{"stage": "prepare_original_official", "images": 2325, "planned": 22000, "candidates": 17268, "cache_bytes": 9175827842, "elapsed_s": 645.1815252248198}
{"stage": "prepare_original_official", "images": 2350, "planned": 22000, "candidates": 17438, "cache_bytes": 9273920601, "elapsed_s": 651.6108136624098}
{"stage": "prepare_original_official", "images": 2375, "planned": 22000, "candidates": 17602, "cache_bytes": 9371332022, "elapsed_s": 658.0268178498372}
{"stage": "prepare_original_official", "images": 2400, "planned": 22000, "candidates": 17753, "cache_bytes": 9467808002, "elapsed_s": 664.3840919025242}
{"stage": "prepare_original_official", "images": 2425, "planned": 22000, "candidates": 17882, "cache_bytes": 9563629262, "elapsed_s": 670.6838274393231}
{"stage": "prepare_original_official", "images": 2450, "planned": 22000, "candidates": 18049, "cache_bytes": 9661047255, "elapsed_s": 677.1253361171111}
{"stage": "prepare_original_official", "images": 2475, "planned": 22000, "candidates": 18189, "cache_bytes": 9757548614, "elapsed_s": 683.5211519757286}
{"stage": "prepare_original_official", "images": 2500, "planned": 22000, "candidates": 18336, "cache_bytes": 9854402394, "elapsed_s": 689.9309589313343}
{"stage": "prepare_original_official", "images": 2525, "planned": 22000, "candidates": 18478, "cache_bytes": 9949910218, "elapsed_s": 696.2755458699539}
{"stage": "prepare_original_official", "images": 2550, "planned": 22000, "candidates": 18661, "cache_bytes": 10049044092, "elapsed_s": 702.8549694260582}
{"stage": "prepare_original_official", "images": 2575, "planned": 22000, "candidates": 18832, "cache_bytes": 10146119779, "elapsed_s": 709.3310355339199}
{"stage": "prepare_original_official", "images": 2600, "planned": 22000, "candidates": 18992, "cache_bytes": 10243932873, "elapsed_s": 715.8411012338474}
{"stage": "prepare_original_official", "images": 2625, "planned": 22000, "candidates": 19163, "cache_bytes": 10340326490, "elapsed_s": 722.290791194886}
{"stage": "prepare_original_official", "images": 2650, "planned": 22000, "candidates": 19358, "cache_bytes": 10438658697, "elapsed_s": 728.8145702360198}
{"stage": "prepare_original_official", "images": 2675, "planned": 22000, "candidates": 19540, "cache_bytes": 10537027174, "elapsed_s": 735.3318828865886}
{"stage": "prepare_original_official", "images": 2700, "planned": 22000, "candidates": 19652, "cache_bytes": 10632040822, "elapsed_s": 741.5838748719543}
{"stage": "prepare_original_official", "images": 2725, "planned": 22000, "candidates": 19836, "cache_bytes": 10730437526, "elapsed_s": 748.1484848000109}
{"stage": "prepare_original_official", "images": 2750, "planned": 22000, "candidates": 20013, "cache_bytes": 10828851880, "elapsed_s": 754.6416188888252}
{"stage": "prepare_original_official", "images": 2775, "planned": 22000, "candidates": 20236, "cache_bytes": 10928765170, "elapsed_s": 761.3378745587543}
{"stage": "prepare_original_official", "images": 2800, "planned": 22000, "candidates": 20442, "cache_bytes": 11028102835, "elapsed_s": 767.9260255945846}
{"stage": "prepare_original_official", "images": 2825, "planned": 22000, "candidates": 20586, "cache_bytes": 11124444505, "elapsed_s": 774.3017269028351}
{"stage": "prepare_original_official", "images": 2850, "planned": 22000, "candidates": 20770, "cache_bytes": 11223210363, "elapsed_s": 780.8416170012206}
{"stage": "prepare_original_official", "images": 2875, "planned": 22000, "candidates": 20893, "cache_bytes": 11318754392, "elapsed_s": 787.1986371511593}
{"stage": "prepare_original_official", "images": 2900, "planned": 22000, "candidates": 21065, "cache_bytes": 11416826638, "elapsed_s": 793.7689471486956}
{"stage": "prepare_original_official", "images": 2925, "planned": 22000, "candidates": 21196, "cache_bytes": 11512407308, "elapsed_s": 800.1759179448709}
{"stage": "prepare_original_official", "images": 2950, "planned": 22000, "candidates": 21365, "cache_bytes": 11610826403, "elapsed_s": 806.7188816424459}
{"stage": "prepare_original_official", "images": 2975, "planned": 22000, "candidates": 21558, "cache_bytes": 11709204859, "elapsed_s": 813.3239647541195}
{"stage": "prepare_original_official", "images": 3000, "planned": 22000, "candidates": 21664, "cache_bytes": 11805510075, "elapsed_s": 819.704038342461}
{"stage": "prepare_original_official", "images": 3025, "planned": 22000, "candidates": 21875, "cache_bytes": 11904945603, "elapsed_s": 826.4117555348203}
{"stage": "prepare_original_official", "images": 3050, "planned": 22000, "candidates": 22032, "cache_bytes": 12002914347, "elapsed_s": 832.9390147933736}
{"stage": "prepare_original_official", "images": 3075, "planned": 22000, "candidates": 22218, "cache_bytes": 12101356709, "elapsed_s": 839.5085351513699}
{"stage": "prepare_original_official", "images": 3100, "planned": 22000, "candidates": 22391, "cache_bytes": 12199021741, "elapsed_s": 846.0592368859798}
{"stage": "prepare_original_official", "images": 3125, "planned": 22000, "candidates": 22569, "cache_bytes": 12297434680, "elapsed_s": 852.6738016279414}
{"stage": "prepare_original_official", "images": 3150, "planned": 22000, "candidates": 22692, "cache_bytes": 12393298689, "elapsed_s": 859.0350272925571}
{"stage": "prepare_original_official", "images": 3175, "planned": 22000, "candidates": 22810, "cache_bytes": 12489819325, "elapsed_s": 865.4152476890013}
{"stage": "prepare_original_official", "images": 3200, "planned": 22000, "candidates": 22998, "cache_bytes": 12588575992, "elapsed_s": 872.0743351569399}
{"stage": "prepare_original_official", "images": 3225, "planned": 22000, "candidates": 23163, "cache_bytes": 12686013932, "elapsed_s": 878.5917073749006}
{"stage": "prepare_original_official", "images": 3250, "planned": 22000, "candidates": 23376, "cache_bytes": 12785243325, "elapsed_s": 885.2799383904785}
{"stage": "prepare_original_official", "images": 3275, "planned": 22000, "candidates": 23528, "cache_bytes": 12882797288, "elapsed_s": 891.8250204883516}
{"stage": "prepare_original_official", "images": 3300, "planned": 22000, "candidates": 23674, "cache_bytes": 12979562769, "elapsed_s": 898.3404191387817}
{"stage": "prepare_original_official", "images": 3325, "planned": 22000, "candidates": 23887, "cache_bytes": 13079610679, "elapsed_s": 905.1226058267057}
{"stage": "prepare_original_official", "images": 3350, "planned": 22000, "candidates": 24068, "cache_bytes": 13178686319, "elapsed_s": 911.8024941310287}
{"stage": "prepare_original_official", "images": 3375, "planned": 22000, "candidates": 24267, "cache_bytes": 13278233686, "elapsed_s": 918.4603740265593}
{"stage": "prepare_original_official", "images": 3400, "planned": 22000, "candidates": 24432, "cache_bytes": 13376842915, "elapsed_s": 925.0308794295415}
{"stage": "prepare_original_official", "images": 3425, "planned": 22000, "candidates": 24613, "cache_bytes": 13474985812, "elapsed_s": 931.5707784537226}
{"stage": "prepare_original_official", "images": 3450, "planned": 22000, "candidates": 24793, "cache_bytes": 13573145196, "elapsed_s": 938.1393838813528}
{"stage": "prepare_original_official", "images": 3475, "planned": 22000, "candidates": 24930, "cache_bytes": 13670045113, "elapsed_s": 944.5831909906119}
{"stage": "prepare_original_official", "images": 3500, "planned": 22000, "candidates": 25115, "cache_bytes": 13769095364, "elapsed_s": 951.1971477409825}
{"stage": "prepare_original_official", "images": 3525, "planned": 22000, "candidates": 25293, "cache_bytes": 13866059532, "elapsed_s": 957.7040018681437}
{"stage": "prepare_original_official", "images": 3550, "planned": 22000, "candidates": 25517, "cache_bytes": 13965771922, "elapsed_s": 964.4338170373812}
{"stage": "prepare_original_official", "images": 3575, "planned": 22000, "candidates": 25708, "cache_bytes": 14064672489, "elapsed_s": 971.0976711343974}
{"stage": "prepare_original_official", "images": 3600, "planned": 22000, "candidates": 25899, "cache_bytes": 14162672661, "elapsed_s": 977.7061416991055}
{"stage": "prepare_original_official", "images": 3625, "planned": 22000, "candidates": 26081, "cache_bytes": 14260870228, "elapsed_s": 984.2772519569844}
{"stage": "prepare_original_official", "images": 3650, "planned": 22000, "candidates": 26281, "cache_bytes": 14359899465, "elapsed_s": 990.9745875541121}
{"stage": "prepare_original_official", "images": 3675, "planned": 22000, "candidates": 26568, "cache_bytes": 14463097598, "elapsed_s": 997.9958567908034}
{"stage": "prepare_original_official", "images": 3700, "planned": 22000, "candidates": 26796, "cache_bytes": 14563229202, "elapsed_s": 1004.7887889621779}
{"stage": "prepare_original_official", "images": 3725, "planned": 22000, "candidates": 26946, "cache_bytes": 14660516563, "elapsed_s": 1011.3409876851365}
{"stage": "prepare_original_official", "images": 3750, "planned": 22000, "candidates": 27133, "cache_bytes": 14757940626, "elapsed_s": 1017.9584532668814}
{"stage": "prepare_original_official", "images": 3775, "planned": 22000, "candidates": 27302, "cache_bytes": 14857075534, "elapsed_s": 1024.6265946114436}
{"stage": "prepare_original_official", "images": 3800, "planned": 22000, "candidates": 27501, "cache_bytes": 14955836273, "elapsed_s": 1031.287246751599}
{"stage": "prepare_original_official", "images": 3825, "planned": 22000, "candidates": 27720, "cache_bytes": 15056236989, "elapsed_s": 1038.05991806183}
{"stage": "prepare_original_official", "images": 3850, "planned": 22000, "candidates": 27888, "cache_bytes": 15154888398, "elapsed_s": 1044.6671796469018}
{"stage": "prepare_original_official", "images": 3875, "planned": 22000, "candidates": 28015, "cache_bytes": 15251386636, "elapsed_s": 1051.1073643406853}
{"stage": "prepare_original_official", "images": 3900, "planned": 22000, "candidates": 28245, "cache_bytes": 15351914353, "elapsed_s": 1057.906864167191}
{"stage": "prepare_original_official", "images": 3925, "planned": 22000, "candidates": 28398, "cache_bytes": 15448995831, "elapsed_s": 1064.4280856903642}
{"stage": "prepare_original_official", "images": 3950, "planned": 22000, "candidates": 28628, "cache_bytes": 15549227657, "elapsed_s": 1071.226562029682}
{"stage": "prepare_original_official", "images": 3975, "planned": 22000, "candidates": 28845, "cache_bytes": 15649050782, "elapsed_s": 1078.0046303877607}
{"stage": "prepare_original_official", "images": 4000, "planned": 22000, "candidates": 29047, "cache_bytes": 15749250778, "elapsed_s": 1084.8400847297162}
{"stage": "prepare_original_official", "images": 4025, "planned": 22000, "candidates": 29171, "cache_bytes": 15846914630, "elapsed_s": 1091.420427761972}
{"stage": "prepare_original_official", "images": 4050, "planned": 22000, "candidates": 29364, "cache_bytes": 15945590026, "elapsed_s": 1098.254640842788}
{"stage": "prepare_original_official", "images": 4075, "planned": 22000, "candidates": 29518, "cache_bytes": 16042767056, "elapsed_s": 1104.9567837351933}
{"stage": "prepare_original_official", "images": 4100, "planned": 22000, "candidates": 29702, "cache_bytes": 16142075731, "elapsed_s": 1111.854338585399}
{"stage": "prepare_original_official", "images": 4125, "planned": 22000, "candidates": 29947, "cache_bytes": 16243131158, "elapsed_s": 1118.8642042111605}
{"stage": "prepare_original_official", "images": 4150, "planned": 22000, "candidates": 30126, "cache_bytes": 16341288696, "elapsed_s": 1125.6568677425385}
{"stage": "prepare_original_official", "images": 4175, "planned": 22000, "candidates": 30324, "cache_bytes": 16441284776, "elapsed_s": 1132.4742310270667}
{"stage": "prepare_original_official", "images": 4200, "planned": 22000, "candidates": 30507, "cache_bytes": 16539747257, "elapsed_s": 1139.1770941969007}
{"stage": "prepare_original_official", "images": 4225, "planned": 22000, "candidates": 30760, "cache_bytes": 16641200644, "elapsed_s": 1146.1286451574415}
{"stage": "prepare_original_official", "images": 4250, "planned": 22000, "candidates": 30919, "cache_bytes": 16737937660, "elapsed_s": 1152.7100401455536}
{"stage": "prepare_original_official", "images": 4275, "planned": 22000, "candidates": 31143, "cache_bytes": 16837574403, "elapsed_s": 1159.543477827683}
{"stage": "prepare_original_official", "images": 4300, "planned": 22000, "candidates": 31345, "cache_bytes": 16936556153, "elapsed_s": 1166.3372458638623}
{"stage": "prepare_original_official", "images": 4325, "planned": 22000, "candidates": 31510, "cache_bytes": 17034021987, "elapsed_s": 1173.1085864687338}
{"stage": "prepare_original_official", "images": 4350, "planned": 22000, "candidates": 31700, "cache_bytes": 17132708822, "elapsed_s": 1179.9059906369075}
{"stage": "prepare_original_official", "images": 4375, "planned": 22000, "candidates": 31934, "cache_bytes": 17233118352, "elapsed_s": 1186.8333987919614}
{"stage": "prepare_original_official", "images": 4400, "planned": 22000, "candidates": 32121, "cache_bytes": 17332165173, "elapsed_s": 1193.6048956466839}
{"stage": "prepare_original_official", "images": 4425, "planned": 22000, "candidates": 32281, "cache_bytes": 17429724232, "elapsed_s": 1200.272322443314}
{"stage": "prepare_original_official", "images": 4450, "planned": 22000, "candidates": 32513, "cache_bytes": 17530437984, "elapsed_s": 1207.4245809279382}
{"stage": "prepare_original_official", "images": 4475, "planned": 22000, "candidates": 32692, "cache_bytes": 17628814856, "elapsed_s": 1214.453328997828}
{"stage": "prepare_original_official", "images": 4500, "planned": 22000, "candidates": 32879, "cache_bytes": 17727911609, "elapsed_s": 1221.5502052549273}
{"stage": "prepare_original_official", "images": 4525, "planned": 22000, "candidates": 33082, "cache_bytes": 17826845724, "elapsed_s": 1228.6526381159201}
{"stage": "prepare_original_official", "images": 4550, "planned": 22000, "candidates": 33209, "cache_bytes": 17923653175, "elapsed_s": 1235.2475761901587}
{"stage": "prepare_original_official", "images": 4575, "planned": 22000, "candidates": 33381, "cache_bytes": 18022499379, "elapsed_s": 1242.0134087754413}
{"stage": "prepare_original_official", "images": 4600, "planned": 22000, "candidates": 33509, "cache_bytes": 18118878160, "elapsed_s": 1248.6070513557643}
{"stage": "prepare_original_official", "images": 4625, "planned": 22000, "candidates": 33738, "cache_bytes": 18217999545, "elapsed_s": 1255.43092474062}
{"stage": "prepare_original_official", "images": 4650, "planned": 22000, "candidates": 33910, "cache_bytes": 18315927520, "elapsed_s": 1262.1108486056328}
{"stage": "prepare_original_official", "images": 4675, "planned": 22000, "candidates": 34098, "cache_bytes": 18415883209, "elapsed_s": 1268.9262654753402}
{"stage": "prepare_original_official", "images": 4700, "planned": 22000, "candidates": 34340, "cache_bytes": 18516614049, "elapsed_s": 1275.8980139307678}
{"stage": "prepare_original_official", "images": 4725, "planned": 22000, "candidates": 34465, "cache_bytes": 18612984396, "elapsed_s": 1282.5694734798744}
{"stage": "prepare_original_official", "images": 4750, "planned": 22000, "candidates": 34691, "cache_bytes": 18713133335, "elapsed_s": 1289.468364472501}
{"stage": "prepare_original_official", "images": 4775, "planned": 22000, "candidates": 34870, "cache_bytes": 18811477670, "elapsed_s": 1296.2823685714975}
{"stage": "prepare_original_official", "images": 4800, "planned": 22000, "candidates": 35061, "cache_bytes": 18910109526, "elapsed_s": 1303.1082621067762}
{"stage": "prepare_original_official", "images": 4825, "planned": 22000, "candidates": 35230, "cache_bytes": 19008254916, "elapsed_s": 1309.8997872751206}
{"stage": "prepare_original_official", "images": 4850, "planned": 22000, "candidates": 35434, "cache_bytes": 19107472633, "elapsed_s": 1316.7842678073794}
{"stage": "prepare_original_official", "images": 4875, "planned": 22000, "candidates": 35675, "cache_bytes": 19207993053, "elapsed_s": 1323.769029436633}
{"stage": "prepare_original_official", "images": 4900, "planned": 22000, "candidates": 35894, "cache_bytes": 19307678652, "elapsed_s": 1330.6864903010428}
{"stage": "prepare_original_official", "images": 4925, "planned": 22000, "candidates": 36103, "cache_bytes": 19406671470, "elapsed_s": 1337.5369310686365}
{"stage": "prepare_original_official", "images": 4950, "planned": 22000, "candidates": 36246, "cache_bytes": 19503325877, "elapsed_s": 1344.1571601284668}
{"stage": "prepare_original_official", "images": 4975, "planned": 22000, "candidates": 36467, "cache_bytes": 19603393586, "elapsed_s": 1351.0663502933457}
{"stage": "prepare_original_official", "images": 5000, "planned": 22000, "candidates": 36581, "cache_bytes": 19700016052, "elapsed_s": 1357.669069047086}
{"stage": "prepare_original_official", "images": 5025, "planned": 22000, "candidates": 36743, "cache_bytes": 19797198389, "elapsed_s": 1364.332091129385}
{"stage": "prepare_original_official", "images": 5050, "planned": 22000, "candidates": 36953, "cache_bytes": 19896852225, "elapsed_s": 1371.2188996979967}
{"stage": "prepare_original_official", "images": 5075, "planned": 22000, "candidates": 37118, "cache_bytes": 19993416455, "elapsed_s": 1377.8760626586154}
{"stage": "prepare_original_official", "images": 5100, "planned": 22000, "candidates": 37294, "cache_bytes": 20090748932, "elapsed_s": 1384.635472822003}
{"stage": "prepare_original_official", "images": 5125, "planned": 22000, "candidates": 37492, "cache_bytes": 20189848244, "elapsed_s": 1391.4965984830633}
{"stage": "prepare_original_official", "images": 5150, "planned": 22000, "candidates": 37691, "cache_bytes": 20289736259, "elapsed_s": 1398.3908930728212}
{"stage": "prepare_original_official", "images": 5175, "planned": 22000, "candidates": 37922, "cache_bytes": 20389526017, "elapsed_s": 1405.4143548915163}
{"stage": "prepare_original_official", "images": 5200, "planned": 22000, "candidates": 38083, "cache_bytes": 20487777737, "elapsed_s": 1412.2693227650598}
{"stage": "prepare_original_official", "images": 5225, "planned": 22000, "candidates": 38203, "cache_bytes": 20584393580, "elapsed_s": 1418.962992691435}
{"stage": "prepare_original_official", "images": 5250, "planned": 22000, "candidates": 38357, "cache_bytes": 20681808436, "elapsed_s": 1425.7547203283757}
{"stage": "prepare_original_official", "images": 5275, "planned": 22000, "candidates": 38539, "cache_bytes": 20779949955, "elapsed_s": 1432.5732783554122}
{"stage": "prepare_original_official", "images": 5300, "planned": 22000, "candidates": 38708, "cache_bytes": 20877504940, "elapsed_s": 1439.3491375921294}
{"stage": "prepare_original_official", "images": 5325, "planned": 22000, "candidates": 38856, "cache_bytes": 20974188278, "elapsed_s": 1446.0327902557328}
{"stage": "prepare_original_official", "images": 5350, "planned": 22000, "candidates": 39009, "cache_bytes": 21071756237, "elapsed_s": 1452.7658608788624}
{"stage": "prepare_original_official", "images": 5375, "planned": 22000, "candidates": 39164, "cache_bytes": 21169701845, "elapsed_s": 1459.6463222913444}
{"stage": "prepare_original_official", "images": 5400, "planned": 22000, "candidates": 39359, "cache_bytes": 21269460529, "elapsed_s": 1466.557262957096}
{"stage": "prepare_original_official", "images": 5425, "planned": 22000, "candidates": 39553, "cache_bytes": 21369005334, "elapsed_s": 1473.4354429803789}
{"stage": "prepare_original_official", "images": 5450, "planned": 22000, "candidates": 39785, "cache_bytes": 21469009930, "elapsed_s": 1480.4217562116683}
{"stage": "prepare_original_official", "images": 5475, "planned": 22000, "candidates": 40005, "cache_bytes": 21567789925, "elapsed_s": 1487.3048873767257}
{"stage": "prepare_original_official", "images": 5500, "planned": 22000, "candidates": 40156, "cache_bytes": 21665716280, "elapsed_s": 1494.0642011929303}
{"stage": "prepare_original_official", "images": 5525, "planned": 22000, "candidates": 40316, "cache_bytes": 21762696119, "elapsed_s": 1500.7923443131149}
{"stage": "prepare_original_official", "images": 5550, "planned": 22000, "candidates": 40464, "cache_bytes": 21858619059, "elapsed_s": 1507.5593686373904}
{"stage": "prepare_original_official", "images": 5575, "planned": 22000, "candidates": 40661, "cache_bytes": 21957058105, "elapsed_s": 1514.5178443659097}
{"stage": "prepare_original_official", "images": 5600, "planned": 22000, "candidates": 40923, "cache_bytes": 22057526450, "elapsed_s": 1521.6352131525055}
{"stage": "prepare_original_official", "images": 5625, "planned": 22000, "candidates": 41157, "cache_bytes": 22157951893, "elapsed_s": 1528.649843905121}
{"stage": "prepare_original_official", "images": 5650, "planned": 22000, "candidates": 41328, "cache_bytes": 22254833636, "elapsed_s": 1535.4201354011893}
{"stage": "prepare_original_official", "images": 5675, "planned": 22000, "candidates": 41539, "cache_bytes": 22353371599, "elapsed_s": 1542.361729473807}
{"stage": "prepare_original_official", "images": 5700, "planned": 22000, "candidates": 41777, "cache_bytes": 22452966049, "elapsed_s": 1549.328925365582}
{"stage": "prepare_original_official", "images": 5725, "planned": 22000, "candidates": 41960, "cache_bytes": 22552280142, "elapsed_s": 1556.232943301089}
{"stage": "prepare_original_official", "images": 5750, "planned": 22000, "candidates": 42147, "cache_bytes": 22650770360, "elapsed_s": 1563.0876885345206}
{"stage": "prepare_original_official", "images": 5775, "planned": 22000, "candidates": 42339, "cache_bytes": 22749467815, "elapsed_s": 1569.9412849536166}
{"stage": "prepare_original_official", "images": 5800, "planned": 22000, "candidates": 42530, "cache_bytes": 22848246560, "elapsed_s": 1576.796447264962}
{"stage": "prepare_original_official", "images": 5825, "planned": 22000, "candidates": 42665, "cache_bytes": 22944604327, "elapsed_s": 1583.4387604948133}
{"stage": "prepare_original_official", "images": 5850, "planned": 22000, "candidates": 42826, "cache_bytes": 23042698138, "elapsed_s": 1590.2397966049612}
{"stage": "prepare_original_official", "images": 5875, "planned": 22000, "candidates": 43067, "cache_bytes": 23143775768, "elapsed_s": 1597.2733080675825}
{"stage": "prepare_original_official", "images": 5900, "planned": 22000, "candidates": 43227, "cache_bytes": 23242367689, "elapsed_s": 1604.1189890643582}
{"stage": "prepare_original_official", "images": 5925, "planned": 22000, "candidates": 43423, "cache_bytes": 23341921713, "elapsed_s": 1611.075588450767}
{"stage": "prepare_original_official", "images": 5950, "planned": 22000, "candidates": 43585, "cache_bytes": 23438359058, "elapsed_s": 1617.871216231957}
{"stage": "prepare_original_official", "images": 5975, "planned": 22000, "candidates": 43755, "cache_bytes": 23536874725, "elapsed_s": 1624.7445488329977}
{"stage": "prepare_original_official", "images": 6000, "planned": 22000, "candidates": 43927, "cache_bytes": 23634934113, "elapsed_s": 1631.6042102100328}
{"stage": "prepare_original_official", "images": 6025, "planned": 22000, "candidates": 44147, "cache_bytes": 23735225670, "elapsed_s": 1638.6272660559043}
{"stage": "prepare_original_official", "images": 6050, "planned": 22000, "candidates": 44309, "cache_bytes": 23833275896, "elapsed_s": 1645.4693141290918}
{"stage": "prepare_original_official", "images": 6075, "planned": 22000, "candidates": 44480, "cache_bytes": 23931112293, "elapsed_s": 1652.2839526720345}
{"stage": "prepare_original_official", "images": 6100, "planned": 22000, "candidates": 44766, "cache_bytes": 24033642914, "elapsed_s": 1659.4669733298942}
{"stage": "prepare_original_official", "images": 6125, "planned": 22000, "candidates": 44918, "cache_bytes": 24131724748, "elapsed_s": 1666.2760130390525}
{"stage": "prepare_original_official", "images": 6150, "planned": 22000, "candidates": 45093, "cache_bytes": 24230470989, "elapsed_s": 1673.1331730149686}
{"stage": "prepare_original_official", "images": 6175, "planned": 22000, "candidates": 45295, "cache_bytes": 24329087762, "elapsed_s": 1680.0690027503297}
{"stage": "prepare_original_official", "images": 6200, "planned": 22000, "candidates": 45468, "cache_bytes": 24428316063, "elapsed_s": 1687.0319056306034}
{"stage": "prepare_original_official", "images": 6225, "planned": 22000, "candidates": 45671, "cache_bytes": 24528389729, "elapsed_s": 1694.4044359764084}
{"stage": "prepare_original_official", "images": 6250, "planned": 22000, "candidates": 45860, "cache_bytes": 24627307116, "elapsed_s": 1701.3899476407096}
{"stage": "prepare_original_official", "images": 6275, "planned": 22000, "candidates": 46048, "cache_bytes": 24725847143, "elapsed_s": 1708.3999392595142}
{"stage": "prepare_original_official", "images": 6300, "planned": 22000, "candidates": 46187, "cache_bytes": 24823034504, "elapsed_s": 1715.3545317258686}
{"stage": "prepare_original_official", "images": 6325, "planned": 22000, "candidates": 46348, "cache_bytes": 24921474884, "elapsed_s": 1722.3521212954074}
{"stage": "prepare_original_official", "images": 6350, "planned": 22000, "candidates": 46537, "cache_bytes": 25020266610, "elapsed_s": 1729.3415590403602}
{"stage": "prepare_original_official", "images": 6375, "planned": 22000, "candidates": 46676, "cache_bytes": 25116066275, "elapsed_s": 1736.1341201541945}
{"stage": "prepare_original_official", "images": 6400, "planned": 22000, "candidates": 46837, "cache_bytes": 25213724412, "elapsed_s": 1743.0504420045763}
{"stage": "prepare_original_official", "images": 6425, "planned": 22000, "candidates": 46981, "cache_bytes": 25311125436, "elapsed_s": 1749.9149897545576}
{"stage": "prepare_original_official", "images": 6450, "planned": 22000, "candidates": 47136, "cache_bytes": 25408625226, "elapsed_s": 1756.750258772634}
{"stage": "prepare_original_official", "images": 6475, "planned": 22000, "candidates": 47304, "cache_bytes": 25507035547, "elapsed_s": 1763.6367233525962}
{"stage": "prepare_original_official", "images": 6500, "planned": 22000, "candidates": 47445, "cache_bytes": 25603200415, "elapsed_s": 1770.3853851426393}
{"stage": "prepare_original_official", "images": 6525, "planned": 22000, "candidates": 47670, "cache_bytes": 25703502127, "elapsed_s": 1777.4783847425133}
{"stage": "prepare_original_official", "images": 6550, "planned": 22000, "candidates": 47936, "cache_bytes": 25804960769, "elapsed_s": 1784.7093863124028}
{"stage": "prepare_original_official", "images": 6575, "planned": 22000, "candidates": 48100, "cache_bytes": 25902627692, "elapsed_s": 1791.600288263522}
{"stage": "prepare_original_official", "images": 6600, "planned": 22000, "candidates": 48346, "cache_bytes": 26003217712, "elapsed_s": 1798.7182301608846}
{"stage": "prepare_original_official", "images": 6625, "planned": 22000, "candidates": 48523, "cache_bytes": 26101754544, "elapsed_s": 1805.706954145804}
{"stage": "prepare_original_official", "images": 6650, "planned": 22000, "candidates": 48688, "cache_bytes": 26199391707, "elapsed_s": 1812.651600645855}
{"stage": "prepare_original_official", "images": 6675, "planned": 22000, "candidates": 48843, "cache_bytes": 26297116848, "elapsed_s": 1819.5847345311195}
{"stage": "prepare_original_official", "images": 6700, "planned": 22000, "candidates": 49051, "cache_bytes": 26398477355, "elapsed_s": 1826.7749129664153}
{"stage": "prepare_original_official", "images": 6725, "planned": 22000, "candidates": 49239, "cache_bytes": 26497112162, "elapsed_s": 1833.8190655978397}
{"stage": "prepare_original_official", "images": 6750, "planned": 22000, "candidates": 49380, "cache_bytes": 26593968856, "elapsed_s": 1840.6717129750177}
{"stage": "prepare_original_official", "images": 6775, "planned": 22000, "candidates": 49518, "cache_bytes": 26691853392, "elapsed_s": 1847.5700469966978}
{"stage": "prepare_original_official", "images": 6800, "planned": 22000, "candidates": 49667, "cache_bytes": 26789364218, "elapsed_s": 1854.5068708360195}
{"stage": "prepare_original_official", "images": 6825, "planned": 22000, "candidates": 49837, "cache_bytes": 26887590611, "elapsed_s": 1861.4429644569755}
{"stage": "prepare_original_official", "images": 6850, "planned": 22000, "candidates": 50087, "cache_bytes": 26988896639, "elapsed_s": 1868.730348479934}
{"stage": "prepare_original_official", "images": 6875, "planned": 22000, "candidates": 50259, "cache_bytes": 27087542859, "elapsed_s": 1875.74705462344}
{"stage": "prepare_original_official", "images": 6900, "planned": 22000, "candidates": 50449, "cache_bytes": 27186333179, "elapsed_s": 1882.7641313588247}
{"stage": "prepare_original_official", "images": 6925, "planned": 22000, "candidates": 50595, "cache_bytes": 27284433803, "elapsed_s": 1889.628033475019}
{"stage": "prepare_original_official", "images": 6950, "planned": 22000, "candidates": 50723, "cache_bytes": 27381106884, "elapsed_s": 1896.4104957710952}
{"stage": "prepare_original_official", "images": 6975, "planned": 22000, "candidates": 50818, "cache_bytes": 27476439632, "elapsed_s": 1903.197012505494}
{"stage": "prepare_original_official", "images": 7000, "planned": 22000, "candidates": 51051, "cache_bytes": 27576713524, "elapsed_s": 1910.6839019237086}
{"stage": "prepare_original_official", "images": 7025, "planned": 22000, "candidates": 51250, "cache_bytes": 27674926738, "elapsed_s": 1917.9489362509921}
{"stage": "prepare_original_official", "images": 7050, "planned": 22000, "candidates": 51411, "cache_bytes": 27772310343, "elapsed_s": 1925.1501234350726}
{"stage": "prepare_original_official", "images": 7075, "planned": 22000, "candidates": 51585, "cache_bytes": 27871156181, "elapsed_s": 1932.3940125359222}
{"stage": "prepare_original_official", "images": 7100, "planned": 22000, "candidates": 51712, "cache_bytes": 27966490165, "elapsed_s": 1939.3851247271523}
{"stage": "prepare_original_official", "images": 7125, "planned": 22000, "candidates": 52022, "cache_bytes": 28070209871, "elapsed_s": 1947.0469431001693}
{"stage": "prepare_original_official", "images": 7150, "planned": 22000, "candidates": 52295, "cache_bytes": 28171846533, "elapsed_s": 1954.5532798757777}
{"stage": "prepare_original_official", "images": 7175, "planned": 22000, "candidates": 52511, "cache_bytes": 28271930901, "elapsed_s": 1961.8791538458318}
{"stage": "prepare_original_official", "images": 7200, "planned": 22000, "candidates": 52670, "cache_bytes": 28370400029, "elapsed_s": 1969.0625168280676}
{"stage": "prepare_original_official", "images": 7225, "planned": 22000, "candidates": 52875, "cache_bytes": 28470011521, "elapsed_s": 1976.3815208775923}
{"stage": "prepare_original_official", "images": 7250, "planned": 22000, "candidates": 53094, "cache_bytes": 28569715039, "elapsed_s": 1983.7179843848571}
{"stage": "prepare_original_official", "images": 7275, "planned": 22000, "candidates": 53268, "cache_bytes": 28668830855, "elapsed_s": 1990.952528718859}
{"stage": "prepare_original_official", "images": 7300, "planned": 22000, "candidates": 53519, "cache_bytes": 28770845970, "elapsed_s": 1998.4415701590478}
{"stage": "prepare_original_official", "images": 7325, "planned": 22000, "candidates": 53632, "cache_bytes": 28866896081, "elapsed_s": 2005.520285565406}
{"stage": "prepare_original_official", "images": 7350, "planned": 22000, "candidates": 53825, "cache_bytes": 28965912704, "elapsed_s": 2012.8405262092128}
{"stage": "prepare_original_official", "images": 7375, "planned": 22000, "candidates": 54004, "cache_bytes": 29064466061, "elapsed_s": 2020.097550690174}
{"stage": "prepare_original_official", "images": 7400, "planned": 22000, "candidates": 54221, "cache_bytes": 29163814267, "elapsed_s": 2027.5015458092093}
{"stage": "prepare_original_official", "images": 7425, "planned": 22000, "candidates": 54449, "cache_bytes": 29263854014, "elapsed_s": 2034.9046721225604}
{"stage": "prepare_original_official", "images": 7450, "planned": 22000, "candidates": 54622, "cache_bytes": 29362583318, "elapsed_s": 2042.1212362498045}
{"stage": "prepare_original_official", "images": 7475, "planned": 22000, "candidates": 54747, "cache_bytes": 29459866411, "elapsed_s": 2049.2239324897528}
{"stage": "prepare_original_official", "images": 7500, "planned": 22000, "candidates": 55047, "cache_bytes": 29562447491, "elapsed_s": 2056.8514709845185}
{"stage": "prepare_original_official", "images": 7525, "planned": 22000, "candidates": 55208, "cache_bytes": 29660062709, "elapsed_s": 2063.994703256525}
{"stage": "prepare_original_official", "images": 7550, "planned": 22000, "candidates": 55380, "cache_bytes": 29757205122, "elapsed_s": 2071.139856049791}
{"stage": "prepare_original_official", "images": 7575, "planned": 22000, "candidates": 55506, "cache_bytes": 29853950694, "elapsed_s": 2078.2238349579275}
{"stage": "prepare_original_official", "images": 7600, "planned": 22000, "candidates": 55622, "cache_bytes": 29951403124, "elapsed_s": 2085.2687290348113}
{"stage": "prepare_original_official", "images": 7625, "planned": 22000, "candidates": 55837, "cache_bytes": 30051017333, "elapsed_s": 2092.593480908312}
{"stage": "prepare_original_official", "images": 7650, "planned": 22000, "candidates": 55998, "cache_bytes": 30148227613, "elapsed_s": 2099.7608892889693}
{"stage": "prepare_original_official", "images": 7675, "planned": 22000, "candidates": 56167, "cache_bytes": 30246092797, "elapsed_s": 2106.7505346238613}
{"stage": "prepare_original_official", "images": 7700, "planned": 22000, "candidates": 56421, "cache_bytes": 30346968574, "elapsed_s": 2114.0369411539286}
{"stage": "prepare_original_official", "images": 7725, "planned": 22000, "candidates": 56600, "cache_bytes": 30445747420, "elapsed_s": 2121.086719188839}
{"stage": "prepare_original_official", "images": 7750, "planned": 22000, "candidates": 56855, "cache_bytes": 30546048637, "elapsed_s": 2128.4238973120227}
{"stage": "prepare_original_official", "images": 7775, "planned": 22000, "candidates": 56965, "cache_bytes": 30642322030, "elapsed_s": 2135.252730355598}
{"stage": "prepare_original_official", "images": 7800, "planned": 22000, "candidates": 57154, "cache_bytes": 30741773974, "elapsed_s": 2142.308532712981}
{"stage": "prepare_original_official", "images": 7825, "planned": 22000, "candidates": 57297, "cache_bytes": 30840211815, "elapsed_s": 2149.245477573946}
{"stage": "prepare_original_official", "images": 7850, "planned": 22000, "candidates": 57512, "cache_bytes": 30940181382, "elapsed_s": 2156.3722323030233}
{"stage": "prepare_original_official", "images": 7875, "planned": 22000, "candidates": 57699, "cache_bytes": 31038181986, "elapsed_s": 2163.418311680667}
{"stage": "prepare_original_official", "images": 7900, "planned": 22000, "candidates": 57889, "cache_bytes": 31136883872, "elapsed_s": 2170.4877014150843}
{"stage": "prepare_original_official", "images": 7925, "planned": 22000, "candidates": 58109, "cache_bytes": 31237185330, "elapsed_s": 2177.6853891164064}
{"stage": "prepare_original_official", "images": 7950, "planned": 22000, "candidates": 58247, "cache_bytes": 31334642013, "elapsed_s": 2184.6776328012347}
{"stage": "prepare_original_official", "images": 7975, "planned": 22000, "candidates": 58455, "cache_bytes": 31434763168, "elapsed_s": 2191.8193155210465}
{"stage": "prepare_original_official", "images": 8000, "planned": 22000, "candidates": 58642, "cache_bytes": 31533769113, "elapsed_s": 2198.9243289958686}
{"stage": "prepare_original_official", "images": 8025, "planned": 22000, "candidates": 58858, "cache_bytes": 31633977055, "elapsed_s": 2206.1165944365785}
{"stage": "prepare_original_official", "images": 8050, "planned": 22000, "candidates": 59080, "cache_bytes": 31733466012, "elapsed_s": 2213.362296349369}
{"stage": "prepare_original_official", "images": 8075, "planned": 22000, "candidates": 59248, "cache_bytes": 31830857770, "elapsed_s": 2220.378909064457}
{"stage": "prepare_original_official", "images": 8100, "planned": 22000, "candidates": 59427, "cache_bytes": 31929282785, "elapsed_s": 2227.500619854778}
{"stage": "prepare_original_official", "images": 8125, "planned": 22000, "candidates": 59613, "cache_bytes": 32027406829, "elapsed_s": 2234.604243889451}
{"stage": "prepare_original_official", "images": 8150, "planned": 22000, "candidates": 59801, "cache_bytes": 32125645202, "elapsed_s": 2241.6710531646386}
