{
  "audit_version": "triflow_20k_epoch_readout_verify_v1",
  "generated_at_utc": "2026-10-07T12:14:13.417894+00:00",
  "verifier_source": "D:\\coco_wire\\experiments\\triflow_20k_training_20261007\\runs\\RUN_TRIFLOW_20K_EPOCH01_READOUT_VERIFY_S0\\source\\verify_epoch_readout.py",
  "verifier_source_sha256": "c8fb387fead6faf671c3cbdcc2e35345cbd0a491b0511489bce88d7ac90297ca",
  "interpreter": "C:\\Users\\28358\\anaconda3\\envs\\pytorch\\python.exe",
  "python_version": "3.12.3 | packaged by conda-forge | (main, Apr 15 2024, 18:20:11) [MSC v.1938 64 bit (AMD64)]",
  "run": "D:\\coco_wire\\experiments\\triflow_20k_training_20261007\\runs\\RUN_TRIFLOW_20K_EPOCH01_EVAL_S0",
  "status": "passed",
  "passed": true,
  "checks": 284333,
  "missing": [],
  "missing_count": 0,
  "errors": [],
  "error_count": 0,
  "failure_examples_limited_to": 50,
  "evidence": {
    "SUMMARY.json": {
      "sha256": "fbce247850f08c8a6d08cf9f589558e1b4d863f4dc953fcab5d86ff91e73658c",
      "bytes": 472282
    },
    "EVALUATION_COMPLETE.json": {
      "sha256": "8cbf393db74a356bf4e2e55339cd52d3207d8570fe4a9396ef45269fa1169154",
      "bytes": 192
    },
    "EVALUATION_INPUTS.json": {
      "sha256": "703ba6466e8767b63da5a2cf55b3e88c2e369a999b87a9a07aae8a194e34c115",
      "bytes": 87207
    },
    "source/readout_support.py": {
      "sha256": "475b3c1e9ad538579aed1b6fc536dab2ce053a3a526d80ba352e82e297243488",
      "bytes": 14843
    },
    "source/evaluate_epoch.py": {
      "sha256": "fae9d91b8b3e436b799b5d9b5db29d7ba32c46d6fa6379c8b3657826126350d3",
      "bytes": 51534
    },
    "source/triflow_model.py": {
      "sha256": "1b96e0767ab1985875cdfec33cdd6e98a666ecd3ee5caefc7dbca9e80c35691e",
      "bytes": 44463
    },
    "source/frozen_io.py": {
      "sha256": "cff75eec547d9ec12eda5409bd273231ab99c16cdc6119d75f6d413098363293",
      "bytes": 11487
    },
    "HEAD_PROVENANCE.json": {
      "sha256": "1fa57aafb369e0a6af2d90be2689f43db522e76c22df7d9588c09b59f13ffad0",
      "bytes": 9649
    },
    "EPOCH_PROVENANCE.json": {
      "sha256": "1fa57aafb369e0a6af2d90be2689f43db522e76c22df7d9588c09b59f13ffad0",
      "bytes": 9649
    },
    "head_epoch_01.pt": {
      "sha256": "4657ac8d32f1c15f88a3fc762c6e340aa50654c7326830543baf770fe22a32e3",
      "bytes": 6535452
    },
    "epoch_provenance/train_20k.py": {
      "sha256": "944dcb27d75f1d1d9ce8cc950c206c607b73ba6023a7a5f19517134bbd2a86bb",
      "bytes": 44390
    },
    "epoch_provenance/triflow_model.py": {
      "sha256": "1b96e0767ab1985875cdfec33cdd6e98a666ecd3ee5caefc7dbca9e80c35691e",
      "bytes": 44463
    },
    "epoch_provenance/stream_data.py": {
      "sha256": "6460a9277b47a8ca790e03213afbaa5d628592b9319608e0be70dd4799091fb6",
      "bytes": 27676
    },
    "epoch_provenance/frozen_io.py": {
      "sha256": "cff75eec547d9ec12eda5409bd273231ab99c16cdc6119d75f6d413098363293",
      "bytes": 11487
    },
    "epoch_provenance/STREAM_INPUTS.json": {
      "sha256": "3e81249870e4d594b93ff33b59467ab536625dbd9c43e262ad044a4940757c66",
      "bytes": 1774669
    },
    "epoch_provenance/TRAINING_INPUTS.json": {
      "sha256": "aa14bfeb2e149f4a079ae274dc228b09ab569deed69f69d6f299c7a711c5965e",
      "bytes": 7261
    },
    "epoch_provenance/EPOCHS_AT_BOUNDARY.json": {
      "sha256": "40b05bef677c45fb4ccd1bdbe85ed9b84cd8d46d615ec61e77fdfa95bc0cd455",
      "bytes": 1470
    },
    "epoch_provenance/TASK_GRADIENT_EVIDENCE_AT_BOUNDARY.json": {
      "sha256": "63fd5a288b312c94f9bb4a92c1fe385bccfd84784bfd8b63e5d926b4dcc5455f",
      "bytes": 6459
    },
    "epoch_provenance/SNAPSHOT_STATE_EVIDENCE.json": {
      "sha256": "3031a398e88ffcd4fd4a4a948e3c9487a5d845412177405c39790a2def9de533",
      "bytes": 4309
    },
    "BOUNDARY_CAPTURE.json": {
      "sha256": "79eac892761c438c47c8e361b3d17d4c90429f7e74a021505c94b4eff6eedab4",
      "bytes": 3378
    },
    "epoch_provenance/train_epoch_observer.py": {
      "sha256": "e64cbced9565e23aeb9fd66859b4e8875346051aa70bb188102957c2414784b6",
      "bytes": 23908
    },
    "PARENT_STATE_PARITY.json": {
      "sha256": "fd1ebd663a6e2db79bbdf458dc202afce2639f93433cc19e3e112e62de4c68b3",
      "bytes": 2113
    },
    "BASELINE_REPLAY_VERIFICATION.json": {
      "sha256": "ba551d7bd61e594350335721618e9f5088531dd1a32e46b66d342a5bf0059cdf",
      "bytes": 1567
    },
    "ORIGINAL_BASELINE_RECEIPT.json": {
      "sha256": "11af0ce79cd86057d7cdefb82a8ae446f822ea8f46dfc8d30885a43f221c964f",
      "bytes": 83195
    },
    "BASELINE_REPLAY_IMAGES.jsonl": {
      "sha256": "9d21053cce4d69ba28d90517c728d492fe7fc221efefd526605b11ce4f46c779",
      "bytes": 1900580
    },
    "COMPILER_IMAGES.jsonl": {
      "sha256": "dfddf0ce1977c0b425591cd3067cd82dbe9e68af9896f3bb78824b1daba2fb95",
      "bytes": 248607870
    },
    "baseline/COMPLETE.json": {
      "sha256": "08b4837132e92ebaf3ee6893e90992c4f2c16ed302e48f99c917ddcdce38f079",
      "bytes": 80339
    },
    "baseline/COCO_METRICS.json": {
      "sha256": "bfe58ca5fe9ee23404996ecccb6720638ee7fe62f27c0ecc2bd03e2df8fd813c",
      "bytes": 65119
    },
    "triflow/COMPLETE.json": {
      "sha256": "4054322e043518ef3a5da490ad444b8b6562db41a1e34ac9491d091652201978",
      "bytes": 89036
    },
    "triflow/COCO_METRICS.json": {
      "sha256": "92faa3a47a370d10277b4141736406f7a733db321358316c31e142d16ac2f73d",
      "bytes": 65118
    },
    "baseline/COCO_segm_ACCUMULATED.npz": {
      "sha256": "c79877089d614edb01b89b0e42f61490f5f6551ed45a4c11feac1ee806c2af97",
      "bytes": 2345237
    },
    "baseline/COCO_bbox_ACCUMULATED.npz": {
      "sha256": "ef4030e66027c259365bb242f3ba41d90ed434476ade0c4925c3e6a5b66aceda",
      "bytes": 2762927
    },
    "triflow/COCO_segm_ACCUMULATED.npz": {
      "sha256": "bc79b25864b8a2fa05cae5c56621c38d8928b449b914d22a52dcfe2130293250",
      "bytes": 2345932
    },
    "triflow/COCO_bbox_ACCUMULATED.npz": {
      "sha256": "ef4030e66027c259365bb242f3ba41d90ed434476ade0c4925c3e6a5b66aceda",
      "bytes": 2762927
    }
  },
  "results": {
    "numpy_version": "2.4.3",
    "epoch_snapshot_contract": {
      "evaluation_epoch": 1,
      "completed_training_epochs": 1,
      "scheduled_training_epochs": 8,
      "declared_training_images": 20000,
      "snapshot_sha256": "4657ac8d32f1c15f88a3fc762c6e340aa50654c7326830543baf770fe22a32e3",
      "loaded_state_sha256": "614822beded7b9ec2e463a456cd6d74c1ba5fceccb3cc97221a4761e16dcc37f",
      "intermediate_snapshot": true,
      "final_training_audit_claimed": false,
      "scientific_scope": "completed-epoch progress readout; scheduled final training audit is not supplied here"
    },
    "baseline_replay": {
      "images": 5000,
      "detections": 555445,
      "compiler_images": 5000,
      "selected_instances": 229596
    },
    "coco_recomputed": {
      "baseline": {
        "segm": {
          "AP": 0.43685372378950266,
          "AP50": 0.6635370986867941,
          "AP75": 0.47294843690396404,
          "APsmall": 0.22401824607801366,
          "APmedium": 0.4767020916129806,
          "APlarge": 0.6357173377148858,
          "AR1": 0.33956846003896707,
          "AR10": 0.5542167692984568,
          "AR100": 0.5981037560603596,
          "ARsmall": 0.4143372897073416,
          "ARmedium": 0.6554198750665258,
          "ARlarge": 0.767272689774783
        },
        "bbox": {
          "AP": 0.5211607359463847,
          "AP50": 0.6914108737172941,
          "AP75": 0.5693485140168433,
          "APsmall": 0.33954771613260115,
          "APmedium": 0.5701177835343466,
          "APlarge": 0.6802001028953965,
          "AR1": 0.38775406677457963,
          "AR10": 0.6556458266922062,
          "AR100": 0.7185168070722645,
          "ARsmall": 0.5566938018875759,
          "ARmedium": 0.7695655478257748,
          "ARlarge": 0.8650198426797118
        }
      },
      "triflow": {
        "segm": {
          "AP": 0.4371328166551914,
          "AP50": 0.6637963547546674,
          "AP75": 0.47413556246729105,
          "APsmall": 0.2224444140002983,
          "APmedium": 0.4773474297521114,
          "APlarge": 0.6371797405381722,
          "AR1": 0.33980988286129515,
          "AR10": 0.5541146700475305,
          "AR100": 0.5980027143841121,
          "ARsmall": 0.4131636737967159,
          "ARmedium": 0.6545768488483273,
          "ARlarge": 0.7672455039267999
        },
        "bbox": {
          "AP": 0.5211607359463847,
          "AP50": 0.6914108737172941,
          "AP75": 0.5693485140168433,
          "APsmall": 0.33954771613260115,
          "APmedium": 0.5701177835343466,
          "APlarge": 0.6802001028953965,
          "AR1": 0.38775406677457963,
          "AR10": 0.6556458266922062,
          "AR100": 0.7185168070722645,
          "ARsmall": 0.5566938018875759,
          "ARmedium": 0.7695655478257748,
          "ARlarge": 0.8650198426797118
        }
      }
    },
    "paired_recomputed": null,
    "paired_scope": "not measured in this AP-only epoch evaluation"
  },
  "absolute_tolerance": 1e-12,
  "limitations": [
    "Aggregate readout verification only; COCO matches, mask decoding and GT are not recomputed",
    "Paired point estimates and sample/seed metadata are checked only when measured in this Run; matching and bootstrap confidence intervals are not recomputed",
    "Stored frozen-state digests and parity records are cross-checked; model tensors are not loaded",
    "Stored original training identity/actual coverage/source evidence is cross-checked; original training images and JSON are not reloaded",
    "One training seed does not quantify seed uncertainty; paired IoU intervals are not AP intervals"
  ]
}
