loading annotations into memory...
Done (t=11.26s)
creating index...
index created!
{"images": 250, "candidates": 2026, "failure": 297, "success": 1256}
{"images": 500, "candidates": 3729, "failure": 556, "success": 2333}
{"images": 750, "candidates": 5517, "failure": 812, "success": 3465}
{"images": 1000, "candidates": 7196, "failure": 1065, "success": 4535}
{"images": 1250, "candidates": 9302, "failure": 1366, "success": 5803}
{"images": 1500, "candidates": 11115, "failure": 1625, "success": 6951}
{"images": 1750, "candidates": 12815, "failure": 1854, "success": 8021}
{"images": 2000, "candidates": 14786, "failure": 2123, "success": 9264}
{"images": 2250, "candidates": 16595, "failure": 2357, "success": 10384}
{"images": 2500, "candidates": 18336, "failure": 2592, "success": 11481}
{"images": 2750, "candidates": 20013, "failure": 2807, "success": 12574}
{"images": 3000, "candidates": 21664, "failure": 3042, "success": 13672}
{"images": 3250, "candidates": 23376, "failure": 3268, "success": 14751}
{"images": 3500, "candidates": 25115, "failure": 3507, "success": 15844}
{"images": 3750, "candidates": 27133, "failure": 3791, "success": 17103}
{"images": 4000, "candidates": 29047, "failure": 4069, "success": 18307}
{"images": 4250, "candidates": 30919, "failure": 4344, "success": 19484}
{"images": 4500, "candidates": 32879, "failure": 4633, "success": 20699}
{"images": 4750, "candidates": 34691, "failure": 4898, "success": 21799}
{"images": 5000, "candidates": 36581, "failure": 5159, "success": 23014}
{"images": 5250, "candidates": 38357, "failure": 5407, "success": 24156}
{"images": 5500, "candidates": 40156, "failure": 5632, "success": 25329}
{"images": 5750, "candidates": 42147, "failure": 5945, "success": 26519}
{"images": 6000, "candidates": 43927, "failure": 6197, "success": 27634}
{"images": 6250, "candidates": 45860, "failure": 6465, "success": 28860}
{"images": 6500, "candidates": 47445, "failure": 6659, "success": 29908}
{"images": 6750, "candidates": 49380, "failure": 6961, "success": 31127}
{"images": 7000, "candidates": 51051, "failure": 7189, "success": 32212}
{"images": 7250, "candidates": 53094, "failure": 7452, "success": 33489}
{"images": 7500, "candidates": 55047, "failure": 7748, "success": 34711}
{"images": 7750, "candidates": 56855, "failure": 7986, "success": 35896}
{"images": 8000, "candidates": 58642, "failure": 8220, "success": 37024}
{"images": 8250, "candidates": 60630, "failure": 8534, "success": 38238}
{"images": 8500, "candidates": 62416, "failure": 8773, "success": 39399}
{"images": 8750, "candidates": 64293, "failure": 9023, "success": 40597}
{"images": 9000, "candidates": 65987, "failure": 9235, "success": 41667}
{"images": 9250, "candidates": 67810, "failure": 9485, "success": 42811}
{"images": 9500, "candidates": 69522, "failure": 9757, "success": 43865}
{"images": 9750, "candidates": 71455, "failure": 10030, "success": 45066}
{"images": 10000, "candidates": 73454, "failure": 10303, "success": 46340}
{"images": 10250, "candidates": 75306, "failure": 10563, "success": 47485}
{"images": 10500, "candidates": 77228, "failure": 10863, "success": 48693}
{"images": 10750, "candidates": 79033, "failure": 11130, "success": 49810}
{"images": 11000, "candidates": 80791, "failure": 11415, "success": 50867}
{"images": 11250, "candidates": 82555, "failure": 11665, "success": 51972}
{"images": 11500, "candidates": 84068, "failure": 11872, "success": 52962}
{"images": 11750, "candidates": 85939, "failure": 12139, "success": 54091}
{"images": 12000, "candidates": 87831, "failure": 12393, "success": 55270}
{"images": 12250, "candidates": 89709, "failure": 12675, "success": 56420}
{"images": 12500, "candidates": 91573, "failure": 12927, "success": 57607}
{"images": 12750, "candidates": 93263, "failure": 13160, "success": 58694}
{"images": 13000, "candidates": 94978, "failure": 13388, "success": 59865}
{"images": 13250, "candidates": 96697, "failure": 13628, "success": 60928}
{"images": 13500, "candidates": 98630, "failure": 13916, "success": 62136}
{"images": 13750, "candidates": 100494, "failure": 14168, "success": 63333}
{"images": 14000, "candidates": 102239, "failure": 14435, "success": 64430}
{"images": 14250, "candidates": 104047, "failure": 14689, "success": 65582}
{"images": 14500, "candidates": 105832, "failure": 14956, "success": 66719}
{"images": 14750, "candidates": 107692, "failure": 15208, "success": 67916}
{"images": 15000, "candidates": 109432, "failure": 15428, "success": 69056}
{"images": 15250, "candidates": 111319, "failure": 15678, "success": 70249}
{"images": 15500, "candidates": 113013, "failure": 15929, "success": 71281}
{"images": 15750, "candidates": 114772, "failure": 16153, "success": 72472}
{"images": 16000, "candidates": 116493, "failure": 16355, "success": 73578}
{"images": 16250, "candidates": 118210, "failure": 16595, "success": 74689}
{"images": 16500, "candidates": 120055, "failure": 16843, "success": 75861}
{"images": 16750, "candidates": 122018, "failure": 17107, "success": 77065}
{"images": 17000, "candidates": 123793, "failure": 17352, "success": 78222}
{"images": 17250, "candidates": 125458, "failure": 17557, "success": 79332}
{"images": 17500, "candidates": 127335, "failure": 17835, "success": 80533}
{"images": 17750, "candidates": 128948, "failure": 18037, "success": 81611}
{"images": 18000, "candidates": 130687, "failure": 18299, "success": 82687}
{"images": 18250, "candidates": 132592, "failure": 18554, "success": 83935}
{"images": 18500, "candidates": 134249, "failure": 18786, "success": 84971}
{"images": 18750, "candidates": 136169, "failure": 19055, "success": 86193}
{"images": 19000, "candidates": 137945, "failure": 19307, "success": 87315}
{"images": 19250, "candidates": 139776, "failure": 19581, "success": 88476}
{"images": 19500, "candidates": 141417, "failure": 19805, "success": 89537}
{"images": 19750, "candidates": 143447, "failure": 20098, "success": 90789}
