loading annotations into memory...
Done (t=11.19s)
creating index...
index created!
CACHE 1/796 images instances=12 bytes=15243778 elapsed_s=20.5
CACHE 2/796 images instances=24 bytes=30488196 elapsed_s=20.7
CACHE 3/796 images instances=25 bytes=40901687 elapsed_s=20.9
CACHE 4/796 images instances=27 bytes=51754091 elapsed_s=21.1
CACHE 5/796 images instances=31 bytes=63484577 elapsed_s=21.4
CACHE 6/796 images instances=43 bytes=78728547 elapsed_s=21.7
CACHE 7/796 images instances=44 bytes=89142230 elapsed_s=21.9
CACHE 8/796 images instances=49 bytes=101311309 elapsed_s=22.1
CACHE 9/796 images instances=55 bytes=113919877 elapsed_s=22.4
CACHE 10/796 images instances=67 bytes=129164487 elapsed_s=22.7
CACHE 11/796 images instances=79 bytes=144408969 elapsed_s=23.1
CACHE 12/796 images instances=91 bytes=159653451 elapsed_s=23.4
CACHE 13/796 images instances=103 bytes=174897997 elapsed_s=23.7
CACHE 14/796 images instances=106 bytes=186189634 elapsed_s=23.9
CACHE 15/796 images instances=108 bytes=197042614 elapsed_s=24.1
CACHE 16/796 images instances=120 bytes=212286456 elapsed_s=24.5
CACHE 17/796 images instances=126 bytes=224895024 elapsed_s=24.7
CACHE 18/796 images instances=136 bytes=239260694 elapsed_s=25.0
CACHE 19/796 images instances=140 bytes=250990860 elapsed_s=25.2
CACHE 20/796 images instances=152 bytes=266235406 elapsed_s=25.5
CACHE 21/796 images instances=164 bytes=281478864 elapsed_s=25.8
CACHE 22/796 images instances=176 bytes=296722386 elapsed_s=26.1
CACHE 23/796 images instances=178 bytes=307574854 elapsed_s=26.3
CACHE 24/796 images instances=181 bytes=318866875 elapsed_s=26.6
CACHE 25/796 images instances=193 bytes=334111293 elapsed_s=26.9
CACHE 26/796 images instances=196 bytes=345405426 elapsed_s=27.1
CACHE 27/796 images instances=208 bytes=360649844 elapsed_s=27.5
CACHE 28/796 images instances=220 bytes=375893942 elapsed_s=27.8
CACHE 29/796 images instances=225 bytes=388063405 elapsed_s=28.0
CACHE 30/796 images instances=233 bytes=401551351 elapsed_s=28.3
CACHE 31/796 images instances=235 bytes=412404267 elapsed_s=28.5
CACHE 32/796 images instances=247 bytes=427647853 elapsed_s=28.8
CACHE 33/796 images instances=259 bytes=442891823 elapsed_s=29.1
CACHE 34/796 images instances=264 bytes=455061158 elapsed_s=29.4
CACHE 35/796 images instances=276 bytes=470304872 elapsed_s=29.7
CACHE 36/796 images instances=281 bytes=482474271 elapsed_s=29.9
CACHE 37/796 images instances=292 bytes=497279635 elapsed_s=30.2
CACHE 38/796 images instances=304 bytes=512523349 elapsed_s=30.5
CACHE 39/796 images instances=316 bytes=527767319 elapsed_s=30.8
CACHE 40/796 images instances=328 bytes=543011673 elapsed_s=31.1
CACHE 41/796 images instances=340 bytes=558255323 elapsed_s=31.4
CACHE 42/796 images instances=352 bytes=573499805 elapsed_s=31.8
CACHE 43/796 images instances=357 bytes=585671572 elapsed_s=32.0
CACHE 44/796 images instances=369 bytes=600915478 elapsed_s=32.3
CACHE 45/796 images instances=381 bytes=616159192 elapsed_s=32.6
CACHE 46/796 images instances=393 bytes=631402650 elapsed_s=32.9
CACHE 47/796 images instances=405 bytes=646647068 elapsed_s=33.2
CACHE 48/796 images instances=415 bytes=661013250 elapsed_s=33.5
CACHE 49/796 images instances=427 bytes=676257284 elapsed_s=33.8
CACHE 50/796 images instances=439 bytes=691501766 elapsed_s=34.1
CACHE 51/796 images instances=448 bytes=705428190 elapsed_s=34.4
CACHE 52/796 images instances=460 bytes=720672672 elapsed_s=34.7
CACHE 53/796 images instances=472 bytes=735917026 elapsed_s=35.0
CACHE 54/796 images instances=483 bytes=750722774 elapsed_s=35.3
CACHE 55/796 images instances=495 bytes=765966872 elapsed_s=35.6
CACHE 56/796 images instances=507 bytes=781211290 elapsed_s=35.9
CACHE 57/796 images instances=519 bytes=796455452 elapsed_s=36.2
CACHE 58/796 images instances=531 bytes=811697950 elapsed_s=36.5
CACHE 59/796 images instances=543 bytes=826942496 elapsed_s=36.8
CACHE 60/796 images instances=555 bytes=842186594 elapsed_s=37.1
CACHE 61/796 images instances=556 bytes=852600085 elapsed_s=37.3
CACHE 62/796 images instances=568 bytes=867844503 elapsed_s=37.6
CACHE 63/796 images instances=571 bytes=879135884 elapsed_s=37.8
CACHE 64/796 images instances=583 bytes=894380302 elapsed_s=38.1
CACHE 65/796 images instances=589 bytes=906989126 elapsed_s=38.3
CACHE 66/796 images instances=590 bytes=917402873 elapsed_s=38.5
CACHE 67/796 images instances=602 bytes=932645627 elapsed_s=38.8
CACHE 68/796 images instances=614 bytes=947889789 elapsed_s=39.1
CACHE 69/796 images instances=622 bytes=961378439 elapsed_s=39.4
CACHE 70/796 images instances=634 bytes=976622409 elapsed_s=39.7
CACHE 71/796 images instances=643 bytes=990548129 elapsed_s=39.9
CACHE 72/796 images instances=649 bytes=1003158425 elapsed_s=40.2
CACHE 73/796 images instances=656 bytes=1016205973 elapsed_s=40.4
CACHE 74/796 images instances=668 bytes=1031450007 elapsed_s=40.7
CACHE 75/796 images instances=680 bytes=1046694233 elapsed_s=41.0
CACHE 76/796 images instances=683 bytes=1057985742 elapsed_s=41.3
CACHE 77/796 images instances=687 bytes=1069717892 elapsed_s=41.5
CACHE 78/796 images instances=689 bytes=1080570744 elapsed_s=41.7
CACHE 79/796 images instances=695 bytes=1093180400 elapsed_s=42.0
CACHE 80/796 images instances=707 bytes=1108422706 elapsed_s=42.2
CACHE 81/796 images instances=719 bytes=1123666996 elapsed_s=42.6
CACHE 82/796 images instances=729 bytes=1138031066 elapsed_s=42.8
CACHE 83/796 images instances=731 bytes=1148883918 elapsed_s=43.0
CACHE 84/796 images instances=743 bytes=1164128464 elapsed_s=43.4
CACHE 85/796 images instances=752 bytes=1178055016 elapsed_s=43.6
CACHE 86/796 images instances=764 bytes=1193299562 elapsed_s=44.0
CACHE 87/796 images instances=775 bytes=1208104670 elapsed_s=44.2
CACHE 88/796 images instances=777 bytes=1218957074 elapsed_s=44.5
CACHE 89/796 images instances=789 bytes=1234201108 elapsed_s=44.8
CACHE 90/796 images instances=799 bytes=1248566010 elapsed_s=45.0
CACHE 91/796 images instances=804 bytes=1260737521 elapsed_s=45.3
CACHE 92/796 images instances=816 bytes=1275980467 elapsed_s=45.6
CACHE 93/796 images instances=828 bytes=1291224821 elapsed_s=45.8
CACHE 94/796 images instances=834 bytes=1303833005 elapsed_s=46.1
CACHE 95/796 images instances=846 bytes=1319076847 elapsed_s=46.4
CACHE 96/796 images instances=850 bytes=1330807653 elapsed_s=46.6
CACHE 97/796 images instances=860 bytes=1345172875 elapsed_s=46.9
CACHE 98/796 images instances=870 bytes=1359539121 elapsed_s=47.1
CACHE 99/796 images instances=873 bytes=1370830822 elapsed_s=47.4
CACHE 100/796 images instances=880 bytes=1383878306 elapsed_s=47.6
CACHE 101/796 images instances=890 bytes=1398242184 elapsed_s=47.9
CACHE 102/796 images instances=902 bytes=1413486666 elapsed_s=48.2
CACHE 103/796 images instances=914 bytes=1428730188 elapsed_s=48.5
CACHE 104/796 images instances=917 bytes=1440022849 elapsed_s=48.7
CACHE 105/796 images instances=929 bytes=1455265987 elapsed_s=49.0
CACHE 106/796 images instances=941 bytes=1470510021 elapsed_s=49.3
CACHE 107/796 images instances=953 bytes=1485754567 elapsed_s=49.5
CACHE 108/796 images instances=965 bytes=1500998921 elapsed_s=49.9
CACHE 109/796 images instances=977 bytes=1516243531 elapsed_s=50.2
CACHE 110/796 images instances=989 bytes=1531487373 elapsed_s=50.5
CACHE 111/796 images instances=1001 bytes=1546731727 elapsed_s=50.8
CACHE 112/796 images instances=1013 bytes=1561975889 elapsed_s=51.1
CACHE 113/796 images instances=1014 bytes=1572391620 elapsed_s=51.3
CACHE 114/796 images instances=1025 bytes=1587197112 elapsed_s=51.6
CACHE 115/796 images instances=1037 bytes=1602441338 elapsed_s=52.0
CACHE 116/796 images instances=1049 bytes=1617684796 elapsed_s=52.2
CACHE 117/796 images instances=1055 bytes=1630293300 elapsed_s=52.5
CACHE 118/796 images instances=1058 bytes=1641585833 elapsed_s=52.7
CACHE 119/796 images instances=1070 bytes=1656830251 elapsed_s=53.0
CACHE 120/796 images instances=1082 bytes=1672074733 elapsed_s=53.3
CACHE 121/796 images instances=1087 bytes=1684246308 elapsed_s=53.5
CACHE 122/796 images instances=1089 bytes=1695099032 elapsed_s=53.8
CACHE 123/796 images instances=1095 bytes=1707707856 elapsed_s=54.0
CACHE 124/796 images instances=1107 bytes=1722951826 elapsed_s=54.3
CACHE 125/796 images instances=1111 bytes=1734682376 elapsed_s=54.5
CACHE 126/796 images instances=1123 bytes=1749926410 elapsed_s=54.8
CACHE 127/796 images instances=1135 bytes=1765170828 elapsed_s=55.1
CACHE 128/796 images instances=1147 bytes=1780414798 elapsed_s=55.4
CACHE 129/796 images instances=1159 bytes=1795658960 elapsed_s=55.7
CACHE 130/796 images instances=1164 bytes=1807829639 elapsed_s=55.9
CACHE 131/796 images instances=1173 bytes=1821756511 elapsed_s=56.1
CACHE 132/796 images instances=1185 bytes=1837000993 elapsed_s=56.4
CACHE 133/796 images instances=1197 bytes=1852244451 elapsed_s=56.6
CACHE 134/796 images instances=1199 bytes=1863096855 elapsed_s=56.8
CACHE 135/796 images instances=1211 bytes=1878341337 elapsed_s=57.1
CACHE 136/796 images instances=1223 bytes=1893585691 elapsed_s=57.4
CACHE 137/796 images instances=1228 bytes=1905756754 elapsed_s=57.6
CACHE 138/796 images instances=1229 bytes=1916170821 elapsed_s=57.8
CACHE 139/796 images instances=1232 bytes=1927462714 elapsed_s=58.0
CACHE 140/796 images instances=1244 bytes=1942707004 elapsed_s=58.3
CACHE 141/796 images instances=1256 bytes=1957951678 elapsed_s=58.6
CACHE 142/796 images instances=1267 bytes=1972755634 elapsed_s=58.9
CACHE 143/796 images instances=1275 bytes=1986243644 elapsed_s=59.2
CACHE 144/796 images instances=1279 bytes=1997974450 elapsed_s=59.4
CACHE 145/796 images instances=1281 bytes=2008827238 elapsed_s=59.6
CACHE 146/796 images instances=1293 bytes=2024071784 elapsed_s=60.0
CACHE 147/796 images instances=1298 bytes=2036241055 elapsed_s=60.2
CACHE 148/796 images instances=1310 bytes=2051483297 elapsed_s=60.4
CACHE 149/796 images instances=1322 bytes=2066726179 elapsed_s=60.7
CACHE 150/796 images instances=1334 bytes=2081969573 elapsed_s=61.0
CACHE 151/796 images instances=1336 bytes=2092821977 elapsed_s=61.2
CACHE 152/796 images instances=1340 bytes=2104554959 elapsed_s=61.5
CACHE 153/796 images instances=1352 bytes=2119799377 elapsed_s=61.8
CACHE 154/796 images instances=1364 bytes=2135042707 elapsed_s=62.1
CACHE 155/796 images instances=1376 bytes=2150286357 elapsed_s=62.4
CACHE 156/796 images instances=1381 bytes=2162455628 elapsed_s=62.6
CACHE 157/796 images instances=1393 bytes=2177699598 elapsed_s=62.9
CACHE 158/796 images instances=1405 bytes=2192943632 elapsed_s=63.2
CACHE 159/796 images instances=1406 bytes=2203357187 elapsed_s=63.4
CACHE 160/796 images instances=1414 bytes=2216843661 elapsed_s=63.6
CACHE 161/796 images instances=1417 bytes=2228135618 elapsed_s=63.8
CACHE 162/796 images instances=1419 bytes=2238988342 elapsed_s=64.0
CACHE 163/796 images instances=1421 bytes=2249840938 elapsed_s=64.3
CACHE 164/796 images instances=1428 bytes=2262888230 elapsed_s=64.5
CACHE 165/796 images instances=1440 bytes=2278132712 elapsed_s=64.8
CACHE 166/796 images instances=1452 bytes=2293377130 elapsed_s=65.1
CACHE 167/796 images instances=1464 bytes=2308621676 elapsed_s=65.4
CACHE 168/796 images instances=1476 bytes=2323865966 elapsed_s=65.7
CACHE 169/796 images instances=1477 bytes=2334280609 elapsed_s=65.9
CACHE 170/796 images instances=1479 bytes=2345133205 elapsed_s=66.1
CACHE 171/796 images instances=1491 bytes=2360376407 elapsed_s=66.4
CACHE 172/796 images instances=1501 bytes=2374741181 elapsed_s=66.6
CACHE 173/796 images instances=1513 bytes=2389985535 elapsed_s=67.0
CACHE 174/796 images instances=1525 bytes=2405230081 elapsed_s=67.3
CACHE 175/796 images instances=1526 bytes=2415643764 elapsed_s=67.5
CACHE 176/796 images instances=1527 bytes=2426057703 elapsed_s=67.7
CACHE 177/796 images instances=1539 bytes=2441300969 elapsed_s=67.9
CACHE 178/796 images instances=1540 bytes=2451714652 elapsed_s=68.1
CACHE 179/796 images instances=1542 bytes=2462567888 elapsed_s=68.3
CACHE 180/796 images instances=1554 bytes=2477811218 elapsed_s=68.6
CACHE 181/796 images instances=1562 bytes=2491298012 elapsed_s=68.9
CACHE 182/796 images instances=1574 bytes=2506541534 elapsed_s=69.2
CACHE 183/796 images instances=1575 bytes=2516955217 elapsed_s=69.4
CACHE 184/796 images instances=1587 bytes=2532199571 elapsed_s=69.7
CACHE 185/796 images instances=1588 bytes=2542613254 elapsed_s=69.9
CACHE 186/796 images instances=1600 bytes=2557857736 elapsed_s=70.2
CACHE 187/796 images instances=1608 bytes=2571345746 elapsed_s=70.5
CACHE 188/796 images instances=1620 bytes=2586590164 elapsed_s=70.8
CACHE 189/796 images instances=1623 bytes=2597881417 elapsed_s=71.0
CACHE 190/796 images instances=1625 bytes=2608733885 elapsed_s=71.2
CACHE 191/796 images instances=1628 bytes=2620026482 elapsed_s=71.4
CACHE 192/796 images instances=1639 bytes=2634831782 elapsed_s=71.7
CACHE 193/796 images instances=1650 bytes=2649634778 elapsed_s=72.0
CACHE 194/796 images instances=1656 bytes=2662243154 elapsed_s=72.2
CACHE 195/796 images instances=1667 bytes=2677047750 elapsed_s=72.5
CACHE 196/796 images instances=1670 bytes=2688339067 elapsed_s=72.7
CACHE 197/796 images instances=1681 bytes=2703144687 elapsed_s=73.0
CACHE 198/796 images instances=1692 bytes=2717948195 elapsed_s=73.3
CACHE 199/796 images instances=1700 bytes=2731437037 elapsed_s=73.5
CACHE 200/796 images instances=1702 bytes=2742290145 elapsed_s=73.8
CACHE 201/796 images instances=1714 bytes=2757533859 elapsed_s=74.0
CACHE 202/796 images instances=1726 bytes=2772777637 elapsed_s=74.4
CACHE 203/796 images instances=1738 bytes=2788021415 elapsed_s=74.7
CACHE 204/796 images instances=1746 bytes=2801508337 elapsed_s=74.9
CACHE 205/796 images instances=1758 bytes=2816752819 elapsed_s=75.3
CACHE 206/796 images instances=1765 bytes=2829799855 elapsed_s=75.5
CACHE 207/796 images instances=1777 bytes=2845043825 elapsed_s=75.8
CACHE 208/796 images instances=1789 bytes=2860287795 elapsed_s=76.1
CACHE 209/796 images instances=1797 bytes=2873774141 elapsed_s=76.4
CACHE 210/796 images instances=1806 bytes=2887700629 elapsed_s=76.6
CACHE 211/796 images instances=1808 bytes=2898553289 elapsed_s=76.9
CACHE 212/796 images instances=1813 bytes=2910724800 elapsed_s=77.1
CACHE 213/796 images instances=1822 bytes=2924652248 elapsed_s=77.4
CACHE 214/796 images instances=1834 bytes=2939896858 elapsed_s=77.7
CACHE 215/796 images instances=1846 bytes=2955141340 elapsed_s=78.0
CACHE 216/796 images instances=1858 bytes=2970385694 elapsed_s=78.3
CACHE 217/796 images instances=1870 bytes=2985629728 elapsed_s=78.5
CACHE 218/796 images instances=1871 bytes=2996043411 elapsed_s=78.8
CACHE 219/796 images instances=1883 bytes=3011287509 elapsed_s=79.0
CACHE 220/796 images instances=1895 bytes=3026531799 elapsed_s=79.3
CACHE 221/796 images instances=1898 bytes=3037823244 elapsed_s=79.5
CACHE 222/796 images instances=1907 bytes=3051749476 elapsed_s=79.8
CACHE 223/796 images instances=1908 bytes=3062166231 elapsed_s=80.1
CACHE 224/796 images instances=1915 bytes=3075215699 elapsed_s=80.3
CACHE 225/796 images instances=1922 bytes=3088263311 elapsed_s=80.6
CACHE 226/796 images instances=1934 bytes=3103507473 elapsed_s=80.9
CACHE 227/796 images instances=1946 bytes=3118751187 elapsed_s=81.2
CACHE 228/796 images instances=1949 bytes=3130042888 elapsed_s=81.4
CACHE 229/796 images instances=1961 bytes=3145286730 elapsed_s=81.7
CACHE 230/796 images instances=1964 bytes=3156579967 elapsed_s=82.0
CACHE 231/796 images instances=1976 bytes=3171824129 elapsed_s=82.2
CACHE 232/796 images instances=1977 bytes=3182238196 elapsed_s=82.5
CACHE 233/796 images instances=1982 bytes=3194409899 elapsed_s=82.7
CACHE 234/796 images instances=1983 bytes=3204823838 elapsed_s=82.9
CACHE 235/796 images instances=1992 bytes=3218750838 elapsed_s=83.1
CACHE 236/796 images instances=1994 bytes=3229605034 elapsed_s=83.4
CACHE 237/796 images instances=2002 bytes=3243092852 elapsed_s=83.6
CACHE 238/796 images instances=2003 bytes=3253506343 elapsed_s=83.9
CACHE 239/796 images instances=2015 bytes=3268750889 elapsed_s=84.2
CACHE 240/796 images instances=2018 bytes=3280044830 elapsed_s=84.4
CACHE 241/796 images instances=2025 bytes=3293092506 elapsed_s=84.7
CACHE 242/796 images instances=2027 bytes=3303944910 elapsed_s=84.9
CACHE 243/796 images instances=2039 bytes=3319189008 elapsed_s=85.2
CACHE 244/796 images instances=2040 bytes=3329605443 elapsed_s=85.4
CACHE 245/796 images instances=2041 bytes=3340019766 elapsed_s=85.6
CACHE 246/796 images instances=2053 bytes=3355264184 elapsed_s=85.9
CACHE 247/796 images instances=2065 bytes=3370507706 elapsed_s=86.2
CACHE 248/796 images instances=2077 bytes=3385752380 elapsed_s=86.5
CACHE 249/796 images instances=2080 bytes=3397043825 elapsed_s=86.8
CACHE 250/796 images instances=2082 bytes=3407897893 elapsed_s=87.0
CACHE 251/796 images instances=2090 bytes=3421386287 elapsed_s=87.2
CACHE 252/796 images instances=2092 bytes=3432239459 elapsed_s=87.5
CACHE 253/796 images instances=2104 bytes=3447482405 elapsed_s=87.8
CACHE 254/796 images instances=2115 bytes=3462287321 elapsed_s=88.1
CACHE 255/796 images instances=2127 bytes=3477531291 elapsed_s=88.4
CACHE 256/796 images instances=2129 bytes=3488386063 elapsed_s=88.6
CACHE 257/796 images instances=2141 bytes=3503630417 elapsed_s=88.9
CACHE 258/796 images instances=2147 bytes=3516238473 elapsed_s=89.1
CACHE 259/796 images instances=2159 bytes=3531482955 elapsed_s=89.5
CACHE 260/796 images instances=2169 bytes=3545849201 elapsed_s=89.8
CACHE 261/796 images instances=2181 bytes=3561091379 elapsed_s=90.1
CACHE 262/796 images instances=2185 bytes=3572821929 elapsed_s=90.3
CACHE 263/796 images instances=2197 bytes=3588066347 elapsed_s=90.6
CACHE 264/796 images instances=2209 bytes=3603310893 elapsed_s=91.0
CACHE 265/796 images instances=2210 bytes=3613725024 elapsed_s=91.2
CACHE 266/796 images instances=2220 bytes=3628090886 elapsed_s=91.4
CACHE 267/796 images instances=2232 bytes=3643333064 elapsed_s=91.7
CACHE 268/796 images instances=2244 bytes=3658577034 elapsed_s=92.0
CACHE 269/796 images instances=2250 bytes=3671187330 elapsed_s=92.3
CACHE 270/796 images instances=2262 bytes=3686430852 elapsed_s=92.6
CACHE 271/796 images instances=2274 bytes=3701675206 elapsed_s=92.9
CACHE 272/796 images instances=2286 bytes=3716918920 elapsed_s=93.2
CACHE 273/796 images instances=2298 bytes=3732163146 elapsed_s=93.5
CACHE 274/796 images instances=2310 bytes=3747407116 elapsed_s=93.8
CACHE 275/796 images instances=2322 bytes=3762651470 elapsed_s=94.1
CACHE 276/796 images instances=2328 bytes=3775259782 elapsed_s=94.3
CACHE 277/796 images instances=2331 bytes=3786551995 elapsed_s=94.5
CACHE 278/796 images instances=2340 bytes=3800477587 elapsed_s=94.8
CACHE 279/796 images instances=2352 bytes=3815721621 elapsed_s=95.1
CACHE 280/796 images instances=2357 bytes=3827891468 elapsed_s=95.4
CACHE 281/796 images instances=2369 bytes=3843135246 elapsed_s=95.6
CACHE 282/796 images instances=2381 bytes=3858379152 elapsed_s=96.0
CACHE 283/796 images instances=2384 bytes=3869670661 elapsed_s=96.2
CACHE 284/796 images instances=2387 bytes=3880962234 elapsed_s=96.4
CACHE 285/796 images instances=2397 bytes=3895326560 elapsed_s=96.7
CACHE 286/796 images instances=2404 bytes=3908375708 elapsed_s=97.0
CACHE 287/796 images instances=2416 bytes=3923620190 elapsed_s=97.3
CACHE 288/796 images instances=2426 bytes=3937986052 elapsed_s=97.6
CACHE 289/796 images instances=2432 bytes=3950593980 elapsed_s=97.9
CACHE 290/796 images instances=2444 bytes=3965837438 elapsed_s=98.2
CACHE 291/796 images instances=2452 bytes=3979323400 elapsed_s=98.4
CACHE 292/796 images instances=2462 bytes=3993689198 elapsed_s=98.7
CACHE 293/796 images instances=2463 bytes=4004104865 elapsed_s=98.9
CACHE 294/796 images instances=2469 bytes=4016714649 elapsed_s=99.2
CACHE 295/796 images instances=2481 bytes=4031959131 elapsed_s=99.4
CACHE 296/796 images instances=2484 bytes=4043251728 elapsed_s=99.7
CACHE 297/796 images instances=2490 bytes=4055862280 elapsed_s=99.9
CACHE 298/796 images instances=2493 bytes=4067153853 elapsed_s=100.1
CACHE 299/796 images instances=2496 bytes=4078445554 elapsed_s=100.3
CACHE 300/796 images instances=2508 bytes=4093689396 elapsed_s=100.6
CACHE 301/796 images instances=2520 bytes=4108933814 elapsed_s=100.9
CACHE 302/796 images instances=2532 bytes=4124178552 elapsed_s=101.2
CACHE 303/796 images instances=2544 bytes=4139421818 elapsed_s=101.5
CACHE 304/796 images instances=2556 bytes=4154664956 elapsed_s=101.8
CACHE 305/796 images instances=2568 bytes=4169909054 elapsed_s=102.0
CACHE 306/796 images instances=2580 bytes=4185151360 elapsed_s=102.3
CACHE 307/796 images instances=2592 bytes=4200395458 elapsed_s=102.6
CACHE 308/796 images instances=2597 bytes=4212564601 elapsed_s=102.8
CACHE 309/796 images instances=2606 bytes=4226489425 elapsed_s=103.1
CACHE 310/796 images instances=2612 bytes=4239099977 elapsed_s=103.3
CACHE 311/796 images instances=2614 bytes=4249954173 elapsed_s=103.5
CACHE 312/796 images instances=2624 bytes=4264320739 elapsed_s=103.8
CACHE 313/796 images instances=2636 bytes=4279565221 elapsed_s=104.1
CACHE 314/796 images instances=2643 bytes=4292612577 elapsed_s=104.3
CACHE 315/796 images instances=2655 bytes=4307855779 elapsed_s=104.6
CACHE 316/796 images instances=2665 bytes=4322221193 elapsed_s=104.9
CACHE 317/796 images instances=2666 bytes=4332634748 elapsed_s=105.1
CACHE 318/796 images instances=2668 bytes=4343487216 elapsed_s=105.3
CACHE 319/796 images instances=2673 bytes=4355658599 elapsed_s=105.5
CACHE 320/796 images instances=2685 bytes=4370902697 elapsed_s=105.9
CACHE 321/796 images instances=2687 bytes=4381758173 elapsed_s=106.1
CACHE 322/796 images instances=2695 bytes=4395246247 elapsed_s=106.4
CACHE 323/796 images instances=2707 bytes=4410489449 elapsed_s=106.6
CACHE 324/796 images instances=2710 bytes=4421783454 elapsed_s=106.9
CACHE 325/796 images instances=2720 bytes=4436148868 elapsed_s=107.1
CACHE 326/796 images instances=2721 bytes=4446562423 elapsed_s=107.3
CACHE 327/796 images instances=2733 bytes=4461806777 elapsed_s=107.7
CACHE 328/796 images instances=2744 bytes=4476609709 elapsed_s=107.9
CACHE 329/796 images instances=2745 bytes=4487023968 elapsed_s=108.1
CACHE 330/796 images instances=2756 bytes=4501828436 elapsed_s=108.4
CACHE 331/796 images instances=2760 bytes=4513559626 elapsed_s=108.7
CACHE 332/796 images instances=2772 bytes=4528803980 elapsed_s=109.0
CACHE 333/796 images instances=2784 bytes=4544048270 elapsed_s=109.3
CACHE 334/796 images instances=2796 bytes=4559292304 elapsed_s=109.6
CACHE 335/796 images instances=2806 bytes=4573657334 elapsed_s=109.9
CACHE 336/796 images instances=2811 bytes=4585829229 elapsed_s=110.1
CACHE 337/796 images instances=2822 bytes=4600634273 elapsed_s=110.4
CACHE 338/796 images instances=2832 bytes=4615001031 elapsed_s=110.7
CACHE 339/796 images instances=2841 bytes=4628927839 elapsed_s=111.0
CACHE 340/796 images instances=2853 bytes=4644172385 elapsed_s=111.3
CACHE 341/796 images instances=2865 bytes=4659416867 elapsed_s=111.6
CACHE 342/796 images instances=2871 bytes=4672026651 elapsed_s=111.8
CACHE 343/796 images instances=2881 bytes=4686391233 elapsed_s=112.1
CACHE 344/796 images instances=2893 bytes=4701635651 elapsed_s=112.4
CACHE 345/796 images instances=2905 bytes=4716878789 elapsed_s=112.7
CACHE 346/796 images instances=2914 bytes=4730806045 elapsed_s=112.9
CACHE 347/796 images instances=2916 bytes=4741658833 elapsed_s=113.2
CACHE 348/796 images instances=2917 bytes=4752072388 elapsed_s=113.4
CACHE 349/796 images instances=2929 bytes=4767316742 elapsed_s=113.7
CACHE 350/796 images instances=2934 bytes=4779486141 elapsed_s=113.9
CACHE 351/796 images instances=2937 bytes=4790780274 elapsed_s=114.1
CACHE 352/796 images instances=2949 bytes=4806023732 elapsed_s=114.4
CACHE 353/796 images instances=2950 bytes=4816437927 elapsed_s=114.6
CACHE 354/796 images instances=2962 bytes=4831680617 elapsed_s=114.9
CACHE 355/796 images instances=2974 bytes=4846924907 elapsed_s=115.2
CACHE 356/796 images instances=2983 bytes=4860850499 elapsed_s=115.5
CACHE 357/796 images instances=2995 bytes=4876093893 elapsed_s=115.7
CACHE 358/796 images instances=3007 bytes=4891336839 elapsed_s=116.0
CACHE 359/796 images instances=3019 bytes=4906581257 elapsed_s=116.3
CACHE 360/796 images instances=3031 bytes=4921823499 elapsed_s=116.6
CACHE 361/796 images instances=3042 bytes=4936627967 elapsed_s=116.9
CACHE 362/796 images instances=3043 bytes=4947041458 elapsed_s=117.1
CACHE 363/796 images instances=3054 bytes=4961846566 elapsed_s=117.4
CACHE 364/796 images instances=3066 bytes=4977091048 elapsed_s=117.7
CACHE 365/796 images instances=3078 bytes=4992335082 elapsed_s=118.0
CACHE 366/796 images instances=3090 bytes=5007579564 elapsed_s=118.3
CACHE 367/796 images instances=3092 bytes=5018432800 elapsed_s=118.5
CACHE 368/796 images instances=3104 bytes=5033676258 elapsed_s=118.8
CACHE 369/796 images instances=3111 bytes=5046724510 elapsed_s=119.0
CACHE 370/796 images instances=3116 bytes=5058893973 elapsed_s=119.2
CACHE 371/796 images instances=3128 bytes=5074137751 elapsed_s=119.5
CACHE 372/796 images instances=3133 bytes=5086307214 elapsed_s=119.8
CACHE 373/796 images instances=3145 bytes=5101550928 elapsed_s=120.1
CACHE 374/796 images instances=3146 bytes=5111965763 elapsed_s=120.3
CACHE 375/796 images instances=3158 bytes=5127210181 elapsed_s=120.6
CACHE 376/796 images instances=3168 bytes=5141575851 elapsed_s=120.9
CACHE 377/796 images instances=3180 bytes=5156820461 elapsed_s=121.2
CACHE 378/796 images instances=3192 bytes=5172064751 elapsed_s=121.5
CACHE 379/796 images instances=3204 bytes=5187308657 elapsed_s=121.9
CACHE 380/796 images instances=3216 bytes=5202553139 elapsed_s=122.2
CACHE 381/796 images instances=3228 bytes=5217797173 elapsed_s=122.5
CACHE 382/796 images instances=3231 bytes=5229088490 elapsed_s=122.7
CACHE 383/796 images instances=3235 bytes=5240818976 elapsed_s=122.9
CACHE 384/796 images instances=3244 bytes=5254744696 elapsed_s=123.2
CACHE 385/796 images instances=3250 bytes=5267353200 elapsed_s=123.4
CACHE 386/796 images instances=3252 bytes=5278205668 elapsed_s=123.6
CACHE 387/796 images instances=3256 bytes=5289936666 elapsed_s=123.8
CACHE 388/796 images instances=3268 bytes=5305181020 elapsed_s=124.1
CACHE 389/796 images instances=3271 bytes=5316472593 elapsed_s=124.4
CACHE 390/796 images instances=3283 bytes=5331715283 elapsed_s=124.6
CACHE 391/796 images instances=3286 bytes=5343007240 elapsed_s=124.8
CACHE 392/796 images instances=3292 bytes=5355615424 elapsed_s=125.1
CACHE 393/796 images instances=3299 bytes=5368665468 elapsed_s=125.3
CACHE 394/796 images instances=3301 bytes=5379518832 elapsed_s=125.6
CACHE 395/796 images instances=3303 bytes=5390371300 elapsed_s=125.8
CACHE 396/796 images instances=3315 bytes=5405615782 elapsed_s=126.1
CACHE 397/796 images instances=3318 bytes=5416907227 elapsed_s=126.3
CACHE 398/796 images instances=3324 bytes=5429516563 elapsed_s=126.5
CACHE 399/796 images instances=3327 bytes=5440808392 elapsed_s=126.8
CACHE 400/796 images instances=3336 bytes=5454735392 elapsed_s=127.0
CACHE 401/796 images instances=3348 bytes=5469979874 elapsed_s=127.3
CACHE 402/796 images instances=3359 bytes=5484784918 elapsed_s=127.6
CACHE 403/796 images instances=3365 bytes=5497394190 elapsed_s=127.9
CACHE 404/796 images instances=3377 bytes=5512637648 elapsed_s=128.1
CACHE 405/796 images instances=3379 bytes=5523490628 elapsed_s=128.4
CACHE 406/796 images instances=3391 bytes=5538735174 elapsed_s=128.7
CACHE 407/796 images instances=3403 bytes=5553978632 elapsed_s=129.0
CACHE 408/796 images instances=3415 bytes=5569221386 elapsed_s=129.3
CACHE 409/796 images instances=3417 bytes=5580075646 elapsed_s=129.5
CACHE 410/796 images instances=3429 bytes=5595319872 elapsed_s=129.8
CACHE 411/796 images instances=3433 bytes=5607050230 elapsed_s=130.0
CACHE 412/796 images instances=3445 bytes=5622294328 elapsed_s=130.3
CACHE 413/796 images instances=3456 bytes=5637099756 elapsed_s=130.6
CACHE 414/796 images instances=3468 bytes=5652344302 elapsed_s=130.9
CACHE 415/796 images instances=3480 bytes=5667587120 elapsed_s=131.2
CACHE 416/796 images instances=3492 bytes=5682831538 elapsed_s=131.5
CACHE 417/796 images instances=3504 bytes=5698074676 elapsed_s=131.7
CACHE 418/796 images instances=3508 bytes=5709806890 elapsed_s=132.0
CACHE 419/796 images instances=3512 bytes=5721537120 elapsed_s=132.2
CACHE 420/796 images instances=3521 bytes=5735462712 elapsed_s=132.4
CACHE 421/796 images instances=3525 bytes=5747194222 elapsed_s=132.7
CACHE 422/796 images instances=3537 bytes=5762437488 elapsed_s=133.0
CACHE 423/796 images instances=3549 bytes=5777681458 elapsed_s=133.3
CACHE 424/796 images instances=3561 bytes=5792925108 elapsed_s=133.6
CACHE 425/796 images instances=3565 bytes=5804655658 elapsed_s=133.8
CACHE 426/796 images instances=3577 bytes=5819899244 elapsed_s=134.1
CACHE 427/796 images instances=3589 bytes=5835143662 elapsed_s=134.4
CACHE 428/796 images instances=3593 bytes=5846874660 elapsed_s=134.6
CACHE 429/796 images instances=3605 bytes=5862118502 elapsed_s=134.9
CACHE 430/796 images instances=3612 bytes=5875167138 elapsed_s=135.1
CACHE 431/796 images instances=3624 bytes=5890411428 elapsed_s=135.5
CACHE 432/796 images instances=3636 bytes=5905655910 elapsed_s=135.8
CACHE 433/796 images instances=3648 bytes=5920900072 elapsed_s=136.1
CACHE 434/796 images instances=3660 bytes=5936142314 elapsed_s=136.4
CACHE 435/796 images instances=3668 bytes=5949629684 elapsed_s=136.6
CACHE 436/796 images instances=3680 bytes=5964873590 elapsed_s=137.0
CACHE 437/796 images instances=3687 bytes=5977921522 elapsed_s=137.2
CACHE 438/796 images instances=3688 bytes=5988335205 elapsed_s=137.4
CACHE 439/796 images instances=3689 bytes=5998748760 elapsed_s=137.7
CACHE 440/796 images instances=3692 bytes=6010043085 elapsed_s=137.9
CACHE 441/796 images instances=3704 bytes=6025286927 elapsed_s=138.2
CACHE 442/796 images instances=3706 bytes=6036139523 elapsed_s=138.4
CACHE 443/796 images instances=3718 bytes=6051383749 elapsed_s=138.7
CACHE 444/796 images instances=3730 bytes=6066628231 elapsed_s=139.0
CACHE 445/796 images instances=3742 bytes=6081872777 elapsed_s=139.3
CACHE 446/796 images instances=3754 bytes=6097117131 elapsed_s=139.6
CACHE 447/796 images instances=3766 bytes=6112360333 elapsed_s=139.9
CACHE 448/796 images instances=3772 bytes=6124968773 elapsed_s=140.1
CACHE 449/796 images instances=3784 bytes=6140212615 elapsed_s=140.4
CACHE 450/796 images instances=3787 bytes=6151504124 elapsed_s=140.7
CACHE 451/796 images instances=3799 bytes=6166748670 elapsed_s=141.0
CACHE 452/796 images instances=3800 bytes=6177162289 elapsed_s=141.2
CACHE 453/796 images instances=3812 bytes=6192405299 elapsed_s=141.5
CACHE 454/796 images instances=3818 bytes=6205016171 elapsed_s=141.8
CACHE 455/796 images instances=3822 bytes=6216746401 elapsed_s=142.0
CACHE 456/796 images instances=3834 bytes=6231989155 elapsed_s=142.3
CACHE 457/796 images instances=3835 bytes=6242402710 elapsed_s=142.5
CACHE 458/796 images instances=3847 bytes=6257647256 elapsed_s=142.9
CACHE 459/796 images instances=3857 bytes=6272013054 elapsed_s=143.2
CACHE 460/796 images instances=3869 bytes=6287257600 elapsed_s=143.5
CACHE 461/796 images instances=3881 bytes=6302502018 elapsed_s=143.8
CACHE 462/796 images instances=3893 bytes=6317745796 elapsed_s=144.1
CACHE 463/796 images instances=3905 bytes=6332989190 elapsed_s=144.4
CACHE 464/796 images instances=3917 bytes=6348233672 elapsed_s=144.7
CACHE 465/796 images instances=3923 bytes=6360842304 elapsed_s=145.0
CACHE 466/796 images instances=3935 bytes=6376086722 elapsed_s=145.3
CACHE 467/796 images instances=3947 bytes=6391331140 elapsed_s=145.6
CACHE 468/796 images instances=3959 bytes=6406575302 elapsed_s=145.9
CACHE 469/796 images instances=3960 bytes=6416989241 elapsed_s=146.1
CACHE 470/796 images instances=3968 bytes=6430476995 elapsed_s=146.4
CACHE 471/796 images instances=3977 bytes=6444404891 elapsed_s=146.7
CACHE 472/796 images instances=3989 bytes=6459648989 elapsed_s=147.0
CACHE 473/796 images instances=4001 bytes=6474893407 elapsed_s=147.2
CACHE 474/796 images instances=4004 bytes=6486185684 elapsed_s=147.4
CACHE 475/796 images instances=4007 bytes=6497477833 elapsed_s=147.6
CACHE 476/796 images instances=4019 bytes=6512721867 elapsed_s=147.9
CACHE 477/796 images instances=4023 bytes=6524452289 elapsed_s=148.1
CACHE 478/796 images instances=4035 bytes=6539696131 elapsed_s=148.5
CACHE 479/796 images instances=4047 bytes=6554940229 elapsed_s=148.8
CACHE 480/796 images instances=4059 bytes=6570182983 elapsed_s=149.1
CACHE 481/796 images instances=4061 bytes=6581035707 elapsed_s=149.3
CACHE 482/796 images instances=4073 bytes=6596280061 elapsed_s=149.6
CACHE 483/796 images instances=4083 bytes=6610646563 elapsed_s=149.9
CACHE 484/796 images instances=4095 bytes=6625891109 elapsed_s=150.2
CACHE 485/796 images instances=4096 bytes=6636305240 elapsed_s=150.4
CACHE 486/796 images instances=4107 bytes=6651109836 elapsed_s=150.7
CACHE 487/796 images instances=4116 bytes=6665034980 elapsed_s=151.0
CACHE 488/796 images instances=4124 bytes=6678522862 elapsed_s=151.2
CACHE 489/796 images instances=4127 bytes=6689814947 elapsed_s=151.4
CACHE 490/796 images instances=4139 bytes=6705059301 elapsed_s=151.7
CACHE 491/796 images instances=4146 bytes=6718106209 elapsed_s=152.0
CACHE 492/796 images instances=4155 bytes=6732033465 elapsed_s=152.2
CACHE 493/796 images instances=4161 bytes=6744641713 elapsed_s=152.5
CACHE 494/796 images instances=4173 bytes=6759885811 elapsed_s=152.8
CACHE 495/796 images instances=4174 bytes=6770299302 elapsed_s=153.0
CACHE 496/796 images instances=4176 bytes=6781151706 elapsed_s=153.2
CACHE 497/796 images instances=4188 bytes=6796395420 elapsed_s=153.5
CACHE 498/796 images instances=4200 bytes=6811639710 elapsed_s=153.9
CACHE 499/796 images instances=4212 bytes=6826882720 elapsed_s=154.2
CACHE 500/796 images instances=4213 bytes=6837297299 elapsed_s=154.4
CACHE 501/796 images instances=4219 bytes=6849908299 elapsed_s=154.7
CACHE 502/796 images instances=4231 bytes=6865152717 elapsed_s=155.0
CACHE 503/796 images instances=4235 bytes=6876884483 elapsed_s=155.2
CACHE 504/796 images instances=4247 bytes=6892128965 elapsed_s=155.5
CACHE 505/796 images instances=4259 bytes=6907373127 elapsed_s=155.8
CACHE 506/796 images instances=4271 bytes=6922617353 elapsed_s=156.1
CACHE 507/796 images instances=4283 bytes=6937861323 elapsed_s=156.4
CACHE 508/796 images instances=4295 bytes=6953104973 elapsed_s=156.7
CACHE 509/796 images instances=4307 bytes=6968348943 elapsed_s=157.0
CACHE 510/796 images instances=4319 bytes=6983593361 elapsed_s=157.3
CACHE 511/796 images instances=4331 bytes=6998837907 elapsed_s=157.6
CACHE 512/796 images instances=4342 bytes=7013643015 elapsed_s=157.9
CACHE 513/796 images instances=4349 bytes=7026691395 elapsed_s=158.1
CACHE 514/796 images instances=4361 bytes=7041935877 elapsed_s=158.4
CACHE 515/796 images instances=4370 bytes=7055861149 elapsed_s=158.7
CACHE 516/796 images instances=4382 bytes=7071105183 elapsed_s=159.0
CACHE 517/796 images instances=4392 bytes=7085469509 elapsed_s=159.2
CACHE 518/796 images instances=4404 bytes=7100713799 elapsed_s=159.5
CACHE 519/796 images instances=4406 bytes=7111566267 elapsed_s=159.8
CACHE 520/796 images instances=4408 bytes=7122419311 elapsed_s=160.0
CACHE 521/796 images instances=4411 bytes=7133711716 elapsed_s=160.2
CACHE 522/796 images instances=4422 bytes=7148514456 elapsed_s=160.5
CACHE 523/796 images instances=4434 bytes=7163758490 elapsed_s=160.8
CACHE 524/796 images instances=4446 bytes=7179002588 elapsed_s=161.0
CACHE 525/796 images instances=4448 bytes=7189855056 elapsed_s=161.3
CACHE 526/796 images instances=4456 bytes=7203342682 elapsed_s=161.5
CACHE 527/796 images instances=4457 bytes=7213756621 elapsed_s=161.7
CACHE 528/796 images instances=4462 bytes=7225926276 elapsed_s=162.0
CACHE 529/796 images instances=4469 bytes=7238974656 elapsed_s=162.2
CACHE 530/796 images instances=4472 bytes=7250265909 elapsed_s=162.5
CACHE 531/796 images instances=4478 bytes=7262876653 elapsed_s=162.7
CACHE 532/796 images instances=4482 bytes=7274608227 elapsed_s=163.0
CACHE 533/796 images instances=4494 bytes=7289851173 elapsed_s=163.2
CACHE 534/796 images instances=4505 bytes=7304656089 elapsed_s=163.5
CACHE 535/796 images instances=4512 bytes=7317704981 elapsed_s=163.8
CACHE 536/796 images instances=4524 bytes=7332948759 elapsed_s=164.1
CACHE 537/796 images instances=4527 bytes=7344240140 elapsed_s=164.3
CACHE 538/796 images instances=4539 bytes=7359484430 elapsed_s=164.6
CACHE 539/796 images instances=4551 bytes=7374728656 elapsed_s=164.9
CACHE 540/796 images instances=4559 bytes=7388216986 elapsed_s=165.2
CACHE 541/796 images instances=4571 bytes=7403461468 elapsed_s=165.5
CACHE 542/796 images instances=4578 bytes=7416508504 elapsed_s=165.7
CACHE 543/796 images instances=4586 bytes=7429995874 elapsed_s=166.0
CACHE 544/796 images instances=4593 bytes=7443045342 elapsed_s=166.3
CACHE 545/796 images instances=4605 bytes=7458289312 elapsed_s=166.6
CACHE 546/796 images instances=4617 bytes=7473533858 elapsed_s=166.9
CACHE 547/796 images instances=4620 bytes=7484825495 elapsed_s=167.1
CACHE 548/796 images instances=4632 bytes=7500068185 elapsed_s=167.4
CACHE 549/796 images instances=4644 bytes=7515311835 elapsed_s=167.7
CACHE 550/796 images instances=4649 bytes=7527483346 elapsed_s=167.9
CACHE 551/796 images instances=4654 bytes=7539652681 elapsed_s=168.1
CACHE 552/796 images instances=4657 bytes=7550944638 elapsed_s=168.4
CACHE 553/796 images instances=4669 bytes=7566188672 elapsed_s=168.7
CACHE 554/796 images instances=4679 bytes=7580553254 elapsed_s=168.9
CACHE 555/796 images instances=4691 bytes=7595797224 elapsed_s=169.2
CACHE 556/796 images instances=4703 bytes=7611041770 elapsed_s=169.5
CACHE 557/796 images instances=4715 bytes=7626285164 elapsed_s=169.8
CACHE 558/796 images instances=4727 bytes=7641529390 elapsed_s=170.1
CACHE 559/796 images instances=4739 bytes=7656773872 elapsed_s=170.4
CACHE 560/796 images instances=4751 bytes=7672018162 elapsed_s=170.7
CACHE 561/796 images instances=4763 bytes=7687261940 elapsed_s=171.0
CACHE 562/796 images instances=4764 bytes=7697675687 elapsed_s=171.2
CACHE 563/796 images instances=4776 bytes=7712920105 elapsed_s=171.5
CACHE 564/796 images instances=4788 bytes=7728164523 elapsed_s=171.8
CACHE 565/796 images instances=4800 bytes=7743407085 elapsed_s=172.1
CACHE 566/796 images instances=4805 bytes=7755578596 elapsed_s=172.3
CACHE 567/796 images instances=4816 bytes=7770382360 elapsed_s=172.6
CACHE 568/796 images instances=4817 bytes=7780796299 elapsed_s=172.8
CACHE 569/796 images instances=4823 bytes=7793406211 elapsed_s=173.0
CACHE 570/796 images instances=4835 bytes=7808649861 elapsed_s=173.3
CACHE 571/796 images instances=4836 bytes=7819063800 elapsed_s=173.5
CACHE 572/796 images instances=4848 bytes=7834307770 elapsed_s=173.9
CACHE 573/796 images instances=4849 bytes=7844721517 elapsed_s=174.1
CACHE 574/796 images instances=4852 bytes=7856016034 elapsed_s=174.3
CACHE 575/796 images instances=4859 bytes=7869063198 elapsed_s=174.6
CACHE 576/796 images instances=4871 bytes=7884306976 elapsed_s=174.8
CACHE 577/796 images instances=4883 bytes=7899550626 elapsed_s=175.1
CACHE 578/796 images instances=4895 bytes=7914793124 elapsed_s=175.4
CACHE 579/796 images instances=4907 bytes=7930037798 elapsed_s=175.8
CACHE 580/796 images instances=4919 bytes=7945281960 elapsed_s=176.1
CACHE 581/796 images instances=4929 bytes=7959646286 elapsed_s=176.3
CACHE 582/796 images instances=4941 bytes=7974890128 elapsed_s=176.6
CACHE 583/796 images instances=4953 bytes=7990134098 elapsed_s=176.9
CACHE 584/796 images instances=4965 bytes=8005378132 elapsed_s=177.2
CACHE 585/796 images instances=4977 bytes=8020622614 elapsed_s=177.5
CACHE 586/796 images instances=4984 bytes=8033670738 elapsed_s=177.7
CACHE 587/796 images instances=4996 bytes=8048914964 elapsed_s=178.0
CACHE 588/796 images instances=5000 bytes=8060646538 elapsed_s=178.3
CACHE 589/796 images instances=5006 bytes=8073255106 elapsed_s=178.5
CACHE 590/796 images instances=5009 bytes=8084546743 elapsed_s=178.8
CACHE 591/796 images instances=5021 bytes=8099791097 elapsed_s=179.0
CACHE 592/796 images instances=5033 bytes=8115035067 elapsed_s=179.4
CACHE 593/796 images instances=5045 bytes=8130279229 elapsed_s=179.6
CACHE 594/796 images instances=5057 bytes=8145523519 elapsed_s=180.0
CACHE 595/796 images instances=5067 bytes=8159889765 elapsed_s=180.3
CACHE 596/796 images instances=5079 bytes=8175133351 elapsed_s=180.6
CACHE 597/796 images instances=5080 bytes=8185547226 elapsed_s=180.8
CACHE 598/796 images instances=5092 bytes=8200791324 elapsed_s=181.1
CACHE 599/796 images instances=5104 bytes=8216035614 elapsed_s=181.4
CACHE 600/796 images instances=5105 bytes=8226449233 elapsed_s=181.6
CACHE 601/796 images instances=5108 bytes=8237740550 elapsed_s=181.8
CACHE 602/796 images instances=5120 bytes=8252984648 elapsed_s=182.1
CACHE 603/796 images instances=5132 bytes=8268229322 elapsed_s=182.5
CACHE 604/796 images instances=5144 bytes=8283471884 elapsed_s=182.7
CACHE 605/796 images instances=5156 bytes=8298716046 elapsed_s=183.0
CACHE 606/796 images instances=5160 bytes=8310446468 elapsed_s=183.2
CACHE 607/796 images instances=5169 bytes=8324372124 elapsed_s=183.5
CACHE 608/796 images instances=5181 bytes=8339616606 elapsed_s=183.8
CACHE 609/796 images instances=5191 bytes=8353982532 elapsed_s=184.1
CACHE 610/796 images instances=5192 bytes=8364396919 elapsed_s=184.3
CACHE 611/796 images instances=5197 bytes=8376567022 elapsed_s=184.5
CACHE 612/796 images instances=5209 bytes=8391811568 elapsed_s=184.8
CACHE 613/796 images instances=5215 bytes=8404419816 elapsed_s=185.1
CACHE 614/796 images instances=5227 bytes=8419664746 elapsed_s=185.4
CACHE 615/796 images instances=5239 bytes=8434908012 elapsed_s=185.7
CACHE 616/796 images instances=5240 bytes=8445321695 elapsed_s=185.9
CACHE 617/796 images instances=5244 bytes=8457053781 elapsed_s=186.1
CACHE 618/796 images instances=5247 bytes=8468345994 elapsed_s=186.4
CACHE 619/796 images instances=5250 bytes=8479639295 elapsed_s=186.6
CACHE 620/796 images instances=5262 bytes=8494883265 elapsed_s=186.9
CACHE 621/796 images instances=5263 bytes=8505297972 elapsed_s=187.1
CACHE 622/796 images instances=5275 bytes=8520540278 elapsed_s=187.4
CACHE 623/796 images instances=5287 bytes=8535784248 elapsed_s=187.7
CACHE 624/796 images instances=5299 bytes=8551028730 elapsed_s=188.0
CACHE 625/796 images instances=5311 bytes=8566272380 elapsed_s=188.3
CACHE 626/796 images instances=5323 bytes=8581514494 elapsed_s=188.6
CACHE 627/796 images instances=5325 bytes=8592366962 elapsed_s=188.8
CACHE 628/796 images instances=5335 bytes=8606732632 elapsed_s=189.1
CACHE 629/796 images instances=5343 bytes=8620219106 elapsed_s=189.3
CACHE 630/796 images instances=5353 bytes=8634585288 elapsed_s=189.6
CACHE 631/796 images instances=5360 bytes=8647634244 elapsed_s=189.9
CACHE 632/796 images instances=5363 bytes=8658925497 elapsed_s=190.1
CACHE 633/796 images instances=5375 bytes=8674169723 elapsed_s=190.4
CACHE 634/796 images instances=5387 bytes=8689412989 elapsed_s=190.7
CACHE 635/796 images instances=5393 bytes=8702023093 elapsed_s=190.9
CACHE 636/796 images instances=5405 bytes=8717267255 elapsed_s=191.2
CACHE 637/796 images instances=5410 bytes=8729436782 elapsed_s=191.5
CACHE 638/796 images instances=5422 bytes=8744680816 elapsed_s=191.8
CACHE 639/796 images instances=5434 bytes=8759924594 elapsed_s=192.0
CACHE 640/796 images instances=5446 bytes=8775169140 elapsed_s=192.3
CACHE 641/796 images instances=5458 bytes=8790413686 elapsed_s=192.6
CACHE 642/796 images instances=5462 bytes=8802145004 elapsed_s=192.8
CACHE 643/796 images instances=5474 bytes=8817388462 elapsed_s=193.1
CACHE 644/796 images instances=5486 bytes=8832631088 elapsed_s=193.3
CACHE 645/796 images instances=5498 bytes=8847874738 elapsed_s=193.6
CACHE 646/796 images instances=5500 bytes=8858727142 elapsed_s=193.8
CACHE 647/796 images instances=5512 bytes=8873971688 elapsed_s=194.1
CACHE 648/796 images instances=5524 bytes=8889215914 elapsed_s=194.4
CACHE 649/796 images instances=5529 bytes=8901385441 elapsed_s=194.6
CACHE 650/796 images instances=5541 bytes=8916629091 elapsed_s=194.9
CACHE 651/796 images instances=5553 bytes=8931872997 elapsed_s=195.2
CACHE 652/796 images instances=5558 bytes=8944042908 elapsed_s=195.5
CACHE 653/796 images instances=5560 bytes=8954895376 elapsed_s=195.7
CACHE 654/796 images instances=5572 bytes=8970139218 elapsed_s=196.0
CACHE 655/796 images instances=5576 bytes=8981872264 elapsed_s=196.2
CACHE 656/796 images instances=5578 bytes=8992724796 elapsed_s=196.4
CACHE 657/796 images instances=5590 bytes=9007968254 elapsed_s=196.7
CACHE 658/796 images instances=5602 bytes=9023211712 elapsed_s=197.0
CACHE 659/796 images instances=5614 bytes=9038454658 elapsed_s=197.3
CACHE 660/796 images instances=5615 bytes=9048868341 elapsed_s=197.5
CACHE 661/796 images instances=5619 bytes=9060599531 elapsed_s=197.7
CACHE 662/796 images instances=5620 bytes=9071013918 elapsed_s=197.9
CACHE 663/796 images instances=5622 bytes=9081866578 elapsed_s=198.1
CACHE 664/796 images instances=5627 bytes=9094036489 elapsed_s=198.4
CACHE 665/796 images instances=5629 bytes=9104889021 elapsed_s=198.6
CACHE 666/796 images instances=5641 bytes=9120133119 elapsed_s=198.9
CACHE 667/796 images instances=5653 bytes=9135377025 elapsed_s=199.2
CACHE 668/796 images instances=5662 bytes=9149301849 elapsed_s=199.4
CACHE 669/796 images instances=5674 bytes=9164545563 elapsed_s=199.7
CACHE 670/796 images instances=5686 bytes=9179789725 elapsed_s=200.0
CACHE 671/796 images instances=5698 bytes=9195033183 elapsed_s=200.3
CACHE 672/796 images instances=5700 bytes=9205885587 elapsed_s=200.5
CACHE 673/796 images instances=5712 bytes=9221128277 elapsed_s=200.8
CACHE 674/796 images instances=5724 bytes=9236372183 elapsed_s=201.1
CACHE 675/796 images instances=5736 bytes=9251616729 elapsed_s=201.4
CACHE 676/796 images instances=5748 bytes=9266859163 elapsed_s=201.7
CACHE 677/796 images instances=5760 bytes=9282103517 elapsed_s=202.0
CACHE 678/796 images instances=5764 bytes=9293833811 elapsed_s=202.2
CACHE 679/796 images instances=5776 bytes=9309078037 elapsed_s=202.5
CACHE 680/796 images instances=5788 bytes=9324322391 elapsed_s=202.8
CACHE 681/796 images instances=5800 bytes=9339566617 elapsed_s=203.1
CACHE 682/796 images instances=5803 bytes=9350858510 elapsed_s=203.3
CACHE 683/796 images instances=5813 bytes=9365224372 elapsed_s=203.6
CACHE 684/796 images instances=5825 bytes=9380468342 elapsed_s=203.9
CACHE 685/796 images instances=5828 bytes=9391761643 elapsed_s=204.1
CACHE 686/796 images instances=5829 bytes=9402176606 elapsed_s=204.3
CACHE 687/796 images instances=5841 bytes=9417420320 elapsed_s=204.6
CACHE 688/796 images instances=5844 bytes=9428713941 elapsed_s=204.8
CACHE 689/796 images instances=5845 bytes=9439127496 elapsed_s=205.0
CACHE 690/796 images instances=5852 bytes=9452175044 elapsed_s=205.3
CACHE 691/796 images instances=5858 bytes=9464784508 elapsed_s=205.5
CACHE 692/796 images instances=5870 bytes=9480026238 elapsed_s=205.8
CACHE 693/796 images instances=5882 bytes=9495270464 elapsed_s=206.1
CACHE 694/796 images instances=5894 bytes=9510513218 elapsed_s=206.4
CACHE 695/796 images instances=5903 bytes=9524440346 elapsed_s=206.7
CACHE 696/796 images instances=5905 bytes=9535293646 elapsed_s=206.9
CACHE 697/796 images instances=5917 bytes=9550536592 elapsed_s=207.2
CACHE 698/796 images instances=5920 bytes=9561830277 elapsed_s=207.4
CACHE 699/796 images instances=5921 bytes=9572245816 elapsed_s=207.6
CACHE 700/796 images instances=5926 bytes=9584416751 elapsed_s=207.9
CACHE 701/796 images instances=5938 bytes=9599660913 elapsed_s=208.2
CACHE 702/796 images instances=5949 bytes=9614466597 elapsed_s=208.5
CACHE 703/796 images instances=5951 bytes=9625319129 elapsed_s=208.7
CACHE 704/796 images instances=5952 bytes=9635732940 elapsed_s=208.9
CACHE 705/796 images instances=5956 bytes=9647465538 elapsed_s=209.2
CACHE 706/796 images instances=5968 bytes=9662709508 elapsed_s=209.5
CACHE 707/796 images instances=5971 bytes=9674001785 elapsed_s=209.7
CACHE 708/796 images instances=5977 bytes=9686610737 elapsed_s=209.9
CACHE 709/796 images instances=5989 bytes=9701855219 elapsed_s=210.2
CACHE 710/796 images instances=5992 bytes=9713146920 elapsed_s=210.5
CACHE 711/796 images instances=6004 bytes=9728390762 elapsed_s=210.8
CACHE 712/796 images instances=6016 bytes=9743635308 elapsed_s=211.1
CACHE 713/796 images instances=6028 bytes=9758879214 elapsed_s=211.4
CACHE 714/796 images instances=6034 bytes=9771487846 elapsed_s=211.6
CACHE 715/796 images instances=6042 bytes=9784976688 elapsed_s=211.9
CACHE 716/796 images instances=6044 bytes=9795829092 elapsed_s=212.1
CACHE 717/796 images instances=6056 bytes=9811072934 elapsed_s=212.4
CACHE 718/796 images instances=6060 bytes=9822805788 elapsed_s=212.7
CACHE 719/796 images instances=6065 bytes=9834977171 elapsed_s=212.9
CACHE 720/796 images instances=6070 bytes=9847148426 elapsed_s=213.1
CACHE 721/796 images instances=6082 bytes=9862392076 elapsed_s=213.5
CACHE 722/796 images instances=6094 bytes=9877635022 elapsed_s=213.8
CACHE 723/796 images instances=6096 bytes=9888487618 elapsed_s=214.0
CACHE 724/796 images instances=6108 bytes=9903731268 elapsed_s=214.3
CACHE 725/796 images instances=6114 bytes=9916340284 elapsed_s=214.5
CACHE 726/796 images instances=6126 bytes=9931584702 elapsed_s=214.8
CACHE 727/796 images instances=6132 bytes=9944193974 elapsed_s=215.0
CACHE 728/796 images instances=6141 bytes=9958119566 elapsed_s=215.3
CACHE 729/796 images instances=6153 bytes=9973363856 elapsed_s=215.6
CACHE 730/796 images instances=6162 bytes=9987291176 elapsed_s=215.9
CACHE 731/796 images instances=6163 bytes=9997706395 elapsed_s=216.1
CACHE 732/796 images instances=6175 bytes=10012950429 elapsed_s=216.4
CACHE 733/796 images instances=6177 bytes=10023802897 elapsed_s=216.6
CACHE 734/796 images instances=6189 bytes=10039047443 elapsed_s=216.9
CACHE 735/796 images instances=6194 bytes=10051216522 elapsed_s=217.1
CACHE 736/796 images instances=6196 bytes=10062068926 elapsed_s=217.3
CACHE 737/796 images instances=6208 bytes=10077313216 elapsed_s=217.6
CACHE 738/796 images instances=6215 bytes=10090362108 elapsed_s=217.9
CACHE 739/796 images instances=6226 bytes=10105166704 elapsed_s=218.2
CACHE 740/796 images instances=6238 bytes=10120410930 elapsed_s=218.5
CACHE 741/796 images instances=6242 bytes=10132141352 elapsed_s=218.7
CACHE 742/796 images instances=6254 bytes=10147384554 elapsed_s=219.0
CACHE 743/796 images instances=6266 bytes=10162628524 elapsed_s=219.3
CACHE 744/796 images instances=6274 bytes=10176116598 elapsed_s=219.6
CACHE 745/796 images instances=6286 bytes=10191359480 elapsed_s=219.8
CACHE 746/796 images instances=6298 bytes=10206603770 elapsed_s=220.1
CACHE 747/796 images instances=6303 bytes=10218773169 elapsed_s=220.3
CACHE 748/796 images instances=6315 bytes=10234017907 elapsed_s=220.7
CACHE 749/796 images instances=6327 bytes=10249261237 elapsed_s=221.0
CACHE 750/796 images instances=6339 bytes=10264505655 elapsed_s=221.3
CACHE 751/796 images instances=6351 bytes=10279749241 elapsed_s=221.6
CACHE 752/796 images instances=6363 bytes=10294992507 elapsed_s=221.8
CACHE 753/796 images instances=6375 bytes=10310237053 elapsed_s=222.2
CACHE 754/796 images instances=6387 bytes=10325480639 elapsed_s=222.5
CACHE 755/796 images instances=6399 bytes=10340725057 elapsed_s=222.8
CACHE 756/796 images instances=6403 bytes=10352455415 elapsed_s=223.0
CACHE 757/796 images instances=6415 bytes=10367699897 elapsed_s=223.3
CACHE 758/796 images instances=6427 bytes=10382943611 elapsed_s=223.6
CACHE 759/796 images instances=6429 bytes=10393797871 elapsed_s=223.8
CACHE 760/796 images instances=6431 bytes=10404650275 elapsed_s=224.0
CACHE 761/796 images instances=6443 bytes=10419892901 elapsed_s=224.3
CACHE 762/796 images instances=6451 bytes=10433379055 elapsed_s=224.5
CACHE 763/796 images instances=6462 bytes=10448184739 elapsed_s=224.8
CACHE 764/796 images instances=6469 bytes=10461232159 elapsed_s=225.1
CACHE 765/796 images instances=6481 bytes=10476476641 elapsed_s=225.4
CACHE 766/796 images instances=6483 bytes=10487329685 elapsed_s=225.6
CACHE 767/796 images instances=6490 bytes=10500377489 elapsed_s=225.8
CACHE 768/796 images instances=6491 bytes=10510791428 elapsed_s=226.0
CACHE 769/796 images instances=6503 bytes=10526034438 elapsed_s=226.3
CACHE 770/796 images instances=6511 bytes=10539520400 elapsed_s=226.5
CACHE 771/796 images instances=6513 bytes=10550372868 elapsed_s=226.8
CACHE 772/796 images instances=6525 bytes=10565616070 elapsed_s=227.0
CACHE 773/796 images instances=6537 bytes=10580860552 elapsed_s=227.3
CACHE 774/796 images instances=6549 bytes=10596105098 elapsed_s=227.7
CACHE 775/796 images instances=6558 bytes=10610031010 elapsed_s=227.9
CACHE 776/796 images instances=6561 bytes=10621322647 elapsed_s=228.2
CACHE 777/796 images instances=6573 bytes=10636566745 elapsed_s=228.5
CACHE 778/796 images instances=6575 bytes=10647419213 elapsed_s=228.7
CACHE 779/796 images instances=6587 bytes=10662662863 elapsed_s=229.0
CACHE 780/796 images instances=6599 bytes=10677907217 elapsed_s=229.3
CACHE 781/796 images instances=6602 bytes=10689199814 elapsed_s=229.5
CACHE 782/796 images instances=6609 bytes=10702249538 elapsed_s=229.7
CACHE 783/796 images instances=6621 bytes=10717493444 elapsed_s=230.0
CACHE 784/796 images instances=6630 bytes=10731419100 elapsed_s=230.3
CACHE 785/796 images instances=6642 bytes=10746661406 elapsed_s=230.5
CACHE 786/796 images instances=6654 bytes=10761905824 elapsed_s=230.9
CACHE 787/796 images instances=6655 bytes=10772319443 elapsed_s=231.1
CACHE 788/796 images instances=6667 bytes=10787563733 elapsed_s=231.4
CACHE 789/796 images instances=6670 bytes=10798854986 elapsed_s=231.6
CACHE 790/796 images instances=6672 bytes=10809707902 elapsed_s=231.8
CACHE 791/796 images instances=6683 bytes=10824513138 elapsed_s=232.1
CACHE 792/796 images instances=6690 bytes=10837562286 elapsed_s=232.4
CACHE 793/796 images instances=6692 bytes=10848415650 elapsed_s=232.6
CACHE 794/796 images instances=6695 bytes=10859707415 elapsed_s=232.8
CACHE 795/796 images instances=6700 bytes=10871877006 elapsed_s=233.0
CACHE 796/796 images instances=6712 bytes=10887120784 elapsed_s=233.3
