{
  "audit_version": "triflow_20k_epoch_readout_verify_r3_v1",
  "generated_at_utc": "2026-10-07T23:49:36.693053+00:00",
  "verifier_source": "D:\\coco_wire\\experiments\\triflow_20k_training_20261007\\runs\\RUN_TRIFLOW_20K_EPOCH04_READOUT_VERIFY_S0\\source\\verify_epoch_readout_r3.py",
  "verifier_source_sha256": "e4c6926e8225b41f17c6efdcb72c7c09ba2ceaaa0e5740906335b1ae4a59f734",
  "interpreter": "C:\\Users\\28358\\anaconda3\\envs\\pytorch\\python.exe",
  "python_version": "3.12.3 | packaged by conda-forge | (main, Apr 15 2024, 18:20:11) [MSC v.1938 64 bit (AMD64)]",
  "run": "D:\\coco_wire\\experiments\\triflow_20k_training_20261007\\runs\\RUN_TRIFLOW_20K_EPOCH04_EVAL_S0",
  "status": "passed",
  "passed": true,
  "checks": 1099028,
  "missing": [],
  "missing_count": 0,
  "errors": [],
  "error_count": 0,
  "failure_examples_limited_to": 50,
  "evidence": {
    "SUMMARY.json": {
      "sha256": "3fb58bf762b7068f926264741f30b48166514ef59118bcdbd98ce2a7abe9340f",
      "bytes": 481028
    },
    "EVALUATION_COMPLETE.json": {
      "sha256": "370db8f62e824a548d5caf9dbeeff2ae62bc7261366b29077609e005890d8a1b",
      "bytes": 192
    },
    "EVALUATION_INPUTS.json": {
      "sha256": "f671b7539ab898c23fe57533a3e9d919f812ebe80c332fa84af975327f69cc5f",
      "bytes": 90529
    },
    "source/triflow_model.py": {
      "sha256": "1b96e0767ab1985875cdfec33cdd6e98a666ecd3ee5caefc7dbca9e80c35691e",
      "bytes": 44463
    },
    "source/diagnostics_runtime.py": {
      "sha256": "c24bc853ff17c7f4a0be3bc847a8b6733283b2aa06bc16388ab1b84fca3380b3",
      "bytes": 12677
    },
    "source/frozen_io.py": {
      "sha256": "cff75eec547d9ec12eda5409bd273231ab99c16cdc6119d75f6d413098363293",
      "bytes": 11487
    },
    "source/diagnostics_contract_r3.py": {
      "sha256": "cd0f43d742286365afb5fca193986422b65579f3b8ec814df4efbe3f19597e98",
      "bytes": 7439
    },
    "source/readout_support.py": {
      "sha256": "475b3c1e9ad538579aed1b6fc536dab2ce053a3a526d80ba352e82e297243488",
      "bytes": 14843
    },
    "source/evaluate_epoch_r3.py": {
      "sha256": "b3d7a17b87ad8221fc04ea17c4e3fdb1981d1b7837477534cc47ab52502460a4",
      "bytes": 55872
    },
    "HEAD_PROVENANCE.json": {
      "sha256": "4b298fec3cfce5e2c624c6cc1ac0537b383e59167726555fc1ba2977a7c7a325",
      "bytes": 11198
    },
    "EPOCH_PROVENANCE.json": {
      "sha256": "4b298fec3cfce5e2c624c6cc1ac0537b383e59167726555fc1ba2977a7c7a325",
      "bytes": 11198
    },
    "head_epoch_04.pt": {
      "sha256": "dbc9cb307237cadb866b8700585f6070e08a856040e7baa7ba933fae212c318c",
      "bytes": 6547548
    },
    "epoch_provenance/stream_data.py": {
      "sha256": "6460a9277b47a8ca790e03213afbaa5d628592b9319608e0be70dd4799091fb6",
      "bytes": 27676
    },
    "epoch_provenance/triflow_model.py": {
      "sha256": "1b96e0767ab1985875cdfec33cdd6e98a666ecd3ee5caefc7dbca9e80c35691e",
      "bytes": 44463
    },
    "epoch_provenance/train_20k.py": {
      "sha256": "944dcb27d75f1d1d9ce8cc950c206c607b73ba6023a7a5f19517134bbd2a86bb",
      "bytes": 44390
    },
    "epoch_provenance/frozen_io.py": {
      "sha256": "cff75eec547d9ec12eda5409bd273231ab99c16cdc6119d75f6d413098363293",
      "bytes": 11487
    },
    "epoch_provenance/STREAM_INPUTS.json": {
      "sha256": "e2d51ed8932689ac7153106dda6f97fa3cd5d69c205a892ba44bb1a0cbdfdfe8",
      "bytes": 1774669
    },
    "epoch_provenance/TRAINING_INPUTS.json": {
      "sha256": "f5464c0a17dcc2bcf82c4242ef16e930d1f860e15624ea24e96ed54acb1d12ff",
      "bytes": 7262
    },
    "epoch_provenance/EPOCHS_AT_BOUNDARY.json": {
      "sha256": "04e5b07f34a7b64d41299e7a54765ea57e372207c6113d052ccf59df64de1ad4",
      "bytes": 5494
    },
    "epoch_provenance/TASK_GRADIENT_EVIDENCE_AT_BOUNDARY.json": {
      "sha256": "68a0d9c718ebeae8e2ab27c39ba602d063795fb4faf279962223410226209aa6",
      "bytes": 29238
    },
    "epoch_provenance/SNAPSHOT_STATE_EVIDENCE.json": {
      "sha256": "7db5d3e890ee852eb4d74146bac48f7b5501da1cd9f50364b001b04073792d8f",
      "bytes": 5747
    },
    "BOUNDARY_CAPTURE.json": {
      "sha256": "e83551f015581484298973c771c1b84ff1bb25e2070ac4a1a05dc0d4db6cc7d0",
      "bytes": 4943
    },
    "diagnostics_provenance/diagnostics_runtime.py": {
      "sha256": "c24bc853ff17c7f4a0be3bc847a8b6733283b2aa06bc16388ab1b84fca3380b3",
      "bytes": 12677
    },
    "diagnostics_provenance/DIAGNOSTICS_PARITY.json": {
      "sha256": "8a0bedd31edae9223feb7550de035a2ff3cab15b39857585a111047ec1fad8d2",
      "bytes": 2096281
    },
    "diagnostics_provenance/DIAGNOSTICS_EXECUTION_ADDENDUM.md": {
      "sha256": "f3e909ebbcb78ffef810f9d4a71f17f92485f75cc7d7e2a60a8b6f50b9588cf8",
      "bytes": 739
    },
    "diagnostics_provenance/diagnostics_contract_r3.py": {
      "sha256": "cd0f43d742286365afb5fca193986422b65579f3b8ec814df4efbe3f19597e98",
      "bytes": 7439
    },
    "diagnostics_provenance/verify_diagnostics_runtime.py": {
      "sha256": "a01f7f3c4579ae43cc054cef5d9f508821b6517d13d6b60c2f3d79baa9d25a77",
      "bytes": 27957
    },
    "epoch_provenance/train_epoch_observer_r3.py": {
      "sha256": "6b6582094b69ab12713f64af3ac3b216d523755cf7465dbbcfd3e138cabe7559",
      "bytes": 27537
    },
    "PARENT_STATE_PARITY.json": {
      "sha256": "960c78aa3f66c6897b9c457d41f0cdabea692ed697ad5c2f7197b63d55ee38cc",
      "bytes": 2113
    },
    "BASELINE_REPLAY_VERIFICATION.json": {
      "sha256": "ba551d7bd61e594350335721618e9f5088531dd1a32e46b66d342a5bf0059cdf",
      "bytes": 1567
    },
    "ORIGINAL_BASELINE_RECEIPT.json": {
      "sha256": "11af0ce79cd86057d7cdefb82a8ae446f822ea8f46dfc8d30885a43f221c964f",
      "bytes": 83195
    },
    "BASELINE_REPLAY_IMAGES.jsonl": {
      "sha256": "9d21053cce4d69ba28d90517c728d492fe7fc221efefd526605b11ce4f46c779",
      "bytes": 1900580
    },
    "COMPILER_IMAGES.jsonl": {
      "sha256": "11cf5aa494eefc1d4ba27b53ff69c43bb6e4d2d0c4e5059e02cf5c5fb776c1b3",
      "bytes": 122361663
    },
    "baseline/COMPLETE.json": {
      "sha256": "9927c9ab1c22136a0f6f3840bf1be5ef72a5a706180aeec7ff44bbfa696ab2b9",
      "bytes": 82058
    },
    "baseline/COCO_METRICS.json": {
      "sha256": "bfe58ca5fe9ee23404996ecccb6720638ee7fe62f27c0ecc2bd03e2df8fd813c",
      "bytes": 65119
    },
    "triflow/COMPLETE.json": {
      "sha256": "ae1ef2c1f749e2b7256e770b07616eafaa4e5b4a8ff782e04034dd56f698d35e",
      "bytes": 92412
    },
    "triflow/COCO_METRICS.json": {
      "sha256": "5038369e39c8a19837b6ef7089731c5ff9508da7e2cbaaf33ea94f7cb02fa68b",
      "bytes": 65115
    },
    "baseline/COCO_segm_ACCUMULATED.npz": {
      "sha256": "c79877089d614edb01b89b0e42f61490f5f6551ed45a4c11feac1ee806c2af97",
      "bytes": 2345237
    },
    "baseline/COCO_bbox_ACCUMULATED.npz": {
      "sha256": "ef4030e66027c259365bb242f3ba41d90ed434476ade0c4925c3e6a5b66aceda",
      "bytes": 2762927
    },
    "triflow/COCO_segm_ACCUMULATED.npz": {
      "sha256": "6a3cf52904e2f552dd7596f4357e6d0feb9ee630f74c6faf00cebb6db25c914f",
      "bytes": 2350163
    },
    "triflow/COCO_bbox_ACCUMULATED.npz": {
      "sha256": "ef4030e66027c259365bb242f3ba41d90ed434476ade0c4925c3e6a5b66aceda",
      "bytes": 2762927
    }
  },
  "results": {
    "numpy_version": "2.4.3",
    "diagnostics_execution": {
      "runtime_sha256": "c24bc853ff17c7f4a0be3bc847a8b6733283b2aa06bc16388ab1b84fca3380b3",
      "parity_receipt_sha256": "8a0bedd31edae9223feb7550de035a2ff3cab15b39857585a111047ec1fad8d2",
      "addendum_sha256": "f3e909ebbcb78ffef810f9d4a71f17f92485f75cc7d7e2a60a8b6f50b9588cf8",
      "parity_engineering_only": true,
      "scientific_scale_claimed": false,
      "evaluation_scope": "minimal",
      "unmeasured_fields_are_not_zero_filled": true
    },
    "epoch_snapshot_contract": {
      "evaluation_epoch": 4,
      "completed_training_epochs": 4,
      "scheduled_training_epochs": 8,
      "declared_training_images": 20000,
      "snapshot_sha256": "dbc9cb307237cadb866b8700585f6070e08a856040e7baa7ba933fae212c318c",
      "loaded_state_sha256": "1d99db4f6bc5bc8ed579d1ea283cda71da1f5c18b98deeb46880125abbc0700e",
      "intermediate_snapshot": true,
      "final_training_audit_claimed": false,
      "scientific_scope": "completed-epoch progress readout; scheduled final training audit is not supplied here"
    },
    "baseline_replay": {
      "images": 5000,
      "detections": 555445,
      "compiler_images": 5000,
      "selected_instances": 229596
    },
    "coco_recomputed": {
      "baseline": {
        "segm": {
          "AP": 0.43685372378950266,
          "AP50": 0.6635370986867941,
          "AP75": 0.47294843690396404,
          "APsmall": 0.22401824607801366,
          "APmedium": 0.4767020916129806,
          "APlarge": 0.6357173377148858,
          "AR1": 0.33956846003896707,
          "AR10": 0.5542167692984568,
          "AR100": 0.5981037560603596,
          "ARsmall": 0.4143372897073416,
          "ARmedium": 0.6554198750665258,
          "ARlarge": 0.767272689774783
        },
        "bbox": {
          "AP": 0.5211607359463847,
          "AP50": 0.6914108737172941,
          "AP75": 0.5693485140168433,
          "APsmall": 0.33954771613260115,
          "APmedium": 0.5701177835343466,
          "APlarge": 0.6802001028953965,
          "AR1": 0.38775406677457963,
          "AR10": 0.6556458266922062,
          "AR100": 0.7185168070722645,
          "ARsmall": 0.5566938018875759,
          "ARmedium": 0.7695655478257748,
          "ARlarge": 0.8650198426797118
        }
      },
      "triflow": {
        "segm": {
          "AP": 0.438603626235161,
          "AP50": 0.6640219555531272,
          "AP75": 0.4758063636769298,
          "APsmall": 0.22412177159506927,
          "APmedium": 0.4789799928356666,
          "APlarge": 0.6388026645798908,
          "AR1": 0.3407487715562192,
          "AR10": 0.5556879710748103,
          "AR100": 0.5994849370379793,
          "ARsmall": 0.4148274310147018,
          "ARmedium": 0.6565287178611087,
          "ARlarge": 0.769457077538039
        },
        "bbox": {
          "AP": 0.5211607359463847,
          "AP50": 0.6914108737172941,
          "AP75": 0.5693485140168433,
          "APsmall": 0.33954771613260115,
          "APmedium": 0.5701177835343466,
          "APlarge": 0.6802001028953965,
          "AR1": 0.38775406677457963,
          "AR10": 0.6556458266922062,
          "AR100": 0.7185168070722645,
          "ARsmall": 0.5566938018875759,
          "ARmedium": 0.7695655478257748,
          "ARlarge": 0.8650198426797118
        }
      }
    },
    "paired_recomputed": null,
    "paired_scope": "not measured in this AP-only epoch evaluation"
  },
  "absolute_tolerance": 1e-12,
  "limitations": [
    "Aggregate readout verification only; COCO matches, mask decoding and GT are not recomputed",
    "Paired point estimates and sample/seed metadata are checked only when measured in this Run; matching and bootstrap confidence intervals are not recomputed",
    "Stored frozen-state digests and parity records are cross-checked; model tensors are not loaded",
    "Stored original training identity/actual coverage/source evidence is cross-checked; original training images and JSON are not reloaded",
    "One training seed does not quantify seed uncertainty; paired IoU intervals are not AP intervals"
  ]
}
