loading annotations into memory...
Done (t=11.47s)
creating index...
index created!
CACHE 1/32 images instances=12 bytes=15240130 elapsed_s=19.9
CACHE 2/32 images instances=24 bytes=30480260 elapsed_s=20.2
CACHE 3/32 images instances=25 bytes=40893175 elapsed_s=20.3
CACHE 4/32 images instances=27 bytes=51744939 elapsed_s=20.5
CACHE 5/32 images instances=31 bytes=63474337 elapsed_s=20.7
CACHE 6/32 images instances=43 bytes=78714467 elapsed_s=21.0
CACHE 7/32 images instances=44 bytes=89127382 elapsed_s=21.2
CACHE 8/32 images instances=49 bytes=101295629 elapsed_s=21.4
CACHE 9/32 images instances=55 bytes=113902661 elapsed_s=21.5
CACHE 10/32 images instances=67 bytes=129142791 elapsed_s=21.9
CACHE 11/32 images instances=79 bytes=144382921 elapsed_s=22.2
CACHE 12/32 images instances=91 bytes=159623051 elapsed_s=22.6
CACHE 13/32 images instances=103 bytes=174863181 elapsed_s=23.0
CACHE 14/32 images instances=106 bytes=186153730 elapsed_s=23.2
CACHE 15/32 images instances=108 bytes=197005494 elapsed_s=23.4
CACHE 16/32 images instances=120 bytes=212245624 elapsed_s=23.6
CACHE 17/32 images instances=126 bytes=224852656 elapsed_s=23.9
CACHE 18/32 images instances=136 bytes=239215126 elapsed_s=24.2
CACHE 19/32 images instances=140 bytes=250944524 elapsed_s=24.4
CACHE 20/32 images instances=152 bytes=266184654 elapsed_s=24.8
CACHE 21/32 images instances=164 bytes=281424784 elapsed_s=25.1
CACHE 22/32 images instances=176 bytes=296664914 elapsed_s=25.5
CACHE 23/32 images instances=178 bytes=307516678 elapsed_s=25.7
CACHE 24/32 images instances=181 bytes=318807227 elapsed_s=26.0
CACHE 25/32 images instances=193 bytes=334047357 elapsed_s=26.4
CACHE 26/32 images instances=196 bytes=345337906 elapsed_s=26.7
CACHE 27/32 images instances=208 bytes=360578036 elapsed_s=27.1
CACHE 28/32 images instances=220 bytes=375818166 elapsed_s=27.4
CACHE 29/32 images instances=225 bytes=387986413 elapsed_s=27.7
CACHE 30/32 images instances=233 bytes=401471159 elapsed_s=28.0
CACHE 31/32 images instances=235 bytes=412322923 elapsed_s=28.3
CACHE 32/32 images instances=247 bytes=427563053 elapsed_s=28.6
