MULTIVIEW_PIXELS 50 5000
MULTIVIEW_PIXELS 100 5000
MULTIVIEW_PIXELS 150 5000
MULTIVIEW_PIXELS 200 5000
MULTIVIEW_PIXELS 250 5000
MULTIVIEW_PIXELS 300 5000
MULTIVIEW_PIXELS 350 5000
MULTIVIEW_PIXELS 400 5000
MULTIVIEW_PIXELS 450 5000
MULTIVIEW_PIXELS 500 5000
MULTIVIEW_PIXELS 550 5000
MULTIVIEW_PIXELS 600 5000
MULTIVIEW_PIXELS 650 5000
MULTIVIEW_PIXELS 700 5000
MULTIVIEW_PIXELS 750 5000
MULTIVIEW_PIXELS 800 5000
MULTIVIEW_PIXELS 850 5000
MULTIVIEW_PIXELS 900 5000
MULTIVIEW_PIXELS 950 5000
MULTIVIEW_PIXELS 1000 5000
MULTIVIEW_PIXELS 1050 5000
MULTIVIEW_PIXELS 1100 5000
MULTIVIEW_PIXELS 1150 5000
MULTIVIEW_PIXELS 1200 5000
MULTIVIEW_PIXELS 1250 5000
MULTIVIEW_PIXELS 1300 5000
MULTIVIEW_PIXELS 1350 5000
MULTIVIEW_PIXELS 1400 5000
MULTIVIEW_PIXELS 1450 5000
MULTIVIEW_PIXELS 1500 5000
MULTIVIEW_PIXELS 1550 5000
MULTIVIEW_PIXELS 1600 5000
MULTIVIEW_PIXELS 1650 5000
MULTIVIEW_PIXELS 1700 5000
MULTIVIEW_PIXELS 1750 5000
MULTIVIEW_PIXELS 1800 5000
MULTIVIEW_PIXELS 1850 5000
MULTIVIEW_PIXELS 1900 5000
MULTIVIEW_PIXELS 1950 5000
MULTIVIEW_PIXELS 2000 5000
MULTIVIEW_PIXELS 2050 5000
MULTIVIEW_PIXELS 2100 5000
MULTIVIEW_PIXELS 2150 5000
MULTIVIEW_PIXELS 2200 5000
MULTIVIEW_PIXELS 2250 5000
MULTIVIEW_PIXELS 2300 5000
MULTIVIEW_PIXELS 2350 5000
MULTIVIEW_PIXELS 2400 5000
MULTIVIEW_PIXELS 2450 5000
MULTIVIEW_PIXELS 2500 5000
MULTIVIEW_PIXELS 2550 5000
MULTIVIEW_PIXELS 2600 5000
MULTIVIEW_PIXELS 2650 5000
MULTIVIEW_PIXELS 2700 5000
MULTIVIEW_PIXELS 2750 5000
MULTIVIEW_PIXELS 2800 5000
MULTIVIEW_PIXELS 2850 5000
MULTIVIEW_PIXELS 2900 5000
MULTIVIEW_PIXELS 2950 5000
MULTIVIEW_PIXELS 3000 5000
MULTIVIEW_PIXELS 3050 5000
MULTIVIEW_PIXELS 3100 5000
MULTIVIEW_PIXELS 3150 5000
MULTIVIEW_PIXELS 3200 5000
MULTIVIEW_PIXELS 3250 5000
MULTIVIEW_PIXELS 3300 5000
MULTIVIEW_PIXELS 3350 5000
MULTIVIEW_PIXELS 3400 5000
MULTIVIEW_PIXELS 3450 5000
MULTIVIEW_PIXELS 3500 5000
MULTIVIEW_PIXELS 3550 5000
MULTIVIEW_PIXELS 3600 5000
MULTIVIEW_PIXELS 3650 5000
MULTIVIEW_PIXELS 3700 5000
MULTIVIEW_PIXELS 3750 5000
MULTIVIEW_PIXELS 3800 5000
MULTIVIEW_PIXELS 3850 5000
MULTIVIEW_PIXELS 3900 5000
MULTIVIEW_PIXELS 3950 5000
MULTIVIEW_PIXELS 4000 5000
MULTIVIEW_PIXELS 4050 5000
MULTIVIEW_PIXELS 4100 5000
MULTIVIEW_PIXELS 4150 5000
MULTIVIEW_PIXELS 4200 5000
MULTIVIEW_PIXELS 4250 5000
MULTIVIEW_PIXELS 4300 5000
MULTIVIEW_PIXELS 4350 5000
MULTIVIEW_PIXELS 4400 5000
MULTIVIEW_PIXELS 4450 5000
MULTIVIEW_PIXELS 4500 5000
MULTIVIEW_PIXELS 4550 5000
MULTIVIEW_PIXELS 4600 5000
MULTIVIEW_PIXELS 4650 5000
MULTIVIEW_PIXELS 4700 5000
MULTIVIEW_PIXELS 4750 5000
MULTIVIEW_PIXELS 4800 5000
MULTIVIEW_PIXELS 4850 5000
MULTIVIEW_PIXELS 4900 5000
MULTIVIEW_PIXELS 4950 5000
MULTIVIEW_PIXELS 5000 5000
{"status": "complete", "images": 5000, "boundary": "completed"}
