{"run_id": "RUN_TRIFLOW_20K_TRAIN_S0_R3", "exit_code": 0, "directory": "D:\\coco_wire\\experiments\\triflow_20k_training_20261007\\runs\\RUN_TRIFLOW_20K_TRAIN_S0_R3"}
{"run_id": "RUN_TRIFLOW_20K_EPOCH_CURVE_REPORT_S0", "exit_code": 0, "directory": "D:\\coco_wire\\experiments\\triflow_20k_training_20261007\\runs\\RUN_TRIFLOW_20K_EPOCH_CURVE_REPORT_S0"}
{"run": "RUN_TRIFLOW_20K_TRAIN_S0_R3", "files": 91, "bundle_bytes": 12187701, "bundle_sha256": "0cb6a41e5d43afa715f9a4d4de27b0e14e9b70d674bb948e8443d2898dbe74e3", "retained_remote_files": 0}
{"run": "RUN_TRIFLOW_20K_EPOCH_CURVE_REPORT_S0", "files": 64, "bundle_bytes": 295079, "bundle_sha256": "52e57661f862029aa5e12b61b88a8f51cc32833743d964bb467b80667d91450b", "retained_remote_files": 0}
{"run": "RUN_TRIFLOW_20K_EPOCH01_EVAL_S0", "files": 5089, "bundle_bytes": 347826862, "bundle_sha256": "9cc8b472a8fb81435a0825b508253a68e2040a8f697fbf3f11f9714063b57c89", "retained_remote_files": 5000}
{"run": "RUN_TRIFLOW_20K_EPOCH01_READOUT_VERIFY_S0", "files": 48, "bundle_bytes": 204896, "bundle_sha256": "66f957b3fc25e10de6b158b34e3971ab03b2a915fee6e29adef093e0e051c86a", "retained_remote_files": 0}
{"run": "RUN_TRIFLOW_20K_EPOCH02_EVAL_S0", "files": 5089, "bundle_bytes": 348138057, "bundle_sha256": "1ca139c3c3ddcf17ca5f6278a15932c17c05b2edf0c8a3666547830ad8686c11", "retained_remote_files": 5000}
{"run": "RUN_TRIFLOW_20K_EPOCH02_READOUT_VERIFY_S0", "files": 60, "bundle_bytes": 279851, "bundle_sha256": "a82f818e008918094bbc9b26ef61516b0648cc1e71d933169c0fd2b43b99c04c", "retained_remote_files": 0}
{"run": "RUN_TRIFLOW_20K_EPOCH03_EVAL_S0", "files": 5109, "bundle_bytes": 301891876, "bundle_sha256": "fa5d13d6c8cc968755babd183ca906f91340ba086d34ef81af96914cbb5c6ae8", "retained_remote_files": 5000}
{"run": "RUN_TRIFLOW_20K_EPOCH03_READOUT_VERIFY_S0", "files": 62, "bundle_bytes": 294240, "bundle_sha256": "57b01c2c702525f23ae9d821c8118b52833a1be64fddd07829f7adf77543e11a", "retained_remote_files": 0}
{"run": "RUN_TRIFLOW_20K_EPOCH04_EVAL_S0", "files": 5109, "bundle_bytes": 301841002, "bundle_sha256": "205f88ceaa255a4fe7f7bb609c6097e933de2d12dcd227d8f9c06dc5dcae3397", "retained_remote_files": 5000}
{"run": "RUN_TRIFLOW_20K_EPOCH04_READOUT_VERIFY_S0", "files": 62, "bundle_bytes": 294200, "bundle_sha256": "cf6277ceb14d6a26b1f29c9852267a3c762f6767366484bcaad9a6815d53a543", "retained_remote_files": 0}
{"run": "RUN_TRIFLOW_20K_EPOCH05_EVAL_S0", "files": 5109, "bundle_bytes": 301691363, "bundle_sha256": "421a28031d27bf95aee1b3473fcdc6dd933447501655c651ea6687abb1978311", "retained_remote_files": 5000}
{"run": "RUN_TRIFLOW_20K_EPOCH05_READOUT_VERIFY_S0", "files": 62, "bundle_bytes": 294230, "bundle_sha256": "df1ba9808d27b6323ce0b57d8cdc6425a474c8626b4fb0ff37916170eda2e4ff", "retained_remote_files": 0}
{"run": "RUN_TRIFLOW_20K_EPOCH06_EVAL_S0", "files": 5109, "bundle_bytes": 301772449, "bundle_sha256": "77ba646af0b54f934513929a7464309e85951dd6a443355cba6e481f827b3c09", "retained_remote_files": 5000}
{"run": "RUN_TRIFLOW_20K_EPOCH06_READOUT_VERIFY_S0", "files": 62, "bundle_bytes": 294226, "bundle_sha256": "283acd856fef555c25c3570b4148572c91daa9cd4825a166cd58d0ebf68f52eb", "retained_remote_files": 0}
{"run": "RUN_TRIFLOW_20K_EPOCH07_EVAL_S0", "files": 5109, "bundle_bytes": 301778183, "bundle_sha256": "036e2a383379f926c941c36c91602acb18a0b5a5cde19769898f03d7476eda5d", "retained_remote_files": 5000}
{"run": "RUN_TRIFLOW_20K_EPOCH07_READOUT_VERIFY_S0", "files": 62, "bundle_bytes": 294266, "bundle_sha256": "635c1f438799812c4708f0941ca76c2035136cfd1bffafb12bb8aea80538ae89", "retained_remote_files": 0}
{"run": "RUN_TRIFLOW_20K_EPOCH08_EVAL_S0", "files": 5112, "bundle_bytes": 355766438, "bundle_sha256": "8da70ae6b1d2b4b9b01510d0f1673d7f45b38783d59dd94d4677dbb8acfeb90a", "retained_remote_files": 5000}
{"run": "RUN_TRIFLOW_20K_EPOCH08_READOUT_VERIFY_S0", "files": 62, "bundle_bytes": 295151, "bundle_sha256": "59b9b9c18799f4aa14f225ea6f60ee193d48af62d663f3ba45c6d52dd67d8a45", "retained_remote_files": 0}
