Traceback (most recent call last):
  File "/root/autodl-tmp/qcr_run/qcr_train_fixed.py", line 202, in <module>
    try: main()
         ^^^^^^
  File "/root/autodl-tmp/qcr_run/qcr_train_fixed.py", line 199, in main
    if a.stage=='train': train(cfg,manifest,a.mode,out,a.deadline)
                         ^^^^^^^^^^^^^^^^^^^^^^^^^^^^^^^^^^^^^^^^^
  File "/root/autodl-tmp/qcr_run/qcr_train_fixed.py", line 160, in train
    x=load_asset(cfg,int(iid),verify=True); rs=groups[iid]; loss,info=batch_fit(x,rs,oracle,rho,model,mode,device,True)
                                                                      ^^^^^^^^^^^^^^^^^^^^^^^^^^^^^^^^^^^^^^^^^^^^^^^^^
  File "/root/autodl-tmp/qcr_run/qcr_train_fixed.py", line 131, in batch_fit
    si=torch.stack([soft_iou(z[j],tgt[j],box[j]) for j in range(len(rs))]); loss=(1-si).mean()+LAMBDA*.5*delta.square().sum(1).mean()
                    ^^^^^^^^^^^^^^^^^^^^^^^^^^^^
  File "/root/autodl-tmp/qcr_run/qcr_train_fixed.py", line 60, in soft_iou
    support=ops.crop_mask(torch.ones_like(p),box.float()).bool()
            ^^^^^^^^^^^^^^^^^^^^^^^^^^^^^^^^^^^^^^^^^^^^^
  File "/root/miniconda3/lib/python3.12/site-packages/ultralytics/utils/ops.py", line 489, in crop_mask
    _, h, w = masks.shape
    ^^^^^^^
ValueError: not enough values to unpack (expected 3, got 2)
