Traceback (most recent call last):
  File "/root/mask_quality_energy_refinement_20261005/scripts/select_candidates.py", line 51, in <module>
    try: main()
         ^^^^^^
  File "/root/mask_quality_energy_refinement_20261005/scripts/select_candidates.py", line 26, in main
    x=load_asset(cfg,iid,verify=True); scanned+=1
      ^^^^^^^^^^^^^^^^^^^^^^^^^^^^^^^
  File "/root/mask_quality_energy_refinement_20261005/scripts/online_runtime.py", line 102, in load_asset
    raise AssertionError(f"{iid}: cache archive changed")
AssertionError: 51550: cache archive changed

Traceback (most recent call last):
  File "/root/mask_quality_energy_refinement_20261005/scripts/select_candidates.py", line 51, in <module>
    try: main()
         ^^^^^^
  File "/root/mask_quality_energy_refinement_20261005/scripts/select_candidates.py", line 26, in main
    x=load_asset(cfg,iid,verify=True); scanned+=1
      ^^^^^^^^^^^^^^^^^^^^^^^^^^^^^^^
  File "/root/mask_quality_energy_refinement_20261005/scripts/online_runtime.py", line 102, in load_asset
    raise AssertionError(f"{iid}: cache archive changed")
AssertionError: 51550: cache archive changed
