ARXIV dense exit=0 query=dense crowded instance segmentation occlusion touching objects
SEMANTIC_SCHOLAR dense exit=0 query=dense crowded instance segmentation occlusion touching objects
DEEPXIV dense exit=0 query=dense crowded instance segmentation occlusion touching objects
EXA dense exit=1 query=dense crowded instance segmentation occlusion touching objects
OPENALEX dense exit=0 query=dense crowded instance segmentation occlusion touching objects
ARXIV fragmentation exit=0 query=instance fragmentation low overlap duplicate proposals query competition
SEMANTIC_SCHOLAR fragmentation exit=0 query=instance fragmentation low overlap duplicate proposals query competition
DEEPXIV fragmentation exit=0 query=instance fragmentation low overlap duplicate proposals query competition
EXA fragmentation exit=1 query=instance fragmentation low overlap duplicate proposals query competition
OPENALEX fragmentation exit=0 query=instance fragmentation low overlap duplicate proposals query competition
ARXIV relation exit=0 query=global consistency instance segmentation relation reasoning candidate competition
SEMANTIC_SCHOLAR relation exit=0 query=global consistency instance segmentation relation reasoning candidate competition
DEEPXIV relation exit=0 query=global consistency instance segmentation relation reasoning candidate competition
EXA relation exit=1 query=global consistency instance segmentation relation reasoning candidate competition
OPENALEX relation exit=0 query=global consistency instance segmentation relation reasoning candidate competition
ARXIV pig_animal exit=0 query=pig instance segmentation dataset animal crowded segmentation
SEMANTIC_SCHOLAR pig_animal exit=0 query=pig instance segmentation dataset animal crowded segmentation
DEEPXIV pig_animal exit=0 query=pig instance segmentation dataset animal crowded segmentation
EXA pig_animal exit=1 query=pig instance segmentation dataset animal crowded segmentation
OPENALEX pig_animal exit=0 query=pig instance segmentation dataset animal crowded segmentation
