loading annotations into memory...
Done (t=12.60s)
creating index...
index created!
WARNING 'half' is deprecated and will be removed in the future. Use 'quantize' instead.
TARGET_EXTRACT 20/20000 supported=943 supervised=296 elapsed_s=33.2
TARGET_EXTRACT 40/20000 supported=1964 supervised=615 elapsed_s=41.8
TARGET_EXTRACT 60/20000 supported=3030 supervised=886 elapsed_s=50.9
TARGET_EXTRACT 80/20000 supported=3949 supervised=1096 elapsed_s=58.8
TARGET_EXTRACT 100/20000 supported=4763 supervised=1347 elapsed_s=66.0
TARGET_EXTRACT 120/20000 supported=5548 supervised=1543 elapsed_s=73.2
TARGET_EXTRACT 140/20000 supported=6480 supervised=1751 elapsed_s=81.0
TARGET_EXTRACT 160/20000 supported=7376 supervised=1961 elapsed_s=88.6
TARGET_EXTRACT 180/20000 supported=8296 supervised=2192 elapsed_s=96.2
TARGET_EXTRACT 200/20000 supported=9045 supervised=2382 elapsed_s=102.5
TARGET_EXTRACT 220/20000 supported=9897 supervised=2678 elapsed_s=111.0
TARGET_EXTRACT 240/20000 supported=10747 supervised=2883 elapsed_s=118.6
TARGET_EXTRACT 260/20000 supported=11670 supervised=3094 elapsed_s=125.1
TARGET_EXTRACT 280/20000 supported=12516 supervised=3307 elapsed_s=131.9
TARGET_EXTRACT 300/20000 supported=13318 supervised=3532 elapsed_s=138.7
TARGET_EXTRACT 320/20000 supported=14201 supervised=3817 elapsed_s=147.4
TARGET_EXTRACT 340/20000 supported=15176 supervised=4082 elapsed_s=156.8
TARGET_EXTRACT 360/20000 supported=16126 supervised=4302 elapsed_s=164.3
TARGET_EXTRACT 380/20000 supported=17026 supervised=4541 elapsed_s=171.6
TARGET_EXTRACT 400/20000 supported=17777 supervised=4705 elapsed_s=177.8
TARGET_EXTRACT 420/20000 supported=18650 supervised=4917 elapsed_s=185.5
TARGET_EXTRACT 440/20000 supported=19696 supervised=5159 elapsed_s=193.7
TARGET_EXTRACT 460/20000 supported=20573 supervised=5408 elapsed_s=201.8
TARGET_EXTRACT 480/20000 supported=21593 supervised=5621 elapsed_s=209.3
TARGET_EXTRACT 500/20000 supported=22575 supervised=5870 elapsed_s=217.2
TARGET_EXTRACT 520/20000 supported=23406 supervised=6056 elapsed_s=223.5
TARGET_EXTRACT 540/20000 supported=24251 supervised=6288 elapsed_s=230.6
TARGET_EXTRACT 560/20000 supported=25283 supervised=6596 elapsed_s=240.3
TARGET_EXTRACT 580/20000 supported=26092 supervised=6829 elapsed_s=247.5
TARGET_EXTRACT 600/20000 supported=26994 supervised=7026 elapsed_s=255.0
TARGET_EXTRACT 620/20000 supported=27873 supervised=7201 elapsed_s=261.9
TARGET_EXTRACT 640/20000 supported=28896 supervised=7482 elapsed_s=270.3
TARGET_EXTRACT 660/20000 supported=29801 supervised=7744 elapsed_s=278.2
TARGET_EXTRACT 680/20000 supported=30694 supervised=8009 elapsed_s=286.6
TARGET_EXTRACT 700/20000 supported=31628 supervised=8250 elapsed_s=295.1
TARGET_EXTRACT 720/20000 supported=32612 supervised=8469 elapsed_s=302.9
TARGET_EXTRACT 740/20000 supported=33631 supervised=8728 elapsed_s=311.6
TARGET_EXTRACT 760/20000 supported=34641 supervised=9010 elapsed_s=320.2
TARGET_EXTRACT 780/20000 supported=35581 supervised=9287 elapsed_s=327.9
TARGET_EXTRACT 800/20000 supported=36432 supervised=9507 elapsed_s=335.0
TARGET_EXTRACT 820/20000 supported=37372 supervised=9757 elapsed_s=342.7
TARGET_EXTRACT 840/20000 supported=38272 supervised=10059 elapsed_s=350.9
TARGET_EXTRACT 860/20000 supported=39283 supervised=10300 elapsed_s=359.2
TARGET_EXTRACT 880/20000 supported=40054 supervised=10480 elapsed_s=365.7
TARGET_EXTRACT 900/20000 supported=41088 supervised=10657 elapsed_s=373.0
TARGET_EXTRACT 920/20000 supported=41932 supervised=10895 elapsed_s=380.2
TARGET_EXTRACT 940/20000 supported=42462 supervised=11053 elapsed_s=385.1
TARGET_EXTRACT 960/20000 supported=43247 supervised=11225 elapsed_s=391.8
TARGET_EXTRACT 980/20000 supported=44077 supervised=11406 elapsed_s=399.0
TARGET_EXTRACT 1000/20000 supported=44832 supervised=11607 elapsed_s=405.7
TARGET_EXTRACT 1020/20000 supported=45713 supervised=11815 elapsed_s=413.4
TARGET_EXTRACT 1040/20000 supported=46657 supervised=11978 elapsed_s=420.1
TARGET_EXTRACT 1060/20000 supported=47576 supervised=12221 elapsed_s=428.0
TARGET_EXTRACT 1080/20000 supported=48476 supervised=12402 elapsed_s=435.2
TARGET_EXTRACT 1100/20000 supported=49625 supervised=12671 elapsed_s=445.5
TARGET_EXTRACT 1120/20000 supported=50650 supervised=12951 elapsed_s=453.4
TARGET_EXTRACT 1140/20000 supported=51639 supervised=13195 elapsed_s=461.9
TARGET_EXTRACT 1160/20000 supported=52675 supervised=13478 elapsed_s=470.7
TARGET_EXTRACT 1180/20000 supported=53576 supervised=13724 elapsed_s=479.7
TARGET_EXTRACT 1200/20000 supported=54501 supervised=13952 elapsed_s=487.8
TARGET_EXTRACT 1220/20000 supported=55239 supervised=14183 elapsed_s=495.0
TARGET_EXTRACT 1240/20000 supported=56056 supervised=14411 elapsed_s=502.4
TARGET_EXTRACT 1260/20000 supported=57050 supervised=14716 elapsed_s=511.6
TARGET_EXTRACT 1280/20000 supported=57999 supervised=14932 elapsed_s=518.9
TARGET_EXTRACT 1300/20000 supported=58880 supervised=15135 elapsed_s=526.9
TARGET_EXTRACT 1320/20000 supported=59849 supervised=15395 elapsed_s=534.9
TARGET_EXTRACT 1340/20000 supported=60776 supervised=15596 elapsed_s=541.8
TARGET_EXTRACT 1360/20000 supported=61560 supervised=15792 elapsed_s=549.0
TARGET_EXTRACT 1380/20000 supported=62641 supervised=16052 elapsed_s=557.2
TARGET_EXTRACT 1400/20000 supported=63636 supervised=16275 elapsed_s=564.4
TARGET_EXTRACT 1420/20000 supported=64480 supervised=16448 elapsed_s=571.3
TARGET_EXTRACT 1440/20000 supported=65316 supervised=16720 elapsed_s=579.5
TARGET_EXTRACT 1460/20000 supported=66282 supervised=17007 elapsed_s=587.2
TARGET_EXTRACT 1480/20000 supported=67100 supervised=17194 elapsed_s=594.0
TARGET_EXTRACT 1500/20000 supported=67947 supervised=17421 elapsed_s=601.2
TARGET_EXTRACT 1520/20000 supported=68650 supervised=17595 elapsed_s=606.3
TARGET_EXTRACT 1540/20000 supported=69659 supervised=17880 elapsed_s=614.4
TARGET_EXTRACT 1560/20000 supported=70550 supervised=18094 elapsed_s=622.5
TARGET_EXTRACT 1580/20000 supported=71498 supervised=18279 elapsed_s=630.6
TARGET_EXTRACT 1600/20000 supported=72304 supervised=18445 elapsed_s=637.1
TARGET_EXTRACT 1620/20000 supported=73073 supervised=18701 elapsed_s=643.5
TARGET_EXTRACT 1640/20000 supported=73928 supervised=18915 elapsed_s=651.4
TARGET_EXTRACT 1660/20000 supported=74759 supervised=19137 elapsed_s=658.3
TARGET_EXTRACT 1680/20000 supported=75682 supervised=19418 elapsed_s=666.2
TARGET_EXTRACT 1700/20000 supported=76666 supervised=19722 elapsed_s=675.3
TARGET_EXTRACT 1720/20000 supported=77471 supervised=19943 elapsed_s=682.4
TARGET_EXTRACT 1740/20000 supported=78360 supervised=20227 elapsed_s=691.0
TARGET_EXTRACT 1760/20000 supported=79413 supervised=20512 elapsed_s=700.0
TARGET_EXTRACT 1780/20000 supported=80381 supervised=20750 elapsed_s=708.0
TARGET_EXTRACT 1800/20000 supported=81355 supervised=20966 elapsed_s=716.2
TARGET_EXTRACT 1820/20000 supported=82048 supervised=21152 elapsed_s=722.4
TARGET_EXTRACT 1840/20000 supported=83043 supervised=21414 elapsed_s=730.2
TARGET_EXTRACT 1860/20000 supported=83832 supervised=21649 elapsed_s=736.6
TARGET_EXTRACT 1880/20000 supported=84667 supervised=21819 elapsed_s=743.8
TARGET_EXTRACT 1900/20000 supported=85640 supervised=22070 elapsed_s=751.8
TARGET_EXTRACT 1920/20000 supported=86610 supervised=22320 elapsed_s=759.6
TARGET_EXTRACT 1940/20000 supported=87758 supervised=22658 elapsed_s=768.5
TARGET_EXTRACT 1960/20000 supported=88591 supervised=22884 elapsed_s=775.2
TARGET_EXTRACT 1980/20000 supported=89571 supervised=23097 elapsed_s=782.6
TARGET_EXTRACT 2000/20000 supported=90493 supervised=23369 elapsed_s=789.9
TARGET_EXTRACT 2020/20000 supported=91557 supervised=23605 elapsed_s=799.2
TARGET_EXTRACT 2040/20000 supported=92464 supervised=23800 elapsed_s=806.6
TARGET_EXTRACT 2060/20000 supported=93527 supervised=24039 elapsed_s=816.3
TARGET_EXTRACT 2080/20000 supported=94404 supervised=24259 elapsed_s=823.8
TARGET_EXTRACT 2100/20000 supported=95390 supervised=24492 elapsed_s=831.8
TARGET_EXTRACT 2120/20000 supported=96223 supervised=24726 elapsed_s=840.0
TARGET_EXTRACT 2140/20000 supported=96994 supervised=24926 elapsed_s=847.0
TARGET_EXTRACT 2160/20000 supported=97998 supervised=25206 elapsed_s=856.7
TARGET_EXTRACT 2180/20000 supported=98999 supervised=25534 elapsed_s=865.5
TARGET_EXTRACT 2200/20000 supported=100163 supervised=25846 elapsed_s=875.6
TARGET_EXTRACT 2220/20000 supported=100820 supervised=26004 elapsed_s=882.1
TARGET_EXTRACT 2240/20000 supported=101685 supervised=26224 elapsed_s=889.8
TARGET_EXTRACT 2260/20000 supported=102443 supervised=26375 elapsed_s=896.2
TARGET_EXTRACT 2280/20000 supported=103370 supervised=26544 elapsed_s=903.4
TARGET_EXTRACT 2300/20000 supported=104379 supervised=26831 elapsed_s=912.5
TARGET_EXTRACT 2320/20000 supported=105340 supervised=27060 elapsed_s=920.2
TARGET_EXTRACT 2340/20000 supported=106253 supervised=27382 elapsed_s=929.2
TARGET_EXTRACT 2360/20000 supported=107220 supervised=27697 elapsed_s=937.3
TARGET_EXTRACT 2380/20000 supported=108175 supervised=27951 elapsed_s=944.9
TARGET_EXTRACT 2400/20000 supported=109005 supervised=28133 elapsed_s=951.2
TARGET_EXTRACT 2420/20000 supported=110011 supervised=28371 elapsed_s=958.7
TARGET_EXTRACT 2440/20000 supported=110983 supervised=28616 elapsed_s=967.0
TARGET_EXTRACT 2460/20000 supported=111722 supervised=28785 elapsed_s=973.5
TARGET_EXTRACT 2480/20000 supported=112707 supervised=29091 elapsed_s=982.4
TARGET_EXTRACT 2500/20000 supported=113429 supervised=29273 elapsed_s=988.4
TARGET_EXTRACT 2520/20000 supported=114293 supervised=29444 elapsed_s=995.8
TARGET_EXTRACT 2540/20000 supported=115331 supervised=29675 elapsed_s=1003.0
TARGET_EXTRACT 2560/20000 supported=116517 supervised=30000 elapsed_s=1013.4
TARGET_EXTRACT 2580/20000 supported=117591 supervised=30312 elapsed_s=1024.1
TARGET_EXTRACT 2600/20000 supported=118573 supervised=30564 elapsed_s=1031.6
TARGET_EXTRACT 2620/20000 supported=119434 supervised=30761 elapsed_s=1038.6
TARGET_EXTRACT 2640/20000 supported=120443 supervised=31015 elapsed_s=1047.8
TARGET_EXTRACT 2660/20000 supported=121352 supervised=31280 elapsed_s=1055.6
TARGET_EXTRACT 2680/20000 supported=122110 supervised=31501 elapsed_s=1062.5
TARGET_EXTRACT 2700/20000 supported=122940 supervised=31667 elapsed_s=1069.0
TARGET_EXTRACT 2720/20000 supported=123811 supervised=31878 elapsed_s=1076.4
TARGET_EXTRACT 2740/20000 supported=124720 supervised=32072 elapsed_s=1083.6
TARGET_EXTRACT 2760/20000 supported=125630 supervised=32304 elapsed_s=1091.1
TARGET_EXTRACT 2780/20000 supported=126573 supervised=32575 elapsed_s=1098.8
TARGET_EXTRACT 2800/20000 supported=127669 supervised=32854 elapsed_s=1107.2
TARGET_EXTRACT 2820/20000 supported=128653 supervised=33094 elapsed_s=1114.8
TARGET_EXTRACT 2840/20000 supported=129532 supervised=33333 elapsed_s=1122.5
TARGET_EXTRACT 2860/20000 supported=130359 supervised=33574 elapsed_s=1129.6
TARGET_EXTRACT 2880/20000 supported=131304 supervised=33782 elapsed_s=1137.6
TARGET_EXTRACT 2900/20000 supported=132285 supervised=33985 elapsed_s=1144.7
TARGET_EXTRACT 2920/20000 supported=133211 supervised=34288 elapsed_s=1152.6
TARGET_EXTRACT 2940/20000 supported=134141 supervised=34540 elapsed_s=1161.5
TARGET_EXTRACT 2960/20000 supported=135072 supervised=34789 elapsed_s=1167.9
TARGET_EXTRACT 2980/20000 supported=135923 supervised=35040 elapsed_s=1175.0
TARGET_EXTRACT 3000/20000 supported=136757 supervised=35254 elapsed_s=1182.7
TARGET_EXTRACT 3020/20000 supported=137661 supervised=35493 elapsed_s=1191.4
TARGET_EXTRACT 3040/20000 supported=138574 supervised=35714 elapsed_s=1199.2
TARGET_EXTRACT 3060/20000 supported=139414 supervised=35928 elapsed_s=1205.0
TARGET_EXTRACT 3080/20000 supported=140413 supervised=36208 elapsed_s=1212.9
TARGET_EXTRACT 3100/20000 supported=141436 supervised=36507 elapsed_s=1222.5
TARGET_EXTRACT 3120/20000 supported=142306 supervised=36725 elapsed_s=1230.3
TARGET_EXTRACT 3140/20000 supported=143106 supervised=36971 elapsed_s=1237.3
TARGET_EXTRACT 3160/20000 supported=144087 supervised=37237 elapsed_s=1246.0
TARGET_EXTRACT 3180/20000 supported=144912 supervised=37457 elapsed_s=1252.3
TARGET_EXTRACT 3200/20000 supported=145848 supervised=37672 elapsed_s=1260.3
TARGET_EXTRACT 3220/20000 supported=146777 supervised=37924 elapsed_s=1268.1
TARGET_EXTRACT 3240/20000 supported=147789 supervised=38131 elapsed_s=1275.7
TARGET_EXTRACT 3260/20000 supported=148868 supervised=38479 elapsed_s=1284.5
TARGET_EXTRACT 3280/20000 supported=149727 supervised=38714 elapsed_s=1292.0
TARGET_EXTRACT 3300/20000 supported=150415 supervised=38910 elapsed_s=1297.6
TARGET_EXTRACT 3320/20000 supported=151519 supervised=39127 elapsed_s=1306.9
TARGET_EXTRACT 3340/20000 supported=152280 supervised=39354 elapsed_s=1314.0
TARGET_EXTRACT 3360/20000 supported=153242 supervised=39595 elapsed_s=1321.9
TARGET_EXTRACT 3380/20000 supported=154341 supervised=39841 elapsed_s=1330.6
TARGET_EXTRACT 3400/20000 supported=155206 supervised=40022 elapsed_s=1336.5
TARGET_EXTRACT 3420/20000 supported=156198 supervised=40259 elapsed_s=1344.4
TARGET_EXTRACT 3440/20000 supported=157182 supervised=40487 elapsed_s=1352.9
TARGET_EXTRACT 3460/20000 supported=158176 supervised=40716 elapsed_s=1361.8
TARGET_EXTRACT 3480/20000 supported=159061 supervised=40941 elapsed_s=1369.8
TARGET_EXTRACT 3500/20000 supported=160044 supervised=41187 elapsed_s=1377.3
TARGET_EXTRACT 3520/20000 supported=161019 supervised=41457 elapsed_s=1385.7
TARGET_EXTRACT 3540/20000 supported=162059 supervised=41745 elapsed_s=1394.3
TARGET_EXTRACT 3560/20000 supported=162720 supervised=41908 elapsed_s=1400.5
TARGET_EXTRACT 3580/20000 supported=163650 supervised=42153 elapsed_s=1408.5
TARGET_EXTRACT 3600/20000 supported=164539 supervised=42379 elapsed_s=1416.6
TARGET_EXTRACT 3620/20000 supported=165327 supervised=42610 elapsed_s=1422.9
TARGET_EXTRACT 3640/20000 supported=166095 supervised=42873 elapsed_s=1430.5
TARGET_EXTRACT 3660/20000 supported=166845 supervised=43034 elapsed_s=1436.0
TARGET_EXTRACT 3680/20000 supported=167851 supervised=43343 elapsed_s=1444.9
TARGET_EXTRACT 3700/20000 supported=168715 supervised=43518 elapsed_s=1452.4
TARGET_EXTRACT 3720/20000 supported=169569 supervised=43699 elapsed_s=1459.7
TARGET_EXTRACT 3740/20000 supported=170550 supervised=43916 elapsed_s=1468.6
TARGET_EXTRACT 3760/20000 supported=171282 supervised=44133 elapsed_s=1475.7
TARGET_EXTRACT 3780/20000 supported=172183 supervised=44351 elapsed_s=1483.4
TARGET_EXTRACT 3800/20000 supported=173022 supervised=44593 elapsed_s=1490.8
TARGET_EXTRACT 3820/20000 supported=173888 supervised=44815 elapsed_s=1498.3
TARGET_EXTRACT 3840/20000 supported=174638 supervised=45019 elapsed_s=1505.1
TARGET_EXTRACT 3860/20000 supported=175435 supervised=45225 elapsed_s=1512.2
TARGET_EXTRACT 3880/20000 supported=176217 supervised=45421 elapsed_s=1519.4
TARGET_EXTRACT 3900/20000 supported=177089 supervised=45635 elapsed_s=1526.8
TARGET_EXTRACT 3920/20000 supported=178108 supervised=45968 elapsed_s=1536.7
TARGET_EXTRACT 3940/20000 supported=178952 supervised=46168 elapsed_s=1543.8
TARGET_EXTRACT 3960/20000 supported=179880 supervised=46385 elapsed_s=1551.4
TARGET_EXTRACT 3980/20000 supported=180750 supervised=46630 elapsed_s=1558.7
TARGET_EXTRACT 4000/20000 supported=181524 supervised=46807 elapsed_s=1565.3
TARGET_EXTRACT 4020/20000 supported=182545 supervised=47094 elapsed_s=1574.2
TARGET_EXTRACT 4040/20000 supported=183453 supervised=47389 elapsed_s=1581.7
TARGET_EXTRACT 4060/20000 supported=184302 supervised=47643 elapsed_s=1589.4
TARGET_EXTRACT 4080/20000 supported=185222 supervised=47855 elapsed_s=1597.4
TARGET_EXTRACT 4100/20000 supported=186132 supervised=48100 elapsed_s=1604.6
TARGET_EXTRACT 4120/20000 supported=186965 supervised=48361 elapsed_s=1611.6
TARGET_EXTRACT 4140/20000 supported=188116 supervised=48580 elapsed_s=1619.2
TARGET_EXTRACT 4160/20000 supported=188970 supervised=48776 elapsed_s=1625.4
TARGET_EXTRACT 4180/20000 supported=190054 supervised=49053 elapsed_s=1635.2
TARGET_EXTRACT 4200/20000 supported=190975 supervised=49277 elapsed_s=1643.3
TARGET_EXTRACT 4220/20000 supported=191738 supervised=49457 elapsed_s=1649.9
TARGET_EXTRACT 4240/20000 supported=192862 supervised=49748 elapsed_s=1660.2
TARGET_EXTRACT 4260/20000 supported=193890 supervised=49983 elapsed_s=1667.7
TARGET_EXTRACT 4280/20000 supported=194761 supervised=50195 elapsed_s=1674.8
TARGET_EXTRACT 4300/20000 supported=195483 supervised=50402 elapsed_s=1681.3
TARGET_EXTRACT 4320/20000 supported=196565 supervised=50657 elapsed_s=1689.4
TARGET_EXTRACT 4340/20000 supported=197558 supervised=50872 elapsed_s=1698.3
TARGET_EXTRACT 4360/20000 supported=198582 supervised=51146 elapsed_s=1707.2
TARGET_EXTRACT 4380/20000 supported=199477 supervised=51379 elapsed_s=1714.2
TARGET_EXTRACT 4400/20000 supported=200167 supervised=51584 elapsed_s=1720.6
TARGET_EXTRACT 4420/20000 supported=200983 supervised=51796 elapsed_s=1727.1
TARGET_EXTRACT 4440/20000 supported=201929 supervised=52043 elapsed_s=1734.6
TARGET_EXTRACT 4460/20000 supported=202928 supervised=52283 elapsed_s=1743.0
TARGET_EXTRACT 4480/20000 supported=203971 supervised=52541 elapsed_s=1751.7
TARGET_EXTRACT 4500/20000 supported=204774 supervised=52706 elapsed_s=1758.2
TARGET_EXTRACT 4520/20000 supported=205762 supervised=52940 elapsed_s=1766.0
TARGET_EXTRACT 4540/20000 supported=206886 supervised=53231 elapsed_s=1775.6
TARGET_EXTRACT 4560/20000 supported=207722 supervised=53469 elapsed_s=1783.2
TARGET_EXTRACT 4580/20000 supported=208648 supervised=53679 elapsed_s=1790.6
TARGET_EXTRACT 4600/20000 supported=209646 supervised=53932 elapsed_s=1798.8
TARGET_EXTRACT 4620/20000 supported=210622 supervised=54210 elapsed_s=1806.9
TARGET_EXTRACT 4640/20000 supported=211692 supervised=54428 elapsed_s=1815.9
TARGET_EXTRACT 4660/20000 supported=212680 supervised=54701 elapsed_s=1824.5
TARGET_EXTRACT 4680/20000 supported=213669 supervised=55005 elapsed_s=1834.1
TARGET_EXTRACT 4700/20000 supported=214620 supervised=55310 elapsed_s=1842.6
TARGET_EXTRACT 4720/20000 supported=215715 supervised=55570 elapsed_s=1852.5
TARGET_EXTRACT 4740/20000 supported=216717 supervised=55826 elapsed_s=1860.9
TARGET_EXTRACT 4760/20000 supported=217516 supervised=56024 elapsed_s=1867.4
TARGET_EXTRACT 4780/20000 supported=218456 supervised=56248 elapsed_s=1874.6
TARGET_EXTRACT 4800/20000 supported=219451 supervised=56536 elapsed_s=1884.2
TARGET_EXTRACT 4820/20000 supported=220346 supervised=56740 elapsed_s=1891.7
TARGET_EXTRACT 4840/20000 supported=221307 supervised=56955 elapsed_s=1900.1
TARGET_EXTRACT 4860/20000 supported=222151 supervised=57202 elapsed_s=1907.5
TARGET_EXTRACT 4880/20000 supported=223125 supervised=57453 elapsed_s=1915.6
TARGET_EXTRACT 4900/20000 supported=224106 supervised=57661 elapsed_s=1923.3
TARGET_EXTRACT 4920/20000 supported=224958 supervised=57842 elapsed_s=1930.2
TARGET_EXTRACT 4940/20000 supported=225940 supervised=58086 elapsed_s=1938.6
TARGET_EXTRACT 4960/20000 supported=226894 supervised=58281 elapsed_s=1946.2
TARGET_EXTRACT 4980/20000 supported=227701 supervised=58500 elapsed_s=1952.8
TARGET_EXTRACT 5000/20000 supported=228636 supervised=58725 elapsed_s=1961.0
TARGET_EXTRACT 5020/20000 supported=229479 supervised=58907 elapsed_s=1968.0
TARGET_EXTRACT 5040/20000 supported=230384 supervised=59111 elapsed_s=1976.2
TARGET_EXTRACT 5060/20000 supported=231213 supervised=59374 elapsed_s=1984.5
TARGET_EXTRACT 5080/20000 supported=232152 supervised=59579 elapsed_s=1992.1
TARGET_EXTRACT 5100/20000 supported=232993 supervised=59791 elapsed_s=1999.0
TARGET_EXTRACT 5120/20000 supported=233946 supervised=60046 elapsed_s=2007.0
TARGET_EXTRACT 5140/20000 supported=234530 supervised=60199 elapsed_s=2012.2
TARGET_EXTRACT 5160/20000 supported=235411 supervised=60435 elapsed_s=2019.7
TARGET_EXTRACT 5180/20000 supported=236243 supervised=60617 elapsed_s=2025.4
TARGET_EXTRACT 5200/20000 supported=237104 supervised=60882 elapsed_s=2032.6
TARGET_EXTRACT 5220/20000 supported=238171 supervised=61156 elapsed_s=2041.4
TARGET_EXTRACT 5240/20000 supported=239083 supervised=61412 elapsed_s=2049.7
TARGET_EXTRACT 5260/20000 supported=239998 supervised=61695 elapsed_s=2058.0
TARGET_EXTRACT 5280/20000 supported=240653 supervised=61866 elapsed_s=2063.4
TARGET_EXTRACT 5300/20000 supported=241648 supervised=62170 elapsed_s=2071.1
TARGET_EXTRACT 5320/20000 supported=242660 supervised=62415 elapsed_s=2079.6
TARGET_EXTRACT 5340/20000 supported=243681 supervised=62652 elapsed_s=2088.2
TARGET_EXTRACT 5360/20000 supported=244626 supervised=62906 elapsed_s=2096.8
TARGET_EXTRACT 5380/20000 supported=245570 supervised=63091 elapsed_s=2104.5
TARGET_EXTRACT 5400/20000 supported=246358 supervised=63328 elapsed_s=2112.3
TARGET_EXTRACT 5420/20000 supported=247198 supervised=63523 elapsed_s=2119.2
TARGET_EXTRACT 5440/20000 supported=247977 supervised=63706 elapsed_s=2125.9
TARGET_EXTRACT 5460/20000 supported=249039 supervised=63945 elapsed_s=2134.7
TARGET_EXTRACT 5480/20000 supported=249990 supervised=64196 elapsed_s=2142.5
TARGET_EXTRACT 5500/20000 supported=250784 supervised=64427 elapsed_s=2150.0
TARGET_EXTRACT 5520/20000 supported=251804 supervised=64712 elapsed_s=2159.2
TARGET_EXTRACT 5540/20000 supported=252633 supervised=64932 elapsed_s=2166.0
TARGET_EXTRACT 5560/20000 supported=253550 supervised=65142 elapsed_s=2174.2
TARGET_EXTRACT 5580/20000 supported=254494 supervised=65393 elapsed_s=2183.4
TARGET_EXTRACT 5600/20000 supported=255244 supervised=65576 elapsed_s=2189.3
TARGET_EXTRACT 5620/20000 supported=256069 supervised=65851 elapsed_s=2196.3
TARGET_EXTRACT 5640/20000 supported=256798 supervised=66028 elapsed_s=2202.6
TARGET_EXTRACT 5660/20000 supported=257682 supervised=66255 elapsed_s=2210.2
TARGET_EXTRACT 5680/20000 supported=258539 supervised=66461 elapsed_s=2216.2
TARGET_EXTRACT 5700/20000 supported=259655 supervised=66771 elapsed_s=2227.6
TARGET_EXTRACT 5720/20000 supported=260386 supervised=66910 elapsed_s=2233.8
TARGET_EXTRACT 5740/20000 supported=261382 supervised=67183 elapsed_s=2241.6
TARGET_EXTRACT 5760/20000 supported=262091 supervised=67382 elapsed_s=2248.1
TARGET_EXTRACT 5780/20000 supported=263117 supervised=67610 elapsed_s=2256.0
TARGET_EXTRACT 5800/20000 supported=264022 supervised=67827 elapsed_s=2262.6
TARGET_EXTRACT 5820/20000 supported=264935 supervised=68064 elapsed_s=2269.8
TARGET_EXTRACT 5840/20000 supported=265818 supervised=68295 elapsed_s=2277.4
TARGET_EXTRACT 5860/20000 supported=266596 supervised=68545 elapsed_s=2284.2
TARGET_EXTRACT 5880/20000 supported=267326 supervised=68701 elapsed_s=2289.6
TARGET_EXTRACT 5900/20000 supported=268181 supervised=68953 elapsed_s=2297.7
TARGET_EXTRACT 5920/20000 supported=269153 supervised=69226 elapsed_s=2305.6
TARGET_EXTRACT 5940/20000 supported=269966 supervised=69373 elapsed_s=2311.8
TARGET_EXTRACT 5960/20000 supported=271033 supervised=69612 elapsed_s=2321.9
TARGET_EXTRACT 5980/20000 supported=271782 supervised=69803 elapsed_s=2328.5
TARGET_EXTRACT 6000/20000 supported=272717 supervised=70049 elapsed_s=2337.0
TARGET_EXTRACT 6020/20000 supported=273748 supervised=70275 elapsed_s=2344.3
TARGET_EXTRACT 6040/20000 supported=274881 supervised=70608 elapsed_s=2354.7
TARGET_EXTRACT 6060/20000 supported=275747 supervised=70827 elapsed_s=2361.8
TARGET_EXTRACT 6080/20000 supported=276677 supervised=71037 elapsed_s=2369.3
TARGET_EXTRACT 6100/20000 supported=277619 supervised=71273 elapsed_s=2377.2
TARGET_EXTRACT 6120/20000 supported=278479 supervised=71525 elapsed_s=2385.4
TARGET_EXTRACT 6140/20000 supported=279326 supervised=71747 elapsed_s=2392.6
TARGET_EXTRACT 6160/20000 supported=280093 supervised=71941 elapsed_s=2400.1
TARGET_EXTRACT 6180/20000 supported=281069 supervised=72173 elapsed_s=2408.5
TARGET_EXTRACT 6200/20000 supported=282024 supervised=72446 elapsed_s=2417.2
TARGET_EXTRACT 6220/20000 supported=283033 supervised=72728 elapsed_s=2425.8
TARGET_EXTRACT 6240/20000 supported=283870 supervised=72957 elapsed_s=2432.1
TARGET_EXTRACT 6260/20000 supported=284855 supervised=73216 elapsed_s=2441.5
TARGET_EXTRACT 6280/20000 supported=285900 supervised=73486 elapsed_s=2450.3
TARGET_EXTRACT 6300/20000 supported=286930 supervised=73746 elapsed_s=2460.0
TARGET_EXTRACT 6320/20000 supported=288006 supervised=74058 elapsed_s=2468.7
TARGET_EXTRACT 6340/20000 supported=289000 supervised=74307 elapsed_s=2476.7
TARGET_EXTRACT 6360/20000 supported=289829 supervised=74534 elapsed_s=2484.5
TARGET_EXTRACT 6380/20000 supported=290839 supervised=74842 elapsed_s=2493.3
TARGET_EXTRACT 6400/20000 supported=291601 supervised=75058 elapsed_s=2500.8
TARGET_EXTRACT 6420/20000 supported=292481 supervised=75268 elapsed_s=2507.5
TARGET_EXTRACT 6440/20000 supported=293368 supervised=75511 elapsed_s=2516.2
TARGET_EXTRACT 6460/20000 supported=294241 supervised=75711 elapsed_s=2522.6
TARGET_EXTRACT 6480/20000 supported=295137 supervised=75916 elapsed_s=2529.8
TARGET_EXTRACT 6500/20000 supported=295856 supervised=76063 elapsed_s=2536.2
TARGET_EXTRACT 6520/20000 supported=296670 supervised=76248 elapsed_s=2542.3
TARGET_EXTRACT 6540/20000 supported=297529 supervised=76405 elapsed_s=2548.6
TARGET_EXTRACT 6560/20000 supported=298479 supervised=76677 elapsed_s=2557.1
TARGET_EXTRACT 6580/20000 supported=299206 supervised=76929 elapsed_s=2565.1
TARGET_EXTRACT 6600/20000 supported=299953 supervised=77136 elapsed_s=2572.3
TARGET_EXTRACT 6620/20000 supported=300845 supervised=77375 elapsed_s=2580.1
TARGET_EXTRACT 6640/20000 supported=301698 supervised=77570 elapsed_s=2587.1
TARGET_EXTRACT 6660/20000 supported=302662 supervised=77768 elapsed_s=2595.1
TARGET_EXTRACT 6680/20000 supported=303736 supervised=78051 elapsed_s=2603.6
TARGET_EXTRACT 6700/20000 supported=304678 supervised=78242 elapsed_s=2610.7
TARGET_EXTRACT 6720/20000 supported=305479 supervised=78410 elapsed_s=2617.0
TARGET_EXTRACT 6740/20000 supported=306415 supervised=78690 elapsed_s=2626.0
TARGET_EXTRACT 6760/20000 supported=307193 supervised=78893 elapsed_s=2633.1
TARGET_EXTRACT 6780/20000 supported=307941 supervised=79156 elapsed_s=2639.4
TARGET_EXTRACT 6800/20000 supported=308939 supervised=79398 elapsed_s=2647.6
TARGET_EXTRACT 6820/20000 supported=309892 supervised=79650 elapsed_s=2655.9
TARGET_EXTRACT 6840/20000 supported=310874 supervised=79872 elapsed_s=2663.9
TARGET_EXTRACT 6860/20000 supported=311915 supervised=80153 elapsed_s=2672.8
TARGET_EXTRACT 6880/20000 supported=312822 supervised=80328 elapsed_s=2680.0
TARGET_EXTRACT 6900/20000 supported=313683 supervised=80540 elapsed_s=2686.5
TARGET_EXTRACT 6920/20000 supported=314429 supervised=80746 elapsed_s=2692.7
TARGET_EXTRACT 6940/20000 supported=315414 supervised=80990 elapsed_s=2700.9
TARGET_EXTRACT 6960/20000 supported=316182 supervised=81167 elapsed_s=2707.3
TARGET_EXTRACT 6980/20000 supported=317188 supervised=81488 elapsed_s=2717.1
TARGET_EXTRACT 7000/20000 supported=318062 supervised=81746 elapsed_s=2725.5
TARGET_EXTRACT 7020/20000 supported=318924 supervised=81965 elapsed_s=2732.5
TARGET_EXTRACT 7040/20000 supported=319826 supervised=82197 elapsed_s=2740.2
TARGET_EXTRACT 7060/20000 supported=320788 supervised=82421 elapsed_s=2748.2
TARGET_EXTRACT 7080/20000 supported=321682 supervised=82684 elapsed_s=2755.7
TARGET_EXTRACT 7100/20000 supported=322526 supervised=82941 elapsed_s=2763.2
TARGET_EXTRACT 7120/20000 supported=323403 supervised=83179 elapsed_s=2769.5
TARGET_EXTRACT 7140/20000 supported=324397 supervised=83392 elapsed_s=2777.6
TARGET_EXTRACT 7160/20000 supported=325201 supervised=83539 elapsed_s=2783.4
TARGET_EXTRACT 7180/20000 supported=326334 supervised=83780 elapsed_s=2792.8
TARGET_EXTRACT 7200/20000 supported=327262 supervised=84021 elapsed_s=2800.3
TARGET_EXTRACT 7220/20000 supported=328138 supervised=84195 elapsed_s=2808.0
TARGET_EXTRACT 7240/20000 supported=329140 supervised=84512 elapsed_s=2820.1
TARGET_EXTRACT 7260/20000 supported=329978 supervised=84704 elapsed_s=2826.8
TARGET_EXTRACT 7280/20000 supported=330844 supervised=84999 elapsed_s=2834.3
TARGET_EXTRACT 7300/20000 supported=331599 supervised=85204 elapsed_s=2841.3
TARGET_EXTRACT 7320/20000 supported=332421 supervised=85387 elapsed_s=2848.4
TARGET_EXTRACT 7340/20000 supported=333304 supervised=85649 elapsed_s=2856.8
TARGET_EXTRACT 7360/20000 supported=334492 supervised=85944 elapsed_s=2866.6
TARGET_EXTRACT 7380/20000 supported=335190 supervised=86140 elapsed_s=2873.1
TARGET_EXTRACT 7400/20000 supported=336150 supervised=86360 elapsed_s=2881.3
TARGET_EXTRACT 7420/20000 supported=336898 supervised=86524 elapsed_s=2887.4
TARGET_EXTRACT 7440/20000 supported=337830 supervised=86780 elapsed_s=2895.3
TARGET_EXTRACT 7460/20000 supported=338775 supervised=87042 elapsed_s=2903.7
TARGET_EXTRACT 7480/20000 supported=339882 supervised=87263 elapsed_s=2912.1
TARGET_EXTRACT 7500/20000 supported=340776 supervised=87540 elapsed_s=2921.0
TARGET_EXTRACT 7520/20000 supported=341743 supervised=87806 elapsed_s=2929.5
TARGET_EXTRACT 7540/20000 supported=342666 supervised=88025 elapsed_s=2937.6
TARGET_EXTRACT 7560/20000 supported=343508 supervised=88269 elapsed_s=2945.2
TARGET_EXTRACT 7580/20000 supported=344350 supervised=88466 elapsed_s=2952.2
TARGET_EXTRACT 7600/20000 supported=345156 supervised=88654 elapsed_s=2959.9
TARGET_EXTRACT 7620/20000 supported=346046 supervised=88869 elapsed_s=2967.5
TARGET_EXTRACT 7640/20000 supported=346993 supervised=89056 elapsed_s=2974.4
TARGET_EXTRACT 7660/20000 supported=347939 supervised=89304 elapsed_s=2982.2
TARGET_EXTRACT 7680/20000 supported=348716 supervised=89475 elapsed_s=2988.5
TARGET_EXTRACT 7700/20000 supported=349597 supervised=89676 elapsed_s=2996.5
TARGET_EXTRACT 7720/20000 supported=350554 supervised=89920 elapsed_s=3004.2
TARGET_EXTRACT 7740/20000 supported=351370 supervised=90169 elapsed_s=3010.9
TARGET_EXTRACT 7760/20000 supported=352293 supervised=90406 elapsed_s=3018.3
TARGET_EXTRACT 7780/20000 supported=353226 supervised=90670 elapsed_s=3026.8
TARGET_EXTRACT 7800/20000 supported=354052 supervised=90851 elapsed_s=3033.7
TARGET_EXTRACT 7820/20000 supported=354888 supervised=91078 elapsed_s=3041.8
TARGET_EXTRACT 7840/20000 supported=355671 supervised=91312 elapsed_s=3048.7
TARGET_EXTRACT 7860/20000 supported=356512 supervised=91533 elapsed_s=3055.1
TARGET_EXTRACT 7880/20000 supported=357209 supervised=91692 elapsed_s=3061.3
TARGET_EXTRACT 7900/20000 supported=358172 supervised=91964 elapsed_s=3069.1
TARGET_EXTRACT 7920/20000 supported=359124 supervised=92215 elapsed_s=3077.3
TARGET_EXTRACT 7940/20000 supported=359686 supervised=92367 elapsed_s=3081.9
TARGET_EXTRACT 7960/20000 supported=360676 supervised=92623 elapsed_s=3089.7
TARGET_EXTRACT 7980/20000 supported=361665 supervised=92935 elapsed_s=3099.0
TARGET_EXTRACT 8000/20000 supported=362579 supervised=93183 elapsed_s=3107.5
TARGET_EXTRACT 8020/20000 supported=363463 supervised=93328 elapsed_s=3114.7
TARGET_EXTRACT 8040/20000 supported=364380 supervised=93514 elapsed_s=3121.7
TARGET_EXTRACT 8060/20000 supported=365267 supervised=93725 elapsed_s=3129.6
TARGET_EXTRACT 8080/20000 supported=366127 supervised=93952 elapsed_s=3136.7
TARGET_EXTRACT 8100/20000 supported=367024 supervised=94175 elapsed_s=3144.2
TARGET_EXTRACT 8120/20000 supported=367997 supervised=94491 elapsed_s=3153.5
TARGET_EXTRACT 8140/20000 supported=368893 supervised=94684 elapsed_s=3160.4
TARGET_EXTRACT 8160/20000 supported=369825 supervised=94927 elapsed_s=3168.4
TARGET_EXTRACT 8180/20000 supported=370717 supervised=95178 elapsed_s=3176.0
TARGET_EXTRACT 8200/20000 supported=371684 supervised=95406 elapsed_s=3183.3
TARGET_EXTRACT 8220/20000 supported=372406 supervised=95576 elapsed_s=3188.8
TARGET_EXTRACT 8240/20000 supported=373400 supervised=95861 elapsed_s=3197.5
TARGET_EXTRACT 8260/20000 supported=374159 supervised=96054 elapsed_s=3203.5
TARGET_EXTRACT 8280/20000 supported=374792 supervised=96203 elapsed_s=3209.1
TARGET_EXTRACT 8300/20000 supported=375770 supervised=96473 elapsed_s=3217.0
TARGET_EXTRACT 8320/20000 supported=376563 supervised=96689 elapsed_s=3223.5
TARGET_EXTRACT 8340/20000 supported=377549 supervised=96918 elapsed_s=3231.8
TARGET_EXTRACT 8360/20000 supported=378402 supervised=97106 elapsed_s=3238.9
TARGET_EXTRACT 8380/20000 supported=379249 supervised=97432 elapsed_s=3246.9
TARGET_EXTRACT 8400/20000 supported=380094 supervised=97619 elapsed_s=3255.1
TARGET_EXTRACT 8420/20000 supported=381114 supervised=97857 elapsed_s=3263.7
TARGET_EXTRACT 8440/20000 supported=381943 supervised=98083 elapsed_s=3270.5
TARGET_EXTRACT 8460/20000 supported=382746 supervised=98302 elapsed_s=3278.3
TARGET_EXTRACT 8480/20000 supported=383632 supervised=98511 elapsed_s=3285.4
TARGET_EXTRACT 8500/20000 supported=384610 supervised=98729 elapsed_s=3293.2
TARGET_EXTRACT 8520/20000 supported=385412 supervised=98926 elapsed_s=3299.9
TARGET_EXTRACT 8540/20000 supported=386375 supervised=99183 elapsed_s=3307.8
TARGET_EXTRACT 8560/20000 supported=387279 supervised=99402 elapsed_s=3315.2
TARGET_EXTRACT 8580/20000 supported=388214 supervised=99609 elapsed_s=3322.2
TARGET_EXTRACT 8600/20000 supported=389145 supervised=99910 elapsed_s=3331.8
TARGET_EXTRACT 8620/20000 supported=389794 supervised=100109 elapsed_s=3338.2
TARGET_EXTRACT 8640/20000 supported=390638 supervised=100303 elapsed_s=3344.8
TARGET_EXTRACT 8660/20000 supported=391567 supervised=100566 elapsed_s=3353.2
TARGET_EXTRACT 8680/20000 supported=392494 supervised=100760 elapsed_s=3361.1
TARGET_EXTRACT 8700/20000 supported=393348 supervised=100953 elapsed_s=3368.3
TARGET_EXTRACT 8720/20000 supported=394358 supervised=101239 elapsed_s=3377.6
TARGET_EXTRACT 8740/20000 supported=395251 supervised=101447 elapsed_s=3385.0
TARGET_EXTRACT 8760/20000 supported=396162 supervised=101711 elapsed_s=3392.9
TARGET_EXTRACT 8780/20000 supported=397174 supervised=102021 elapsed_s=3401.2
TARGET_EXTRACT 8800/20000 supported=398000 supervised=102255 elapsed_s=3409.3
TARGET_EXTRACT 8820/20000 supported=398912 supervised=102578 elapsed_s=3418.7
TARGET_EXTRACT 8840/20000 supported=399998 supervised=102907 elapsed_s=3429.1
TARGET_EXTRACT 8860/20000 supported=400884 supervised=103137 elapsed_s=3436.6
TARGET_EXTRACT 8880/20000 supported=401817 supervised=103407 elapsed_s=3445.2
TARGET_EXTRACT 8900/20000 supported=402829 supervised=103685 elapsed_s=3453.5
TARGET_EXTRACT 8920/20000 supported=403905 supervised=103952 elapsed_s=3462.1
TARGET_EXTRACT 8940/20000 supported=404881 supervised=104273 elapsed_s=3471.7
TARGET_EXTRACT 8960/20000 supported=405803 supervised=104538 elapsed_s=3480.5
TARGET_EXTRACT 8980/20000 supported=406869 supervised=104820 elapsed_s=3490.1
TARGET_EXTRACT 9000/20000 supported=407736 supervised=105033 elapsed_s=3497.0
TARGET_EXTRACT 9020/20000 supported=408575 supervised=105313 elapsed_s=3504.5
TARGET_EXTRACT 9040/20000 supported=409469 supervised=105544 elapsed_s=3512.7
TARGET_EXTRACT 9060/20000 supported=410369 supervised=105770 elapsed_s=3519.7
TARGET_EXTRACT 9080/20000 supported=411468 supervised=106085 elapsed_s=3528.7
TARGET_EXTRACT 9100/20000 supported=412347 supervised=106305 elapsed_s=3535.1
TARGET_EXTRACT 9120/20000 supported=413205 supervised=106556 elapsed_s=3543.0
TARGET_EXTRACT 9140/20000 supported=414136 supervised=106769 elapsed_s=3550.0
TARGET_EXTRACT 9160/20000 supported=415108 supervised=107056 elapsed_s=3558.0
TARGET_EXTRACT 9180/20000 supported=416139 supervised=107393 elapsed_s=3567.9
TARGET_EXTRACT 9200/20000 supported=417155 supervised=107659 elapsed_s=3576.3
TARGET_EXTRACT 9220/20000 supported=417954 supervised=107890 elapsed_s=3584.6
TARGET_EXTRACT 9240/20000 supported=418734 supervised=108099 elapsed_s=3591.7
TARGET_EXTRACT 9260/20000 supported=419659 supervised=108402 elapsed_s=3601.7
TARGET_EXTRACT 9280/20000 supported=420566 supervised=108661 elapsed_s=3609.9
TARGET_EXTRACT 9300/20000 supported=421593 supervised=108905 elapsed_s=3618.2
TARGET_EXTRACT 9320/20000 supported=422426 supervised=109085 elapsed_s=3624.7
TARGET_EXTRACT 9340/20000 supported=423367 supervised=109382 elapsed_s=3633.5
TARGET_EXTRACT 9360/20000 supported=424359 supervised=109632 elapsed_s=3641.2
TARGET_EXTRACT 9380/20000 supported=425481 supervised=109934 elapsed_s=3651.6
TARGET_EXTRACT 9400/20000 supported=426448 supervised=110172 elapsed_s=3659.8
TARGET_EXTRACT 9420/20000 supported=427151 supervised=110303 elapsed_s=3665.4
TARGET_EXTRACT 9440/20000 supported=428021 supervised=110501 elapsed_s=3672.9
TARGET_EXTRACT 9460/20000 supported=428931 supervised=110745 elapsed_s=3681.1
TARGET_EXTRACT 9480/20000 supported=429833 supervised=111059 elapsed_s=3689.4
TARGET_EXTRACT 9500/20000 supported=430757 supervised=111258 elapsed_s=3697.0
TARGET_EXTRACT 9520/20000 supported=431590 supervised=111496 elapsed_s=3704.3
TARGET_EXTRACT 9540/20000 supported=432601 supervised=111776 elapsed_s=3714.0
TARGET_EXTRACT 9560/20000 supported=433613 supervised=112022 elapsed_s=3722.2
TARGET_EXTRACT 9580/20000 supported=434699 supervised=112347 elapsed_s=3732.4
TARGET_EXTRACT 9600/20000 supported=435540 supervised=112599 elapsed_s=3739.2
TARGET_EXTRACT 9620/20000 supported=436632 supervised=112849 elapsed_s=3749.4
TARGET_EXTRACT 9640/20000 supported=437598 supervised=113099 elapsed_s=3757.6
TARGET_EXTRACT 9660/20000 supported=438560 supervised=113354 elapsed_s=3766.3
TARGET_EXTRACT 9680/20000 supported=439513 supervised=113598 elapsed_s=3774.5
TARGET_EXTRACT 9700/20000 supported=440488 supervised=113819 elapsed_s=3782.9
TARGET_EXTRACT 9720/20000 supported=441290 supervised=114032 elapsed_s=3789.7
TARGET_EXTRACT 9740/20000 supported=441998 supervised=114195 elapsed_s=3796.1
TARGET_EXTRACT 9760/20000 supported=442974 supervised=114419 elapsed_s=3804.6
TARGET_EXTRACT 9780/20000 supported=443915 supervised=114689 elapsed_s=3812.6
TARGET_EXTRACT 9800/20000 supported=444892 supervised=114916 elapsed_s=3820.9
TARGET_EXTRACT 9820/20000 supported=445835 supervised=115131 elapsed_s=3828.0
TARGET_EXTRACT 9840/20000 supported=446719 supervised=115335 elapsed_s=3836.2
TARGET_EXTRACT 9860/20000 supported=447510 supervised=115554 elapsed_s=3843.2
TARGET_EXTRACT 9880/20000 supported=448542 supervised=115813 elapsed_s=3851.6
TARGET_EXTRACT 9900/20000 supported=449567 supervised=116026 elapsed_s=3860.5
TARGET_EXTRACT 9920/20000 supported=450465 supervised=116275 elapsed_s=3867.4
TARGET_EXTRACT 9940/20000 supported=451226 supervised=116477 elapsed_s=3873.8
TARGET_EXTRACT 9960/20000 supported=452002 supervised=116748 elapsed_s=3882.2
TARGET_EXTRACT 9980/20000 supported=452953 supervised=116950 elapsed_s=3889.2
TARGET_EXTRACT 10000/20000 supported=454017 supervised=117215 elapsed_s=3898.3
TARGET_EXTRACT 10020/20000 supported=455015 supervised=117501 elapsed_s=3905.4
TARGET_EXTRACT 10040/20000 supported=455861 supervised=117718 elapsed_s=3912.1
TARGET_EXTRACT 10060/20000 supported=456779 supervised=117906 elapsed_s=3920.0
TARGET_EXTRACT 10080/20000 supported=457667 supervised=118135 elapsed_s=3927.9
TARGET_EXTRACT 10100/20000 supported=458434 supervised=118322 elapsed_s=3934.7
TARGET_EXTRACT 10120/20000 supported=459139 supervised=118544 elapsed_s=3941.7
TARGET_EXTRACT 10140/20000 supported=460107 supervised=118780 elapsed_s=3949.6
TARGET_EXTRACT 10160/20000 supported=461105 supervised=119021 elapsed_s=3958.1
TARGET_EXTRACT 10180/20000 supported=462057 supervised=119238 elapsed_s=3966.1
TARGET_EXTRACT 10200/20000 supported=463121 supervised=119511 elapsed_s=3975.6
TARGET_EXTRACT 10220/20000 supported=463972 supervised=119668 elapsed_s=3982.0
TARGET_EXTRACT 10240/20000 supported=464923 supervised=119930 elapsed_s=3990.1
TARGET_EXTRACT 10260/20000 supported=466040 supervised=120247 elapsed_s=4000.5
TARGET_EXTRACT 10280/20000 supported=466755 supervised=120419 elapsed_s=4006.5
TARGET_EXTRACT 10300/20000 supported=467760 supervised=120661 elapsed_s=4015.4
TARGET_EXTRACT 10320/20000 supported=468864 supervised=120936 elapsed_s=4025.6
TARGET_EXTRACT 10340/20000 supported=469687 supervised=121167 elapsed_s=4032.3
TARGET_EXTRACT 10360/20000 supported=470564 supervised=121391 elapsed_s=4039.6
TARGET_EXTRACT 10380/20000 supported=471569 supervised=121622 elapsed_s=4048.2
TARGET_EXTRACT 10400/20000 supported=472412 supervised=121890 elapsed_s=4056.1
TARGET_EXTRACT 10420/20000 supported=473342 supervised=122133 elapsed_s=4063.9
TARGET_EXTRACT 10440/20000 supported=474401 supervised=122426 elapsed_s=4072.7
TARGET_EXTRACT 10460/20000 supported=475298 supervised=122620 elapsed_s=4080.4
TARGET_EXTRACT 10480/20000 supported=476070 supervised=122832 elapsed_s=4086.5
TARGET_EXTRACT 10500/20000 supported=477115 supervised=123133 elapsed_s=4095.5
TARGET_EXTRACT 10520/20000 supported=478109 supervised=123335 elapsed_s=4103.0
TARGET_EXTRACT 10540/20000 supported=479068 supervised=123616 elapsed_s=4111.4
TARGET_EXTRACT 10560/20000 supported=480021 supervised=123890 elapsed_s=4120.0
TARGET_EXTRACT 10580/20000 supported=480855 supervised=124073 elapsed_s=4127.1
TARGET_EXTRACT 10600/20000 supported=481858 supervised=124311 elapsed_s=4135.2
TARGET_EXTRACT 10620/20000 supported=482748 supervised=124566 elapsed_s=4143.2
TARGET_EXTRACT 10640/20000 supported=483792 supervised=124794 elapsed_s=4151.0
TARGET_EXTRACT 10660/20000 supported=484662 supervised=124992 elapsed_s=4158.7
TARGET_EXTRACT 10680/20000 supported=485499 supervised=125203 elapsed_s=4166.0
TARGET_EXTRACT 10700/20000 supported=486465 supervised=125460 elapsed_s=4174.7
TARGET_EXTRACT 10720/20000 supported=487439 supervised=125730 elapsed_s=4183.8
TARGET_EXTRACT 10740/20000 supported=488238 supervised=125898 elapsed_s=4190.6
TARGET_EXTRACT 10760/20000 supported=489174 supervised=126114 elapsed_s=4198.1
TARGET_EXTRACT 10780/20000 supported=490173 supervised=126408 elapsed_s=4206.2
TARGET_EXTRACT 10800/20000 supported=491127 supervised=126711 elapsed_s=4215.7
TARGET_EXTRACT 10820/20000 supported=492150 supervised=126985 elapsed_s=4223.5
TARGET_EXTRACT 10840/20000 supported=493011 supervised=127220 elapsed_s=4230.1
TARGET_EXTRACT 10860/20000 supported=493928 supervised=127465 elapsed_s=4238.8
TARGET_EXTRACT 10880/20000 supported=494828 supervised=127712 elapsed_s=4246.4
TARGET_EXTRACT 10900/20000 supported=495880 supervised=127969 elapsed_s=4255.7
TARGET_EXTRACT 10920/20000 supported=496758 supervised=128168 elapsed_s=4262.3
TARGET_EXTRACT 10940/20000 supported=497755 supervised=128400 elapsed_s=4269.6
TARGET_EXTRACT 10960/20000 supported=498580 supervised=128612 elapsed_s=4276.9
TARGET_EXTRACT 10980/20000 supported=499455 supervised=128827 elapsed_s=4284.1
TARGET_EXTRACT 11000/20000 supported=500279 supervised=129071 elapsed_s=4291.9
TARGET_EXTRACT 11020/20000 supported=501215 supervised=129298 elapsed_s=4299.5
TARGET_EXTRACT 11040/20000 supported=501937 supervised=129445 elapsed_s=4305.1
TARGET_EXTRACT 11060/20000 supported=502926 supervised=129693 elapsed_s=4314.1
TARGET_EXTRACT 11080/20000 supported=503932 supervised=129969 elapsed_s=4322.3
TARGET_EXTRACT 11100/20000 supported=504901 supervised=130200 elapsed_s=4331.2
TARGET_EXTRACT 11120/20000 supported=505823 supervised=130454 elapsed_s=4339.6
TARGET_EXTRACT 11140/20000 supported=506766 supervised=130672 elapsed_s=4347.9
TARGET_EXTRACT 11160/20000 supported=507676 supervised=130895 elapsed_s=4355.9
TARGET_EXTRACT 11180/20000 supported=508639 supervised=131133 elapsed_s=4364.5
TARGET_EXTRACT 11200/20000 supported=509670 supervised=131400 elapsed_s=4373.6
TARGET_EXTRACT 11220/20000 supported=510640 supervised=131691 elapsed_s=4382.4
TARGET_EXTRACT 11240/20000 supported=511511 supervised=131909 elapsed_s=4390.3
TARGET_EXTRACT 11260/20000 supported=512375 supervised=132089 elapsed_s=4397.6
TARGET_EXTRACT 11280/20000 supported=513350 supervised=132374 elapsed_s=4406.9
TARGET_EXTRACT 11300/20000 supported=514365 supervised=132671 elapsed_s=4416.5
TARGET_EXTRACT 11320/20000 supported=515431 supervised=132969 elapsed_s=4426.8
TARGET_EXTRACT 11340/20000 supported=516455 supervised=133276 elapsed_s=4436.5
TARGET_EXTRACT 11360/20000 supported=517279 supervised=133489 elapsed_s=4443.9
TARGET_EXTRACT 11380/20000 supported=518072 supervised=133628 elapsed_s=4450.0
TARGET_EXTRACT 11400/20000 supported=518828 supervised=133787 elapsed_s=4456.0
TARGET_EXTRACT 11420/20000 supported=519577 supervised=133919 elapsed_s=4462.2
TARGET_EXTRACT 11440/20000 supported=520494 supervised=134150 elapsed_s=4470.7
TARGET_EXTRACT 11460/20000 supported=521249 supervised=134328 elapsed_s=4477.7
TARGET_EXTRACT 11480/20000 supported=522122 supervised=134591 elapsed_s=4485.5
TARGET_EXTRACT 11500/20000 supported=522779 supervised=134796 elapsed_s=4491.9
TARGET_EXTRACT 11520/20000 supported=523667 supervised=135021 elapsed_s=4500.7
TARGET_EXTRACT 11540/20000 supported=524789 supervised=135299 elapsed_s=4511.4
TARGET_EXTRACT 11560/20000 supported=525718 supervised=135561 elapsed_s=4520.1
TARGET_EXTRACT 11580/20000 supported=526637 supervised=135817 elapsed_s=4527.6
TARGET_EXTRACT 11600/20000 supported=527681 supervised=136139 elapsed_s=4536.8
TARGET_EXTRACT 11620/20000 supported=528500 supervised=136343 elapsed_s=4543.9
TARGET_EXTRACT 11640/20000 supported=529551 supervised=136569 elapsed_s=4551.9
TARGET_EXTRACT 11660/20000 supported=530434 supervised=136767 elapsed_s=4559.5
TARGET_EXTRACT 11680/20000 supported=531356 supervised=136955 elapsed_s=4567.2
TARGET_EXTRACT 11700/20000 supported=532219 supervised=137247 elapsed_s=4576.3
TARGET_EXTRACT 11720/20000 supported=533184 supervised=137488 elapsed_s=4585.3
TARGET_EXTRACT 11740/20000 supported=534180 supervised=137757 elapsed_s=4593.7
TARGET_EXTRACT 11760/20000 supported=535071 supervised=137982 elapsed_s=4600.9
TARGET_EXTRACT 11780/20000 supported=535858 supervised=138193 elapsed_s=4609.1
TARGET_EXTRACT 11800/20000 supported=536832 supervised=138469 elapsed_s=4617.6
TARGET_EXTRACT 11820/20000 supported=537713 supervised=138724 elapsed_s=4626.2
TARGET_EXTRACT 11840/20000 supported=538722 supervised=139048 elapsed_s=4635.6
TARGET_EXTRACT 11860/20000 supported=539704 supervised=139359 elapsed_s=4644.6
TARGET_EXTRACT 11880/20000 supported=540470 supervised=139548 elapsed_s=4651.0
TARGET_EXTRACT 11900/20000 supported=541405 supervised=139839 elapsed_s=4659.2
TARGET_EXTRACT 11920/20000 supported=542057 supervised=140053 elapsed_s=4666.0
TARGET_EXTRACT 11940/20000 supported=542958 supervised=140242 elapsed_s=4673.7
TARGET_EXTRACT 11960/20000 supported=543962 supervised=140498 elapsed_s=4683.6
TARGET_EXTRACT 11980/20000 supported=544977 supervised=140735 elapsed_s=4692.6
TARGET_EXTRACT 12000/20000 supported=545804 supervised=140943 elapsed_s=4700.8
TARGET_EXTRACT 12020/20000 supported=546647 supervised=141197 elapsed_s=4708.6
TARGET_EXTRACT 12040/20000 supported=547590 supervised=141402 elapsed_s=4716.4
TARGET_EXTRACT 12060/20000 supported=548493 supervised=141631 elapsed_s=4724.5
TARGET_EXTRACT 12080/20000 supported=549519 supervised=141912 elapsed_s=4732.4
TARGET_EXTRACT 12100/20000 supported=550477 supervised=142200 elapsed_s=4740.7
TARGET_EXTRACT 12120/20000 supported=551373 supervised=142429 elapsed_s=4748.4
TARGET_EXTRACT 12140/20000 supported=552454 supervised=142755 elapsed_s=4758.1
TARGET_EXTRACT 12160/20000 supported=553450 supervised=142968 elapsed_s=4766.4
TARGET_EXTRACT 12180/20000 supported=554328 supervised=143174 elapsed_s=4772.6
TARGET_EXTRACT 12200/20000 supported=555159 supervised=143371 elapsed_s=4779.9
TARGET_EXTRACT 12220/20000 supported=555995 supervised=143576 elapsed_s=4786.3
TARGET_EXTRACT 12240/20000 supported=556899 supervised=143805 elapsed_s=4793.9
TARGET_EXTRACT 12260/20000 supported=557838 supervised=144024 elapsed_s=4802.5
TARGET_EXTRACT 12280/20000 supported=558781 supervised=144315 elapsed_s=4812.1
TARGET_EXTRACT 12300/20000 supported=559734 supervised=144565 elapsed_s=4819.9
TARGET_EXTRACT 12320/20000 supported=560730 supervised=144793 elapsed_s=4827.3
TARGET_EXTRACT 12340/20000 supported=561746 supervised=145025 elapsed_s=4836.3
TARGET_EXTRACT 12360/20000 supported=562704 supervised=145309 elapsed_s=4844.4
TARGET_EXTRACT 12380/20000 supported=563721 supervised=145594 elapsed_s=4852.9
TARGET_EXTRACT 12400/20000 supported=564642 supervised=145834 elapsed_s=4860.4
TARGET_EXTRACT 12420/20000 supported=565632 supervised=146117 elapsed_s=4868.0
TARGET_EXTRACT 12440/20000 supported=566527 supervised=146370 elapsed_s=4876.7
TARGET_EXTRACT 12460/20000 supported=567463 supervised=146590 elapsed_s=4884.2
TARGET_EXTRACT 12480/20000 supported=568254 supervised=146789 elapsed_s=4890.5
TARGET_EXTRACT 12500/20000 supported=569052 supervised=146987 elapsed_s=4897.5
TARGET_EXTRACT 12520/20000 supported=569952 supervised=147204 elapsed_s=4904.8
TARGET_EXTRACT 12540/20000 supported=570836 supervised=147428 elapsed_s=4912.5
TARGET_EXTRACT 12560/20000 supported=571901 supervised=147647 elapsed_s=4920.3
TARGET_EXTRACT 12580/20000 supported=572891 supervised=147929 elapsed_s=4928.7
TARGET_EXTRACT 12600/20000 supported=573893 supervised=148147 elapsed_s=4936.8
TARGET_EXTRACT 12620/20000 supported=574857 supervised=148422 elapsed_s=4945.9
TARGET_EXTRACT 12640/20000 supported=575783 supervised=148644 elapsed_s=4953.9
TARGET_EXTRACT 12660/20000 supported=576768 supervised=148908 elapsed_s=4962.1
TARGET_EXTRACT 12680/20000 supported=577607 supervised=149133 elapsed_s=4969.7
TARGET_EXTRACT 12700/20000 supported=578573 supervised=149381 elapsed_s=4977.6
TARGET_EXTRACT 12720/20000 supported=579502 supervised=149595 elapsed_s=4985.1
TARGET_EXTRACT 12740/20000 supported=580363 supervised=149815 elapsed_s=4992.5
TARGET_EXTRACT 12760/20000 supported=581344 supervised=150069 elapsed_s=5001.3
TARGET_EXTRACT 12780/20000 supported=582307 supervised=150321 elapsed_s=5009.3
TARGET_EXTRACT 12800/20000 supported=583226 supervised=150592 elapsed_s=5018.2
TARGET_EXTRACT 12820/20000 supported=584273 supervised=150884 elapsed_s=5027.0
TARGET_EXTRACT 12840/20000 supported=585286 supervised=151155 elapsed_s=5036.1
TARGET_EXTRACT 12860/20000 supported=586269 supervised=151438 elapsed_s=5044.7
TARGET_EXTRACT 12880/20000 supported=587173 supervised=151676 elapsed_s=5051.9
TARGET_EXTRACT 12900/20000 supported=587993 supervised=151929 elapsed_s=5060.3
TARGET_EXTRACT 12920/20000 supported=588893 supervised=152181 elapsed_s=5067.8
TARGET_EXTRACT 12940/20000 supported=589700 supervised=152384 elapsed_s=5075.0
TARGET_EXTRACT 12960/20000 supported=590645 supervised=152612 elapsed_s=5083.8
TARGET_EXTRACT 12980/20000 supported=591566 supervised=152847 elapsed_s=5091.6
TARGET_EXTRACT 13000/20000 supported=592306 supervised=153043 elapsed_s=5097.5
TARGET_EXTRACT 13020/20000 supported=593252 supervised=153283 elapsed_s=5105.1
TARGET_EXTRACT 13040/20000 supported=594178 supervised=153525 elapsed_s=5113.5
TARGET_EXTRACT 13060/20000 supported=595012 supervised=153735 elapsed_s=5121.1
TARGET_EXTRACT 13080/20000 supported=595960 supervised=154009 elapsed_s=5128.8
TARGET_EXTRACT 13100/20000 supported=596894 supervised=154206 elapsed_s=5136.1
TARGET_EXTRACT 13120/20000 supported=597693 supervised=154417 elapsed_s=5142.8
TARGET_EXTRACT 13140/20000 supported=598582 supervised=154670 elapsed_s=5151.3
TARGET_EXTRACT 13160/20000 supported=599454 supervised=154878 elapsed_s=5158.7
TARGET_EXTRACT 13180/20000 supported=600253 supervised=155082 elapsed_s=5166.3
TARGET_EXTRACT 13200/20000 supported=601147 supervised=155291 elapsed_s=5173.7
TARGET_EXTRACT 13220/20000 supported=602049 supervised=155502 elapsed_s=5181.3
TARGET_EXTRACT 13240/20000 supported=602802 supervised=155685 elapsed_s=5187.8
TARGET_EXTRACT 13260/20000 supported=603811 supervised=155900 elapsed_s=5195.1
TARGET_EXTRACT 13280/20000 supported=604810 supervised=156161 elapsed_s=5203.0
TARGET_EXTRACT 13300/20000 supported=605648 supervised=156389 elapsed_s=5210.5
TARGET_EXTRACT 13320/20000 supported=606451 supervised=156608 elapsed_s=5217.3
TARGET_EXTRACT 13340/20000 supported=607313 supervised=156845 elapsed_s=5225.4
TARGET_EXTRACT 13360/20000 supported=608160 supervised=157098 elapsed_s=5232.4
TARGET_EXTRACT 13380/20000 supported=609144 supervised=157359 elapsed_s=5240.2
TARGET_EXTRACT 13400/20000 supported=609982 supervised=157583 elapsed_s=5247.5
TARGET_EXTRACT 13420/20000 supported=611019 supervised=157834 elapsed_s=5256.7
TARGET_EXTRACT 13440/20000 supported=611958 supervised=158075 elapsed_s=5264.5
TARGET_EXTRACT 13460/20000 supported=612931 supervised=158287 elapsed_s=5273.4
TARGET_EXTRACT 13480/20000 supported=613897 supervised=158490 elapsed_s=5282.0
TARGET_EXTRACT 13500/20000 supported=614812 supervised=158715 elapsed_s=5288.8
TARGET_EXTRACT 13520/20000 supported=615849 supervised=158925 elapsed_s=5296.5
TARGET_EXTRACT 13540/20000 supported=616829 supervised=159179 elapsed_s=5304.9
TARGET_EXTRACT 13560/20000 supported=617874 supervised=159428 elapsed_s=5313.6
TARGET_EXTRACT 13580/20000 supported=618771 supervised=159611 elapsed_s=5320.6
TARGET_EXTRACT 13600/20000 supported=619758 supervised=159911 elapsed_s=5329.5
TARGET_EXTRACT 13620/20000 supported=620626 supervised=160179 elapsed_s=5337.1
TARGET_EXTRACT 13640/20000 supported=621448 supervised=160413 elapsed_s=5344.8
TARGET_EXTRACT 13660/20000 supported=622279 supervised=160621 elapsed_s=5352.9
TARGET_EXTRACT 13680/20000 supported=623176 supervised=160867 elapsed_s=5361.1
TARGET_EXTRACT 13700/20000 supported=624101 supervised=161083 elapsed_s=5369.4
TARGET_EXTRACT 13720/20000 supported=625028 supervised=161250 elapsed_s=5377.6
TARGET_EXTRACT 13740/20000 supported=625726 supervised=161414 elapsed_s=5383.6
TARGET_EXTRACT 13760/20000 supported=626606 supervised=161647 elapsed_s=5391.5
TARGET_EXTRACT 13780/20000 supported=627413 supervised=161867 elapsed_s=5399.0
TARGET_EXTRACT 13800/20000 supported=628332 supervised=162127 elapsed_s=5407.5
TARGET_EXTRACT 13820/20000 supported=629182 supervised=162323 elapsed_s=5414.6
TARGET_EXTRACT 13840/20000 supported=630114 supervised=162588 elapsed_s=5422.8
TARGET_EXTRACT 13860/20000 supported=631066 supervised=162813 elapsed_s=5430.9
TARGET_EXTRACT 13880/20000 supported=631722 supervised=162974 elapsed_s=5436.7
TARGET_EXTRACT 13900/20000 supported=632687 supervised=163251 elapsed_s=5445.9
TARGET_EXTRACT 13920/20000 supported=633770 supervised=163567 elapsed_s=5455.9
TARGET_EXTRACT 13940/20000 supported=634748 supervised=163856 elapsed_s=5464.8
TARGET_EXTRACT 13960/20000 supported=635608 supervised=164081 elapsed_s=5473.0
TARGET_EXTRACT 13980/20000 supported=636536 supervised=164317 elapsed_s=5481.5
TARGET_EXTRACT 14000/20000 supported=637257 supervised=164552 elapsed_s=5489.1
TARGET_EXTRACT 14020/20000 supported=638398 supervised=164795 elapsed_s=5497.8
TARGET_EXTRACT 14040/20000 supported=639371 supervised=165070 elapsed_s=5505.0
TARGET_EXTRACT 14060/20000 supported=640303 supervised=165309 elapsed_s=5512.5
TARGET_EXTRACT 14080/20000 supported=641092 supervised=165460 elapsed_s=5519.2
TARGET_EXTRACT 14100/20000 supported=642124 supervised=165768 elapsed_s=5528.1
TARGET_EXTRACT 14120/20000 supported=642933 supervised=165966 elapsed_s=5534.0
TARGET_EXTRACT 14140/20000 supported=643993 supervised=166155 elapsed_s=5541.7
TARGET_EXTRACT 14160/20000 supported=644802 supervised=166388 elapsed_s=5549.2
TARGET_EXTRACT 14180/20000 supported=645811 supervised=166628 elapsed_s=5557.7
TARGET_EXTRACT 14200/20000 supported=646748 supervised=166853 elapsed_s=5565.7
TARGET_EXTRACT 14220/20000 supported=647510 supervised=167025 elapsed_s=5571.6
TARGET_EXTRACT 14240/20000 supported=648300 supervised=167297 elapsed_s=5579.5
TARGET_EXTRACT 14260/20000 supported=649194 supervised=167558 elapsed_s=5587.3
TARGET_EXTRACT 14280/20000 supported=650209 supervised=167783 elapsed_s=5595.1
TARGET_EXTRACT 14300/20000 supported=651230 supervised=168027 elapsed_s=5603.6
TARGET_EXTRACT 14320/20000 supported=652049 supervised=168256 elapsed_s=5610.6
TARGET_EXTRACT 14340/20000 supported=652904 supervised=168470 elapsed_s=5617.7
TARGET_EXTRACT 14360/20000 supported=653767 supervised=168635 elapsed_s=5624.5
TARGET_EXTRACT 14380/20000 supported=654786 supervised=168909 elapsed_s=5632.9
TARGET_EXTRACT 14400/20000 supported=655690 supervised=169151 elapsed_s=5641.0
TARGET_EXTRACT 14420/20000 supported=656363 supervised=169324 elapsed_s=5647.2
TARGET_EXTRACT 14440/20000 supported=657161 supervised=169563 elapsed_s=5654.4
TARGET_EXTRACT 14460/20000 supported=657916 supervised=169757 elapsed_s=5661.6
TARGET_EXTRACT 14480/20000 supported=658903 supervised=169984 elapsed_s=5670.2
TARGET_EXTRACT 14500/20000 supported=659719 supervised=170205 elapsed_s=5677.7
TARGET_EXTRACT 14520/20000 supported=660684 supervised=170435 elapsed_s=5685.4
TARGET_EXTRACT 14540/20000 supported=661705 supervised=170682 elapsed_s=5693.1
TARGET_EXTRACT 14560/20000 supported=662490 supervised=170882 elapsed_s=5700.8
TARGET_EXTRACT 14580/20000 supported=663220 supervised=171046 elapsed_s=5707.0
TARGET_EXTRACT 14600/20000 supported=664219 supervised=171357 elapsed_s=5715.5
TARGET_EXTRACT 14620/20000 supported=665226 supervised=171659 elapsed_s=5724.2
TARGET_EXTRACT 14640/20000 supported=666264 supervised=171884 elapsed_s=5732.8
TARGET_EXTRACT 14660/20000 supported=667300 supervised=172121 elapsed_s=5741.3
TARGET_EXTRACT 14680/20000 supported=668214 supervised=172352 elapsed_s=5748.0
TARGET_EXTRACT 14700/20000 supported=668996 supervised=172523 elapsed_s=5754.4
TARGET_EXTRACT 14720/20000 supported=670029 supervised=172797 elapsed_s=5763.6
TARGET_EXTRACT 14740/20000 supported=670801 supervised=172982 elapsed_s=5769.8
TARGET_EXTRACT 14760/20000 supported=671691 supervised=173241 elapsed_s=5777.8
TARGET_EXTRACT 14780/20000 supported=672728 supervised=173520 elapsed_s=5786.8
TARGET_EXTRACT 14800/20000 supported=673636 supervised=173773 elapsed_s=5794.8
TARGET_EXTRACT 14820/20000 supported=674590 supervised=174013 elapsed_s=5804.0
TARGET_EXTRACT 14840/20000 supported=675536 supervised=174265 elapsed_s=5812.0
TARGET_EXTRACT 14860/20000 supported=676487 supervised=174501 elapsed_s=5819.6
TARGET_EXTRACT 14880/20000 supported=677403 supervised=174730 elapsed_s=5827.0
TARGET_EXTRACT 14900/20000 supported=678423 supervised=175068 elapsed_s=5837.1
TARGET_EXTRACT 14920/20000 supported=679295 supervised=175277 elapsed_s=5843.4
TARGET_EXTRACT 14940/20000 supported=680227 supervised=175479 elapsed_s=5852.1
TARGET_EXTRACT 14960/20000 supported=681185 supervised=175740 elapsed_s=5860.3
TARGET_EXTRACT 14980/20000 supported=682040 supervised=175965 elapsed_s=5868.3
TARGET_EXTRACT 15000/20000 supported=683022 supervised=176204 elapsed_s=5877.3
TARGET_EXTRACT 15020/20000 supported=684051 supervised=176465 elapsed_s=5886.0
TARGET_EXTRACT 15040/20000 supported=684976 supervised=176694 elapsed_s=5894.1
TARGET_EXTRACT 15060/20000 supported=685925 supervised=176909 elapsed_s=5902.1
TARGET_EXTRACT 15080/20000 supported=686884 supervised=177146 elapsed_s=5910.8
TARGET_EXTRACT 15100/20000 supported=687772 supervised=177375 elapsed_s=5917.9
TARGET_EXTRACT 15120/20000 supported=688668 supervised=177576 elapsed_s=5925.5
TARGET_EXTRACT 15140/20000 supported=689675 supervised=177824 elapsed_s=5933.6
TARGET_EXTRACT 15160/20000 supported=690734 supervised=178030 elapsed_s=5941.8
TARGET_EXTRACT 15180/20000 supported=691656 supervised=178296 elapsed_s=5950.5
TARGET_EXTRACT 15200/20000 supported=692641 supervised=178516 elapsed_s=5958.4
TARGET_EXTRACT 15220/20000 supported=693466 supervised=178720 elapsed_s=5965.2
TARGET_EXTRACT 15240/20000 supported=694465 supervised=179009 elapsed_s=5974.6
TARGET_EXTRACT 15260/20000 supported=695525 supervised=179250 elapsed_s=5982.3
TARGET_EXTRACT 15280/20000 supported=696431 supervised=179485 elapsed_s=5990.0
TARGET_EXTRACT 15300/20000 supported=697379 supervised=179716 elapsed_s=5997.5
TARGET_EXTRACT 15320/20000 supported=698416 supervised=180092 elapsed_s=6007.5
TARGET_EXTRACT 15340/20000 supported=699333 supervised=180294 elapsed_s=6014.9
TARGET_EXTRACT 15360/20000 supported=700196 supervised=180500 elapsed_s=6021.6
TARGET_EXTRACT 15380/20000 supported=700881 supervised=180707 elapsed_s=6027.6
TARGET_EXTRACT 15400/20000 supported=701869 supervised=180970 elapsed_s=6036.3
TARGET_EXTRACT 15420/20000 supported=702799 supervised=181196 elapsed_s=6044.0
TARGET_EXTRACT 15440/20000 supported=703561 supervised=181352 elapsed_s=6050.1
TARGET_EXTRACT 15460/20000 supported=704429 supervised=181590 elapsed_s=6057.3
TARGET_EXTRACT 15480/20000 supported=705081 supervised=181753 elapsed_s=6062.6
TARGET_EXTRACT 15500/20000 supported=706011 supervised=181977 elapsed_s=6070.6
TARGET_EXTRACT 15520/20000 supported=706961 supervised=182255 elapsed_s=6079.3
TARGET_EXTRACT 15540/20000 supported=707756 supervised=182487 elapsed_s=6086.2
TARGET_EXTRACT 15560/20000 supported=708652 supervised=182727 elapsed_s=6094.1
TARGET_EXTRACT 15580/20000 supported=709604 supervised=182972 elapsed_s=6101.9
TARGET_EXTRACT 15600/20000 supported=710619 supervised=183218 elapsed_s=6110.9
TARGET_EXTRACT 15620/20000 supported=711498 supervised=183428 elapsed_s=6119.1
TARGET_EXTRACT 15640/20000 supported=712095 supervised=183551 elapsed_s=6123.4
TARGET_EXTRACT 15660/20000 supported=713000 supervised=183717 elapsed_s=6131.0
TARGET_EXTRACT 15680/20000 supported=713889 supervised=183954 elapsed_s=6138.3
TARGET_EXTRACT 15700/20000 supported=714800 supervised=184172 elapsed_s=6145.8
TARGET_EXTRACT 15720/20000 supported=715534 supervised=184387 elapsed_s=6152.4
TARGET_EXTRACT 15740/20000 supported=716394 supervised=184648 elapsed_s=6160.9
TARGET_EXTRACT 15760/20000 supported=717336 supervised=184858 elapsed_s=6168.6
TARGET_EXTRACT 15780/20000 supported=718292 supervised=185130 elapsed_s=6178.4
TARGET_EXTRACT 15800/20000 supported=719162 supervised=185368 elapsed_s=6186.9
TARGET_EXTRACT 15820/20000 supported=720137 supervised=185599 elapsed_s=6194.9
TARGET_EXTRACT 15840/20000 supported=720915 supervised=185788 elapsed_s=6202.0
TARGET_EXTRACT 15860/20000 supported=721819 supervised=186021 elapsed_s=6210.2
TARGET_EXTRACT 15880/20000 supported=722727 supervised=186299 elapsed_s=6217.3
TARGET_EXTRACT 15900/20000 supported=723565 supervised=186494 elapsed_s=6224.6
TARGET_EXTRACT 15920/20000 supported=724546 supervised=186733 elapsed_s=6232.6
TARGET_EXTRACT 15940/20000 supported=725463 supervised=187011 elapsed_s=6241.6
TARGET_EXTRACT 15960/20000 supported=726418 supervised=187295 elapsed_s=6250.5
TARGET_EXTRACT 15980/20000 supported=727541 supervised=187545 elapsed_s=6259.7
TARGET_EXTRACT 16000/20000 supported=728426 supervised=187762 elapsed_s=6267.4
TARGET_EXTRACT 16020/20000 supported=729329 supervised=187986 elapsed_s=6275.8
TARGET_EXTRACT 16040/20000 supported=730232 supervised=188220 elapsed_s=6282.9
TARGET_EXTRACT 16060/20000 supported=731097 supervised=188426 elapsed_s=6289.6
TARGET_EXTRACT 16080/20000 supported=731924 supervised=188629 elapsed_s=6296.2
TARGET_EXTRACT 16100/20000 supported=732908 supervised=188820 elapsed_s=6303.7
TARGET_EXTRACT 16120/20000 supported=733815 supervised=189072 elapsed_s=6311.7
TARGET_EXTRACT 16140/20000 supported=734683 supervised=189286 elapsed_s=6318.6
TARGET_EXTRACT 16160/20000 supported=735630 supervised=189520 elapsed_s=6327.5
TARGET_EXTRACT 16180/20000 supported=736376 supervised=189726 elapsed_s=6334.3
TARGET_EXTRACT 16200/20000 supported=737297 supervised=189919 elapsed_s=6342.1
TARGET_EXTRACT 16220/20000 supported=738207 supervised=190182 elapsed_s=6350.9
TARGET_EXTRACT 16240/20000 supported=739070 supervised=190421 elapsed_s=6358.2
TARGET_EXTRACT 16260/20000 supported=740008 supervised=190682 elapsed_s=6366.8
TARGET_EXTRACT 16280/20000 supported=740944 supervised=190927 elapsed_s=6375.6
TARGET_EXTRACT 16300/20000 supported=741747 supervised=191145 elapsed_s=6383.1
TARGET_EXTRACT 16320/20000 supported=742764 supervised=191412 elapsed_s=6392.3
TARGET_EXTRACT 16340/20000 supported=743586 supervised=191577 elapsed_s=6399.5
TARGET_EXTRACT 16360/20000 supported=744356 supervised=191776 elapsed_s=6405.3
TARGET_EXTRACT 16380/20000 supported=745135 supervised=192004 elapsed_s=6412.4
TARGET_EXTRACT 16400/20000 supported=746127 supervised=192262 elapsed_s=6421.1
TARGET_EXTRACT 16420/20000 supported=746941 supervised=192464 elapsed_s=6428.3
TARGET_EXTRACT 16440/20000 supported=747949 supervised=192723 elapsed_s=6436.5
TARGET_EXTRACT 16460/20000 supported=748735 supervised=192923 elapsed_s=6444.2
TARGET_EXTRACT 16480/20000 supported=749614 supervised=193139 elapsed_s=6451.9
TARGET_EXTRACT 16500/20000 supported=750485 supervised=193366 elapsed_s=6459.7
TARGET_EXTRACT 16520/20000 supported=751553 supervised=193691 elapsed_s=6471.5
TARGET_EXTRACT 16540/20000 supported=752273 supervised=193882 elapsed_s=6477.6
TARGET_EXTRACT 16560/20000 supported=753249 supervised=194148 elapsed_s=6486.3
TARGET_EXTRACT 16580/20000 supported=754132 supervised=194408 elapsed_s=6494.3
TARGET_EXTRACT 16600/20000 supported=754974 supervised=194631 elapsed_s=6501.5
TARGET_EXTRACT 16620/20000 supported=755842 supervised=194890 elapsed_s=6509.1
TARGET_EXTRACT 16640/20000 supported=756525 supervised=195033 elapsed_s=6514.5
TARGET_EXTRACT 16660/20000 supported=757529 supervised=195282 elapsed_s=6523.1
TARGET_EXTRACT 16680/20000 supported=758369 supervised=195463 elapsed_s=6530.2
TARGET_EXTRACT 16700/20000 supported=759284 supervised=195755 elapsed_s=6538.1
TARGET_EXTRACT 16720/20000 supported=760216 supervised=195933 elapsed_s=6545.2
TARGET_EXTRACT 16740/20000 supported=761234 supervised=196199 elapsed_s=6554.2
TARGET_EXTRACT 16760/20000 supported=762245 supervised=196453 elapsed_s=6563.2
TARGET_EXTRACT 16780/20000 supported=762935 supervised=196636 elapsed_s=6569.5
TARGET_EXTRACT 16800/20000 supported=763880 supervised=196848 elapsed_s=6577.0
TARGET_EXTRACT 16820/20000 supported=764719 supervised=197093 elapsed_s=6584.4
TARGET_EXTRACT 16840/20000 supported=765715 supervised=197327 elapsed_s=6592.5
TARGET_EXTRACT 16860/20000 supported=766613 supervised=197584 elapsed_s=6601.5
TARGET_EXTRACT 16880/20000 supported=767553 supervised=197859 elapsed_s=6610.6
TARGET_EXTRACT 16900/20000 supported=768443 supervised=198132 elapsed_s=6619.2
TARGET_EXTRACT 16920/20000 supported=769372 supervised=198341 elapsed_s=6626.6
TARGET_EXTRACT 16940/20000 supported=770406 supervised=198564 elapsed_s=6634.4
TARGET_EXTRACT 16960/20000 supported=771370 supervised=198814 elapsed_s=6642.1
TARGET_EXTRACT 16980/20000 supported=772059 supervised=198985 elapsed_s=6648.3
TARGET_EXTRACT 17000/20000 supported=772968 supervised=199182 elapsed_s=6656.8
TARGET_EXTRACT 17020/20000 supported=773805 supervised=199385 elapsed_s=6664.3
TARGET_EXTRACT 17040/20000 supported=774777 supervised=199625 elapsed_s=6672.3
TARGET_EXTRACT 17060/20000 supported=775742 supervised=199901 elapsed_s=6680.5
TARGET_EXTRACT 17080/20000 supported=776641 supervised=200186 elapsed_s=6688.1
TARGET_EXTRACT 17100/20000 supported=777593 supervised=200503 elapsed_s=6696.5
TARGET_EXTRACT 17120/20000 supported=778431 supervised=200780 elapsed_s=6705.0
TARGET_EXTRACT 17140/20000 supported=779352 supervised=201005 elapsed_s=6713.2
TARGET_EXTRACT 17160/20000 supported=780223 supervised=201208 elapsed_s=6720.4
TARGET_EXTRACT 17180/20000 supported=781108 supervised=201472 elapsed_s=6728.3
TARGET_EXTRACT 17200/20000 supported=781996 supervised=201723 elapsed_s=6736.6
TARGET_EXTRACT 17220/20000 supported=783023 supervised=201974 elapsed_s=6744.8
TARGET_EXTRACT 17240/20000 supported=783972 supervised=202218 elapsed_s=6753.8
TARGET_EXTRACT 17260/20000 supported=784798 supervised=202480 elapsed_s=6761.1
TARGET_EXTRACT 17280/20000 supported=785666 supervised=202713 elapsed_s=6768.3
TARGET_EXTRACT 17300/20000 supported=786415 supervised=202917 elapsed_s=6774.0
TARGET_EXTRACT 17320/20000 supported=787377 supervised=203165 elapsed_s=6783.9
TARGET_EXTRACT 17340/20000 supported=788349 supervised=203412 elapsed_s=6791.6
TARGET_EXTRACT 17360/20000 supported=789231 supervised=203640 elapsed_s=6798.9
TARGET_EXTRACT 17380/20000 supported=790047 supervised=203846 elapsed_s=6804.8
TARGET_EXTRACT 17400/20000 supported=790815 supervised=204072 elapsed_s=6812.0
TARGET_EXTRACT 17420/20000 supported=791737 supervised=204367 elapsed_s=6819.8
TARGET_EXTRACT 17440/20000 supported=792502 supervised=204577 elapsed_s=6827.2
TARGET_EXTRACT 17460/20000 supported=793454 supervised=204791 elapsed_s=6834.5
TARGET_EXTRACT 17480/20000 supported=794462 supervised=204988 elapsed_s=6841.9
TARGET_EXTRACT 17500/20000 supported=795420 supervised=205227 elapsed_s=6850.6
TARGET_EXTRACT 17520/20000 supported=796327 supervised=205469 elapsed_s=6858.5
TARGET_EXTRACT 17540/20000 supported=797091 supervised=205659 elapsed_s=6864.6
TARGET_EXTRACT 17560/20000 supported=797897 supervised=205837 elapsed_s=6871.3
TARGET_EXTRACT 17580/20000 supported=798890 supervised=206104 elapsed_s=6879.9
TARGET_EXTRACT 17600/20000 supported=799845 supervised=206347 elapsed_s=6887.7
TARGET_EXTRACT 17620/20000 supported=800751 supervised=206529 elapsed_s=6895.3
TARGET_EXTRACT 17640/20000 supported=801684 supervised=206729 elapsed_s=6904.0
TARGET_EXTRACT 17660/20000 supported=802625 supervised=207017 elapsed_s=6912.4
TARGET_EXTRACT 17680/20000 supported=803427 supervised=207237 elapsed_s=6919.7
TARGET_EXTRACT 17700/20000 supported=804295 supervised=207508 elapsed_s=6928.0
TARGET_EXTRACT 17720/20000 supported=804970 supervised=207709 elapsed_s=6934.1
TARGET_EXTRACT 17740/20000 supported=806087 supervised=207999 elapsed_s=6944.5
TARGET_EXTRACT 17760/20000 supported=806902 supervised=208244 elapsed_s=6951.9
TARGET_EXTRACT 17780/20000 supported=807871 supervised=208468 elapsed_s=6960.5
TARGET_EXTRACT 17800/20000 supported=808752 supervised=208715 elapsed_s=6968.3
TARGET_EXTRACT 17820/20000 supported=809675 supervised=208933 elapsed_s=6976.2
TARGET_EXTRACT 17840/20000 supported=810695 supervised=209248 elapsed_s=6985.6
TARGET_EXTRACT 17860/20000 supported=811650 supervised=209522 elapsed_s=6994.3
TARGET_EXTRACT 17880/20000 supported=812478 supervised=209751 elapsed_s=7001.2
TARGET_EXTRACT 17900/20000 supported=813433 supervised=210019 elapsed_s=7009.7
TARGET_EXTRACT 17920/20000 supported=814208 supervised=210216 elapsed_s=7015.5
TARGET_EXTRACT 17940/20000 supported=814998 supervised=210463 elapsed_s=7023.3
TARGET_EXTRACT 17960/20000 supported=815924 supervised=210714 elapsed_s=7031.0
TARGET_EXTRACT 17980/20000 supported=816932 supervised=211010 elapsed_s=7038.9
TARGET_EXTRACT 18000/20000 supported=817894 supervised=211206 elapsed_s=7045.4
TARGET_EXTRACT 18020/20000 supported=818847 supervised=211439 elapsed_s=7053.2
TARGET_EXTRACT 18040/20000 supported=819810 supervised=211745 elapsed_s=7062.9
TARGET_EXTRACT 18060/20000 supported=820859 supervised=212017 elapsed_s=7071.6
TARGET_EXTRACT 18080/20000 supported=821893 supervised=212304 elapsed_s=7081.2
TARGET_EXTRACT 18100/20000 supported=822772 supervised=212573 elapsed_s=7090.2
TARGET_EXTRACT 18120/20000 supported=823824 supervised=212823 elapsed_s=7100.0
TARGET_EXTRACT 18140/20000 supported=824737 supervised=213054 elapsed_s=7107.5
TARGET_EXTRACT 18160/20000 supported=825667 supervised=213329 elapsed_s=7115.6
TARGET_EXTRACT 18180/20000 supported=826616 supervised=213499 elapsed_s=7122.7
TARGET_EXTRACT 18200/20000 supported=827546 supervised=213722 elapsed_s=7129.5
TARGET_EXTRACT 18220/20000 supported=828271 supervised=213912 elapsed_s=7136.6
TARGET_EXTRACT 18240/20000 supported=829099 supervised=214116 elapsed_s=7142.9
TARGET_EXTRACT 18260/20000 supported=830154 supervised=214390 elapsed_s=7152.4
TARGET_EXTRACT 18280/20000 supported=831041 supervised=214619 elapsed_s=7160.4
TARGET_EXTRACT 18300/20000 supported=831854 supervised=214831 elapsed_s=7168.0
TARGET_EXTRACT 18320/20000 supported=832689 supervised=215073 elapsed_s=7176.0
TARGET_EXTRACT 18340/20000 supported=833478 supervised=215279 elapsed_s=7183.0
TARGET_EXTRACT 18360/20000 supported=834377 supervised=215526 elapsed_s=7191.4
TARGET_EXTRACT 18380/20000 supported=835205 supervised=215747 elapsed_s=7197.8
TARGET_EXTRACT 18400/20000 supported=836104 supervised=215982 elapsed_s=7205.5
TARGET_EXTRACT 18420/20000 supported=837195 supervised=216260 elapsed_s=7215.5
TARGET_EXTRACT 18440/20000 supported=838174 supervised=216616 elapsed_s=7224.5
TARGET_EXTRACT 18460/20000 supported=839107 supervised=216866 elapsed_s=7233.5
TARGET_EXTRACT 18480/20000 supported=840074 supervised=217150 elapsed_s=7242.8
TARGET_EXTRACT 18500/20000 supported=841117 supervised=217397 elapsed_s=7250.9
TARGET_EXTRACT 18520/20000 supported=842090 supervised=217639 elapsed_s=7259.3
TARGET_EXTRACT 18540/20000 supported=843068 supervised=217909 elapsed_s=7268.5
TARGET_EXTRACT 18560/20000 supported=844078 supervised=218153 elapsed_s=7277.7
TARGET_EXTRACT 18580/20000 supported=844875 supervised=218342 elapsed_s=7284.4
TARGET_EXTRACT 18600/20000 supported=845691 supervised=218558 elapsed_s=7291.9
TARGET_EXTRACT 18620/20000 supported=846709 supervised=218854 elapsed_s=7300.0
TARGET_EXTRACT 18640/20000 supported=847723 supervised=219109 elapsed_s=7308.4
TARGET_EXTRACT 18660/20000 supported=848698 supervised=219362 elapsed_s=7316.9
TARGET_EXTRACT 18680/20000 supported=849720 supervised=219653 elapsed_s=7326.0
TARGET_EXTRACT 18700/20000 supported=850647 supervised=219905 elapsed_s=7335.4
TARGET_EXTRACT 18720/20000 supported=851725 supervised=220132 elapsed_s=7344.3
TARGET_EXTRACT 18740/20000 supported=852553 supervised=220351 elapsed_s=7351.7
TARGET_EXTRACT 18760/20000 supported=853524 supervised=220625 elapsed_s=7360.8
TARGET_EXTRACT 18780/20000 supported=854451 supervised=220819 elapsed_s=7368.1
TARGET_EXTRACT 18800/20000 supported=855315 supervised=220985 elapsed_s=7374.3
TARGET_EXTRACT 18820/20000 supported=856391 supervised=221328 elapsed_s=7384.0
TARGET_EXTRACT 18840/20000 supported=857374 supervised=221637 elapsed_s=7393.2
TARGET_EXTRACT 18860/20000 supported=858179 supervised=221892 elapsed_s=7400.7
TARGET_EXTRACT 18880/20000 supported=859217 supervised=222159 elapsed_s=7408.8
TARGET_EXTRACT 18900/20000 supported=860052 supervised=222344 elapsed_s=7415.4
TARGET_EXTRACT 18920/20000 supported=860995 supervised=222598 elapsed_s=7423.8
TARGET_EXTRACT 18940/20000 supported=861963 supervised=222818 elapsed_s=7432.7
TARGET_EXTRACT 18960/20000 supported=862807 supervised=223002 elapsed_s=7439.2
TARGET_EXTRACT 18980/20000 supported=863642 supervised=223207 elapsed_s=7447.3
TARGET_EXTRACT 19000/20000 supported=864485 supervised=223422 elapsed_s=7455.6
TARGET_EXTRACT 19020/20000 supported=865451 supervised=223704 elapsed_s=7463.7
TARGET_EXTRACT 19040/20000 supported=866497 supervised=223994 elapsed_s=7472.3
TARGET_EXTRACT 19060/20000 supported=867507 supervised=224274 elapsed_s=7481.6
TARGET_EXTRACT 19080/20000 supported=868528 supervised=224572 elapsed_s=7491.8
TARGET_EXTRACT 19100/20000 supported=869322 supervised=224808 elapsed_s=7498.7
TARGET_EXTRACT 19120/20000 supported=870338 supervised=225113 elapsed_s=7507.0
TARGET_EXTRACT 19140/20000 supported=871351 supervised=225300 elapsed_s=7514.8
TARGET_EXTRACT 19160/20000 supported=872305 supervised=225532 elapsed_s=7522.6
TARGET_EXTRACT 19180/20000 supported=873220 supervised=225788 elapsed_s=7530.1
TARGET_EXTRACT 19200/20000 supported=874204 supervised=226030 elapsed_s=7537.8
TARGET_EXTRACT 19220/20000 supported=875015 supervised=226235 elapsed_s=7545.1
TARGET_EXTRACT 19240/20000 supported=875893 supervised=226489 elapsed_s=7553.0
TARGET_EXTRACT 19260/20000 supported=876755 supervised=226687 elapsed_s=7560.7
TARGET_EXTRACT 19280/20000 supported=877700 supervised=226904 elapsed_s=7568.4
TARGET_EXTRACT 19300/20000 supported=878521 supervised=227120 elapsed_s=7575.5
TARGET_EXTRACT 19320/20000 supported=879427 supervised=227386 elapsed_s=7584.7
TARGET_EXTRACT 19340/20000 supported=880350 supervised=227623 elapsed_s=7593.1
TARGET_EXTRACT 19360/20000 supported=881224 supervised=227842 elapsed_s=7600.3
TARGET_EXTRACT 19380/20000 supported=882064 supervised=228071 elapsed_s=7607.8
TARGET_EXTRACT 19400/20000 supported=883086 supervised=228337 elapsed_s=7617.4
TARGET_EXTRACT 19420/20000 supported=884046 supervised=228553 elapsed_s=7625.4
TARGET_EXTRACT 19440/20000 supported=884960 supervised=228837 elapsed_s=7633.6
TARGET_EXTRACT 19460/20000 supported=885878 supervised=229119 elapsed_s=7641.7
TARGET_EXTRACT 19480/20000 supported=886731 supervised=229335 elapsed_s=7648.9
TARGET_EXTRACT 19500/20000 supported=887544 supervised=229557 elapsed_s=7656.2
TARGET_EXTRACT 19520/20000 supported=888318 supervised=229792 elapsed_s=7662.7
TARGET_EXTRACT 19540/20000 supported=889161 supervised=229990 elapsed_s=7669.9
TARGET_EXTRACT 19560/20000 supported=890204 supervised=230299 elapsed_s=7679.5
TARGET_EXTRACT 19580/20000 supported=891161 supervised=230531 elapsed_s=7688.6
TARGET_EXTRACT 19600/20000 supported=892055 supervised=230752 elapsed_s=7695.0
TARGET_EXTRACT 19620/20000 supported=892898 supervised=230923 elapsed_s=7701.6
TARGET_EXTRACT 19640/20000 supported=893865 supervised=231127 elapsed_s=7710.0
TARGET_EXTRACT 19660/20000 supported=894709 supervised=231336 elapsed_s=7718.7
TARGET_EXTRACT 19680/20000 supported=895603 supervised=231586 elapsed_s=7727.2
TARGET_EXTRACT 19700/20000 supported=896446 supervised=231786 elapsed_s=7734.0
TARGET_EXTRACT 19720/20000 supported=897319 supervised=232030 elapsed_s=7741.8
TARGET_EXTRACT 19740/20000 supported=898165 supervised=232238 elapsed_s=7749.8
TARGET_EXTRACT 19760/20000 supported=899096 supervised=232513 elapsed_s=7757.5
TARGET_EXTRACT 19780/20000 supported=899969 supervised=232771 elapsed_s=7765.4
TARGET_EXTRACT 19800/20000 supported=900996 supervised=233051 elapsed_s=7775.2
TARGET_EXTRACT 19820/20000 supported=901667 supervised=233194 elapsed_s=7781.3
TARGET_EXTRACT 19840/20000 supported=902507 supervised=233420 elapsed_s=7789.3
TARGET_EXTRACT 19860/20000 supported=903432 supervised=233656 elapsed_s=7797.4
TARGET_EXTRACT 19880/20000 supported=904403 supervised=233852 elapsed_s=7805.5
TARGET_EXTRACT 19900/20000 supported=905333 supervised=234088 elapsed_s=7814.5
TARGET_EXTRACT 19920/20000 supported=906241 supervised=234388 elapsed_s=7822.5
TARGET_EXTRACT 19940/20000 supported=907143 supervised=234653 elapsed_s=7831.0
TARGET_EXTRACT 19960/20000 supported=908199 supervised=234959 elapsed_s=7839.5
TARGET_EXTRACT 19980/20000 supported=909152 supervised=235193 elapsed_s=7847.4
TARGET_EXTRACT 20000/20000 supported=909964 supervised=235427 elapsed_s=7854.1
