MULTIVIEW_VERIFY_PIXELS 250 5000
MULTIVIEW_VERIFY_PIXELS 500 5000
MULTIVIEW_VERIFY_PIXELS 750 5000
MULTIVIEW_VERIFY_PIXELS 1000 5000
MULTIVIEW_VERIFY_PIXELS 1250 5000
MULTIVIEW_VERIFY_PIXELS 1500 5000
MULTIVIEW_VERIFY_PIXELS 1750 5000
MULTIVIEW_VERIFY_PIXELS 2000 5000
MULTIVIEW_VERIFY_PIXELS 2250 5000
MULTIVIEW_VERIFY_PIXELS 2500 5000
MULTIVIEW_VERIFY_PIXELS 2750 5000
MULTIVIEW_VERIFY_PIXELS 3000 5000
MULTIVIEW_VERIFY_PIXELS 3250 5000
MULTIVIEW_VERIFY_PIXELS 3500 5000
MULTIVIEW_VERIFY_PIXELS 3750 5000
MULTIVIEW_VERIFY_PIXELS 4000 5000
MULTIVIEW_VERIFY_PIXELS 4250 5000
MULTIVIEW_VERIFY_PIXELS 4500 5000
MULTIVIEW_VERIFY_PIXELS 4750 5000
MULTIVIEW_VERIFY_PIXELS 5000 5000
{"status": "passed", "images": 5000, "arms": 7, "native_rows_per_arm": 555445, "fixed_pairs_per_arm": 86600}
