{"mode": "authorized_local_damage_diagnostic_only", "execution_environment": "local_windows_cuda", "planned_fixed_dev_images": 64, "training": false, "tensor_cache_written": false}
loading annotations into memory...
Done (t=8.82s)
creating index...
index created!
[KAnnotations C:\Dpan\codexproject\paper-disc-organized\experiments\mask_quality_energy_refinement_20261005\runs\RUN_damage_gradient_local_20261006\streaming_datasets\dev_039827f4b46f3012\conversion_input\instances_train2017.json: 100% ━━━━━━━━━━━━ 64/64 1.5Kit/s 0.0s
[KAnnotations C:\Dpan\codexproject\paper-disc-organized\experiments\mask_quality_energy_refinement_20261005\runs\RUN_damage_gradient_local_20261006\streaming_datasets\dev_039827f4b46f3012\conversion_input\instances_val2017.json: ━━━━━━━━━━━━ 0  0.0s
COCO data converted successfully.
Results saved to C:\Dpan\codexproject\paper-disc-organized\experiments\mask_quality_energy_refinement_20261005\runs\RUN_damage_gradient_local_20261006\streaming_datasets\dev_039827f4b46f3012\official_data_e720fac1dd00
Fast image access  (ping: 0.10.0 ms, read: 1458.2242.2 MB/s, size: 139.3 KB)
[KScanning C:\Dpan\codexproject\paper-disc-organized\experiments\mask_quality_energy_refinement_20261005\runs\RUN_damage_gradient_local_20261006\streaming_datasets\dev_039827f4b46f3012\official_data_e720fac1dd00\labels\train2017... 64 images, 0 backgrounds, 0 corrupt: 100% ━━━━━━━━━━━━ 64/64 2.5Kit/s 0.0s
New cache created: C:\Dpan\codexproject\paper-disc-organized\experiments\mask_quality_energy_refinement_20261005\runs\RUN_damage_gradient_local_20261006\streaming_datasets\dev_039827f4b46f3012\official_data_e720fac1dd00\labels\train2017.cache
{"images": 1, "requested_images": 64, "candidates": 17, "elapsed_s": 20.45299999997951}
{"images": 9, "requested_images": 64, "candidates": 98, "elapsed_s": 21.92200000002049}
{"images": 17, "requested_images": 64, "candidates": 140, "elapsed_s": 22.85999999998603}
{"images": 25, "requested_images": 64, "candidates": 201, "elapsed_s": 24.06300000002375}
{"images": 33, "requested_images": 64, "candidates": 264, "elapsed_s": 25.29700000002049}
{"images": 41, "requested_images": 64, "candidates": 332, "elapsed_s": 26.625}
{"images": 49, "requested_images": 64, "candidates": 397, "elapsed_s": 27.90700000000652}
{"images": 57, "requested_images": 64, "candidates": 492, "elapsed_s": 29.70299999997951}
{"images": 64, "requested_images": 64, "candidates": 537, "elapsed_s": 30.64100000000326}
{"completed": true, "candidates": 537, "reference": {"candidate_count": 537, "max_abs_iou_error": {"A": 1.6559581373781773e-05, "D1": 0.00020133693970969535, "D": 9.243852837870215e-05}, "max_abs_q_error": {"A": 1.5497207641601562e-06, "D1": 6.884336471557617e-06, "D": 3.039836883544922e-05}, "mask75_differences": {"A": 0, "D1": 0, "D": 0}}}
