{
  "audit_version": "triflow_20k_epoch_readout_verify_r3_v1",
  "generated_at_utc": "2026-10-08T07:23:38.542543+00:00",
  "verifier_source": "D:\\coco_wire\\experiments\\triflow_20k_training_20261007\\runs\\RUN_TRIFLOW_20K_EPOCH06_READOUT_VERIFY_S0\\source\\verify_epoch_readout_r3.py",
  "verifier_source_sha256": "e4c6926e8225b41f17c6efdcb72c7c09ba2ceaaa0e5740906335b1ae4a59f734",
  "interpreter": "C:\\Users\\28358\\anaconda3\\envs\\pytorch\\python.exe",
  "python_version": "3.12.3 | packaged by conda-forge | (main, Apr 15 2024, 18:20:11) [MSC v.1938 64 bit (AMD64)]",
  "run": "D:\\coco_wire\\experiments\\triflow_20k_training_20261007\\runs\\RUN_TRIFLOW_20K_EPOCH06_EVAL_S0",
  "status": "passed",
  "passed": true,
  "checks": 1099032,
  "missing": [],
  "missing_count": 0,
  "errors": [],
  "error_count": 0,
  "failure_examples_limited_to": 50,
  "evidence": {
    "SUMMARY.json": {
      "sha256": "079e64bd780bfcd98720b9cbe316e7d3ec0c5f36ae05104606673981e5f5ed9b",
      "bytes": 481028
    },
    "EVALUATION_COMPLETE.json": {
      "sha256": "7028a4888ed526ba676f5520664ab9f67e8bf5c0d2abc403c7c5a6b7ff4e5083",
      "bytes": 192
    },
    "EVALUATION_INPUTS.json": {
      "sha256": "882de16cdddfe8df12d9f6b42911f15b57b1b1d0c8596bf897c2f92a4a3b3ab4",
      "bytes": 90529
    },
    "source/diagnostics_contract_r3.py": {
      "sha256": "cd0f43d742286365afb5fca193986422b65579f3b8ec814df4efbe3f19597e98",
      "bytes": 7439
    },
    "source/evaluate_epoch_r3.py": {
      "sha256": "b3d7a17b87ad8221fc04ea17c4e3fdb1981d1b7837477534cc47ab52502460a4",
      "bytes": 55872
    },
    "source/diagnostics_runtime.py": {
      "sha256": "c24bc853ff17c7f4a0be3bc847a8b6733283b2aa06bc16388ab1b84fca3380b3",
      "bytes": 12677
    },
    "source/frozen_io.py": {
      "sha256": "cff75eec547d9ec12eda5409bd273231ab99c16cdc6119d75f6d413098363293",
      "bytes": 11487
    },
    "source/triflow_model.py": {
      "sha256": "1b96e0767ab1985875cdfec33cdd6e98a666ecd3ee5caefc7dbca9e80c35691e",
      "bytes": 44463
    },
    "source/readout_support.py": {
      "sha256": "475b3c1e9ad538579aed1b6fc536dab2ce053a3a526d80ba352e82e297243488",
      "bytes": 14843
    },
    "HEAD_PROVENANCE.json": {
      "sha256": "ea2360869908f43d7966826ae5f1bb96cd6eb232a6ff4c2953b54ef1019642ba",
      "bytes": 11198
    },
    "EPOCH_PROVENANCE.json": {
      "sha256": "ea2360869908f43d7966826ae5f1bb96cd6eb232a6ff4c2953b54ef1019642ba",
      "bytes": 11198
    },
    "head_epoch_06.pt": {
      "sha256": "4ecfab9ad7bb298fb149f5aa19e19ddd47fc05e4de1b344ad69f354a9651aadc",
      "bytes": 6552540
    },
    "epoch_provenance/triflow_model.py": {
      "sha256": "1b96e0767ab1985875cdfec33cdd6e98a666ecd3ee5caefc7dbca9e80c35691e",
      "bytes": 44463
    },
    "epoch_provenance/stream_data.py": {
      "sha256": "6460a9277b47a8ca790e03213afbaa5d628592b9319608e0be70dd4799091fb6",
      "bytes": 27676
    },
    "epoch_provenance/train_20k.py": {
      "sha256": "944dcb27d75f1d1d9ce8cc950c206c607b73ba6023a7a5f19517134bbd2a86bb",
      "bytes": 44390
    },
    "epoch_provenance/frozen_io.py": {
      "sha256": "cff75eec547d9ec12eda5409bd273231ab99c16cdc6119d75f6d413098363293",
      "bytes": 11487
    },
    "epoch_provenance/STREAM_INPUTS.json": {
      "sha256": "e2d51ed8932689ac7153106dda6f97fa3cd5d69c205a892ba44bb1a0cbdfdfe8",
      "bytes": 1774669
    },
    "epoch_provenance/TRAINING_INPUTS.json": {
      "sha256": "f5464c0a17dcc2bcf82c4242ef16e930d1f860e15624ea24e96ed54acb1d12ff",
      "bytes": 7262
    },
    "epoch_provenance/EPOCHS_AT_BOUNDARY.json": {
      "sha256": "e61fee1c98bce220f5053afb080d71298950d975a32d22ce7310bac807225fe8",
      "bytes": 8180
    },
    "epoch_provenance/TASK_GRADIENT_EVIDENCE_AT_BOUNDARY.json": {
      "sha256": "b5d4308b726579c32a4147a4fbdaa7356ef6873b199b7167e78820fe2697655b",
      "bytes": 44446
    },
    "epoch_provenance/SNAPSHOT_STATE_EVIDENCE.json": {
      "sha256": "e39784231ff9e41490288c7055279ee9c880ad645ac65a9222677c801bab4fcd",
      "bytes": 5754
    },
    "BOUNDARY_CAPTURE.json": {
      "sha256": "b6dd7a7f9c3a572c5b1213fa6ac5e69930dd5a5650f50d520e8acf0df0a290f0",
      "bytes": 4944
    },
    "diagnostics_provenance/diagnostics_runtime.py": {
      "sha256": "c24bc853ff17c7f4a0be3bc847a8b6733283b2aa06bc16388ab1b84fca3380b3",
      "bytes": 12677
    },
    "diagnostics_provenance/DIAGNOSTICS_PARITY.json": {
      "sha256": "8a0bedd31edae9223feb7550de035a2ff3cab15b39857585a111047ec1fad8d2",
      "bytes": 2096281
    },
    "diagnostics_provenance/DIAGNOSTICS_EXECUTION_ADDENDUM.md": {
      "sha256": "f3e909ebbcb78ffef810f9d4a71f17f92485f75cc7d7e2a60a8b6f50b9588cf8",
      "bytes": 739
    },
    "diagnostics_provenance/diagnostics_contract_r3.py": {
      "sha256": "cd0f43d742286365afb5fca193986422b65579f3b8ec814df4efbe3f19597e98",
      "bytes": 7439
    },
    "diagnostics_provenance/verify_diagnostics_runtime.py": {
      "sha256": "a01f7f3c4579ae43cc054cef5d9f508821b6517d13d6b60c2f3d79baa9d25a77",
      "bytes": 27957
    },
    "epoch_provenance/train_epoch_observer_r3.py": {
      "sha256": "6b6582094b69ab12713f64af3ac3b216d523755cf7465dbbcfd3e138cabe7559",
      "bytes": 27537
    },
    "PARENT_STATE_PARITY.json": {
      "sha256": "a9d9eaae5bd36c97aa6b00c4ec64a836ef222630ab45ffc198f15552a226e8af",
      "bytes": 2113
    },
    "BASELINE_REPLAY_VERIFICATION.json": {
      "sha256": "ba551d7bd61e594350335721618e9f5088531dd1a32e46b66d342a5bf0059cdf",
      "bytes": 1567
    },
    "ORIGINAL_BASELINE_RECEIPT.json": {
      "sha256": "11af0ce79cd86057d7cdefb82a8ae446f822ea8f46dfc8d30885a43f221c964f",
      "bytes": 83195
    },
    "BASELINE_REPLAY_IMAGES.jsonl": {
      "sha256": "9d21053cce4d69ba28d90517c728d492fe7fc221efefd526605b11ce4f46c779",
      "bytes": 1900580
    },
    "COMPILER_IMAGES.jsonl": {
      "sha256": "8a4517049f7e216dd87e05c73ccfa5a8f314c9202115fcdb08f1be6ec0ad35a4",
      "bytes": 122361784
    },
    "baseline/COMPLETE.json": {
      "sha256": "9927c9ab1c22136a0f6f3840bf1be5ef72a5a706180aeec7ff44bbfa696ab2b9",
      "bytes": 82058
    },
    "baseline/COCO_METRICS.json": {
      "sha256": "bfe58ca5fe9ee23404996ecccb6720638ee7fe62f27c0ecc2bd03e2df8fd813c",
      "bytes": 65119
    },
    "triflow/COMPLETE.json": {
      "sha256": "6f1fe737dbff92cf88c62720becd46957d2de48eb4c531ef4d3a33bfaf6fce34",
      "bytes": 92412
    },
    "triflow/COCO_METRICS.json": {
      "sha256": "98236af09fcf6f970c0dd031d013140d78309b4b559d6eb71f9922ed42e5b7aa",
      "bytes": 65119
    },
    "baseline/COCO_segm_ACCUMULATED.npz": {
      "sha256": "c79877089d614edb01b89b0e42f61490f5f6551ed45a4c11feac1ee806c2af97",
      "bytes": 2345237
    },
    "baseline/COCO_bbox_ACCUMULATED.npz": {
      "sha256": "ef4030e66027c259365bb242f3ba41d90ed434476ade0c4925c3e6a5b66aceda",
      "bytes": 2762927
    },
    "triflow/COCO_segm_ACCUMULATED.npz": {
      "sha256": "c4764f8196cafba97926239c50b456d094ed2d475988387fd8238d9be77aadbc",
      "bytes": 2348235
    },
    "triflow/COCO_bbox_ACCUMULATED.npz": {
      "sha256": "ef4030e66027c259365bb242f3ba41d90ed434476ade0c4925c3e6a5b66aceda",
      "bytes": 2762927
    }
  },
  "results": {
    "numpy_version": "2.4.3",
    "diagnostics_execution": {
      "runtime_sha256": "c24bc853ff17c7f4a0be3bc847a8b6733283b2aa06bc16388ab1b84fca3380b3",
      "parity_receipt_sha256": "8a0bedd31edae9223feb7550de035a2ff3cab15b39857585a111047ec1fad8d2",
      "addendum_sha256": "f3e909ebbcb78ffef810f9d4a71f17f92485f75cc7d7e2a60a8b6f50b9588cf8",
      "parity_engineering_only": true,
      "scientific_scale_claimed": false,
      "evaluation_scope": "minimal",
      "unmeasured_fields_are_not_zero_filled": true
    },
    "epoch_snapshot_contract": {
      "evaluation_epoch": 6,
      "completed_training_epochs": 6,
      "scheduled_training_epochs": 8,
      "declared_training_images": 20000,
      "snapshot_sha256": "4ecfab9ad7bb298fb149f5aa19e19ddd47fc05e4de1b344ad69f354a9651aadc",
      "loaded_state_sha256": "ace45334f11b5b4959727ad72d46de520a5bf3b9cb53ad4bda5d6e66dab0caaa",
      "intermediate_snapshot": true,
      "final_training_audit_claimed": false,
      "scientific_scope": "completed-epoch progress readout; scheduled final training audit is not supplied here"
    },
    "baseline_replay": {
      "images": 5000,
      "detections": 555445,
      "compiler_images": 5000,
      "selected_instances": 229596
    },
    "coco_recomputed": {
      "baseline": {
        "segm": {
          "AP": 0.43685372378950266,
          "AP50": 0.6635370986867941,
          "AP75": 0.47294843690396404,
          "APsmall": 0.22401824607801366,
          "APmedium": 0.4767020916129806,
          "APlarge": 0.6357173377148858,
          "AR1": 0.33956846003896707,
          "AR10": 0.5542167692984568,
          "AR100": 0.5981037560603596,
          "ARsmall": 0.4143372897073416,
          "ARmedium": 0.6554198750665258,
          "ARlarge": 0.767272689774783
        },
        "bbox": {
          "AP": 0.5211607359463847,
          "AP50": 0.6914108737172941,
          "AP75": 0.5693485140168433,
          "APsmall": 0.33954771613260115,
          "APmedium": 0.5701177835343466,
          "APlarge": 0.6802001028953965,
          "AR1": 0.38775406677457963,
          "AR10": 0.6556458266922062,
          "AR100": 0.7185168070722645,
          "ARsmall": 0.5566938018875759,
          "ARmedium": 0.7695655478257748,
          "ARlarge": 0.8650198426797118
        }
      },
      "triflow": {
        "segm": {
          "AP": 0.43843873676043116,
          "AP50": 0.6636453714123798,
          "AP75": 0.4759234599036454,
          "APsmall": 0.22451788464134925,
          "APmedium": 0.4788432857253881,
          "APlarge": 0.6389742591343723,
          "AR1": 0.34065720409077566,
          "AR10": 0.5553600448524018,
          "AR100": 0.5992615066660365,
          "ARsmall": 0.4145949718051048,
          "ARmedium": 0.6563581175449965,
          "ARlarge": 0.7694697735437669
        },
        "bbox": {
          "AP": 0.5211607359463847,
          "AP50": 0.6914108737172941,
          "AP75": 0.5693485140168433,
          "APsmall": 0.33954771613260115,
          "APmedium": 0.5701177835343466,
          "APlarge": 0.6802001028953965,
          "AR1": 0.38775406677457963,
          "AR10": 0.6556458266922062,
          "AR100": 0.7185168070722645,
          "ARsmall": 0.5566938018875759,
          "ARmedium": 0.7695655478257748,
          "ARlarge": 0.8650198426797118
        }
      }
    },
    "paired_recomputed": null,
    "paired_scope": "not measured in this AP-only epoch evaluation"
  },
  "absolute_tolerance": 1e-12,
  "limitations": [
    "Aggregate readout verification only; COCO matches, mask decoding and GT are not recomputed",
    "Paired point estimates and sample/seed metadata are checked only when measured in this Run; matching and bootstrap confidence intervals are not recomputed",
    "Stored frozen-state digests and parity records are cross-checked; model tensors are not loaded",
    "Stored original training identity/actual coverage/source evidence is cross-checked; original training images and JSON are not reloaded",
    "One training seed does not quantify seed uncertainty; paired IoU intervals are not AP intervals"
  ]
}
