Ultralytics 8.4.100  Python-3.12.3 torch-2.5.1 CUDA:0 (NVIDIA GeForce RTX 4060 Laptop GPU, 8188MiB)
[34m[1mengine\trainer: [0magnostic_nms=False, amp=True, angle=1.0, augment=False, auto_augment=randaugment, batch=2, bgr=0.0, box=9.83241, cache=False, cfg=None, classes=None, close_mosaic=10, cls=0.64896, cls_pw=0.0, cls_remap=True, compile=False, conf=None, copy_paste=0.30413, copy_paste_mode=flip, cos_lr=False, cutmix=0.00082, data=D:\coco_wire\experiments\acd_native_coefficient_20261006\data\smoke.yaml, degrees=0.00012, deterministic=True, device=0, dfl=0.95824, dis=6.0, distill_model=None, dnn=False, dropout=0.0, dynamic=False, embed=None, end2end=None, epochs=1, erasing=0.4, exist_ok=True, fliplr=0.30393, flipud=0.00653, format=torchscript, fraction=1.0, freeze=None, hsv_h=0.01315, hsv_s=0.35348, hsv_v=0.19383, imgsz=640, iou=0.7, keras=False, kobj=1.0, line_width=None, lr0=0.00038, lrf=0.88219, mask_ratio=1, max_det=300, mixup=0.42713, mode=train, model=D:\coco_wire\models\yolo26m-seg.pt, momentum=0.94751, mosaic=0.99182, multi_scale=False, name=trainer, nbs=64, nms=False, opset=None, optimize=False, optimizer=MuSGD, overlap_mask=True, patience=0, perspective=0.00074, plots=False, pose=12.0, pretrained=True, profile=False, project=D:\coco_wire\experiments\acd_native_coefficient_20261006\runs\RUN_BASELINE_SMOKE_S0, quantize=None, rect=False, resume=False, retina_masks=False, rle=1.0, save=True, save_conf=False, save_crop=False, save_dir=D:\coco_wire\experiments\acd_native_coefficient_20261006\runs\RUN_BASELINE_SMOKE_S0\trainer, save_frames=False, save_json=False, save_period=1, save_txt=False, scale=0.95, seed=0, shear=0.00136, show=False, show_boxes=True, show_conf=True, show_labels=True, simplify=True, single_cls=False, source=None, split=val, stream_buffer=False, task=segment, time=None, tracker=tracktrack.yaml, translate=0.27484, val=True, verbose=True, vid_stride=1, visualize=False, warmup_bias_lr=0.05684, warmup_epochs=0.98745, warmup_momentum=0.54064, weight_decay=0.00027, workers=0, workspace=None

                   from  n    params  module                                       arguments                     
  0                  -1  1      1856  ultralytics.nn.modules.conv.Conv             [3, 64, 3, 2]                 
  1                  -1  1     73984  ultralytics.nn.modules.conv.Conv             [64, 128, 3, 2]               
  2                  -1  1    111872  ultralytics.nn.modules.block.C3k2            [128, 256, 1, True, 0.25]     
  3                  -1  1    590336  ultralytics.nn.modules.conv.Conv             [256, 256, 3, 2]              
  4                  -1  1    444928  ultralytics.nn.modules.block.C3k2            [256, 512, 1, True, 0.25]     
  5                  -1  1   2360320  ultralytics.nn.modules.conv.Conv             [512, 512, 3, 2]              
  6                  -1  1   1380352  ultralytics.nn.modules.block.C3k2            [512, 512, 1, True]           
  7                  -1  1   2360320  ultralytics.nn.modules.conv.Conv             [512, 512, 3, 2]              
  8                  -1  1   1380352  ultralytics.nn.modules.block.C3k2            [512, 512, 1, True]           
  9                  -1  1    656896  ultralytics.nn.modules.block.SPPF            [512, 512, 5, 3, True]        
 10                  -1  1    990976  ultralytics.nn.modules.block.C2PSA           [512, 512, 1]                 
 11                  -1  1         0  torch.nn.modules.upsampling.Upsample         [None, 2, 'nearest']          
 12             [-1, 6]  1         0  ultralytics.nn.modules.conv.Concat           [1]                           
 13                  -1  1   1642496  ultralytics.nn.modules.block.C3k2            [1024, 512, 1, True]          
 14                  -1  1         0  torch.nn.modules.upsampling.Upsample         [None, 2, 'nearest']          
 15             [-1, 4]  1         0  ultralytics.nn.modules.conv.Concat           [1]                           
 16                  -1  1    542720  ultralytics.nn.modules.block.C3k2            [1024, 256, 1, True]          
 17                  -1  1    590336  ultralytics.nn.modules.conv.Conv             [256, 256, 3, 2]              
 18            [-1, 13]  1         0  ultralytics.nn.modules.conv.Concat           [1]                           
 19                  -1  1   1511424  ultralytics.nn.modules.block.C3k2            [768, 512, 1, True]           
 20                  -1  1   2360320  ultralytics.nn.modules.conv.Conv             [512, 512, 3, 2]              
 21            [-1, 10]  1         0  ultralytics.nn.modules.conv.Concat           [1]                           
 22                  -1  1   1974784  ultralytics.nn.modules.block.C3k2            [1024, 512, 1, True, 0.5, True]
 23        [16, 19, 22]  1   8137800  ultralytics.nn.modules.head.Segment26        [80, 32, 256, 1, True, [256, 512, 512]]
