{
  "audit_version": "triflow_20k_epoch_readout_verify_v1",
  "generated_at_utc": "2026-10-07T16:10:23.125566+00:00",
  "verifier_source": "D:\\coco_wire\\experiments\\triflow_20k_training_20261007\\runs\\RUN_TRIFLOW_20K_EPOCH02_READOUT_VERIFY_S0\\source\\verify_epoch_readout.py",
  "verifier_source_sha256": "c8fb387fead6faf671c3cbdcc2e35345cbd0a491b0511489bce88d7ac90297ca",
  "interpreter": "C:\\Users\\28358\\anaconda3\\envs\\pytorch\\python.exe",
  "python_version": "3.12.3 | packaged by conda-forge | (main, Apr 15 2024, 18:20:11) [MSC v.1938 64 bit (AMD64)]",
  "run": "D:\\coco_wire\\experiments\\triflow_20k_training_20261007\\runs\\RUN_TRIFLOW_20K_EPOCH02_EVAL_S0",
  "status": "passed",
  "passed": true,
  "checks": 284335,
  "missing": [],
  "missing_count": 0,
  "errors": [],
  "error_count": 0,
  "failure_examples_limited_to": 50,
  "evidence": {
    "SUMMARY.json": {
      "sha256": "cc758678c9e2047fed09c5adec66dcad65e82273532bdc3487958a14e3ede60d",
      "bytes": 472281
    },
    "EVALUATION_COMPLETE.json": {
      "sha256": "0bf8468345df8de88c7d177892182c4f574db2def3ec1620f8d8de8fefe54237",
      "bytes": 192
    },
    "EVALUATION_INPUTS.json": {
      "sha256": "3cf526cabf11199fd0d0621fd9bd3bb3809d1c98397bfb973115375938fd82b9",
      "bytes": 87208
    },
    "source/readout_support.py": {
      "sha256": "475b3c1e9ad538579aed1b6fc536dab2ce053a3a526d80ba352e82e297243488",
      "bytes": 14843
    },
    "source/triflow_model.py": {
      "sha256": "1b96e0767ab1985875cdfec33cdd6e98a666ecd3ee5caefc7dbca9e80c35691e",
      "bytes": 44463
    },
    "source/evaluate_epoch.py": {
      "sha256": "fae9d91b8b3e436b799b5d9b5db29d7ba32c46d6fa6379c8b3657826126350d3",
      "bytes": 51534
    },
    "source/frozen_io.py": {
      "sha256": "cff75eec547d9ec12eda5409bd273231ab99c16cdc6119d75f6d413098363293",
      "bytes": 11487
    },
    "HEAD_PROVENANCE.json": {
      "sha256": "18633b241b25b1c65b44bf2e2ca658fa2ae50aae7793cf0b5f87cee63d26d7fc",
      "bytes": 9650
    },
    "EPOCH_PROVENANCE.json": {
      "sha256": "18633b241b25b1c65b44bf2e2ca658fa2ae50aae7793cf0b5f87cee63d26d7fc",
      "bytes": 9650
    },
    "head_epoch_02.pt": {
      "sha256": "71822137d9a28efc3442203e77cabe9d7741af622708a03d8d4df5ff653bc69e",
      "bytes": 6539292
    },
    "epoch_provenance/train_20k.py": {
      "sha256": "944dcb27d75f1d1d9ce8cc950c206c607b73ba6023a7a5f19517134bbd2a86bb",
      "bytes": 44390
    },
    "epoch_provenance/triflow_model.py": {
      "sha256": "1b96e0767ab1985875cdfec33cdd6e98a666ecd3ee5caefc7dbca9e80c35691e",
      "bytes": 44463
    },
    "epoch_provenance/stream_data.py": {
      "sha256": "6460a9277b47a8ca790e03213afbaa5d628592b9319608e0be70dd4799091fb6",
      "bytes": 27676
    },
    "epoch_provenance/frozen_io.py": {
      "sha256": "cff75eec547d9ec12eda5409bd273231ab99c16cdc6119d75f6d413098363293",
      "bytes": 11487
    },
    "epoch_provenance/STREAM_INPUTS.json": {
      "sha256": "3e81249870e4d594b93ff33b59467ab536625dbd9c43e262ad044a4940757c66",
      "bytes": 1774669
    },
    "epoch_provenance/TRAINING_INPUTS.json": {
      "sha256": "aa14bfeb2e149f4a079ae274dc228b09ab569deed69f69d6f299c7a711c5965e",
      "bytes": 7261
    },
    "epoch_provenance/EPOCHS_AT_BOUNDARY.json": {
      "sha256": "a2899ca0354e548c71ba3ada8bb9894daf71016fcdb9af98eb217c3f08871d85",
      "bytes": 2810
    },
    "epoch_provenance/TASK_GRADIENT_EVIDENCE_AT_BOUNDARY.json": {
      "sha256": "0bf4e1a92919b4fab92206488b4d4a781d6d7be6d36ee85e7b4c3a407ce0e56b",
      "bytes": 14063
    },
    "epoch_provenance/SNAPSHOT_STATE_EVIDENCE.json": {
      "sha256": "0525658afe5176ace0c28a5b24355ad6a348d07d77e183207e9eef013f4b6620",
      "bytes": 4315
    },
    "BOUNDARY_CAPTURE.json": {
      "sha256": "5b4004dfecc89c6744ae70a75addc165299d2810f3ae7cebadc7f2448b7a4d95",
      "bytes": 3378
    },
    "epoch_provenance/train_epoch_observer.py": {
      "sha256": "e64cbced9565e23aeb9fd66859b4e8875346051aa70bb188102957c2414784b6",
      "bytes": 23908
    },
    "PARENT_STATE_PARITY.json": {
      "sha256": "cbf52067bc88b18dee0d69302a9eb941828d2e824781899bb616fd1d13371bec",
      "bytes": 2113
    },
    "BASELINE_REPLAY_VERIFICATION.json": {
      "sha256": "ba551d7bd61e594350335721618e9f5088531dd1a32e46b66d342a5bf0059cdf",
      "bytes": 1567
    },
    "ORIGINAL_BASELINE_RECEIPT.json": {
      "sha256": "11af0ce79cd86057d7cdefb82a8ae446f822ea8f46dfc8d30885a43f221c964f",
      "bytes": 83195
    },
    "BASELINE_REPLAY_IMAGES.jsonl": {
      "sha256": "9d21053cce4d69ba28d90517c728d492fe7fc221efefd526605b11ce4f46c779",
      "bytes": 1900580
    },
    "COMPILER_IMAGES.jsonl": {
      "sha256": "383550573bd8eb44883bb7d5edd487674e6b786b4b91f7370e0d365e397f2e16",
      "bytes": 248779755
    },
    "baseline/COMPLETE.json": {
      "sha256": "08b4837132e92ebaf3ee6893e90992c4f2c16ed302e48f99c917ddcdce38f079",
      "bytes": 80339
    },
    "baseline/COCO_METRICS.json": {
      "sha256": "bfe58ca5fe9ee23404996ecccb6720638ee7fe62f27c0ecc2bd03e2df8fd813c",
      "bytes": 65119
    },
    "triflow/COMPLETE.json": {
      "sha256": "6806193330dd8e6e74125989f01cf5dc289b21d0b4876fbf52c5f01062b0b293",
      "bytes": 89037
    },
    "triflow/COCO_METRICS.json": {
      "sha256": "a26e85cfb5157ca437eded57ab7d31500a9a4baf79ab8d1f767ee9151f0fe031",
      "bytes": 65119
    },
    "baseline/COCO_segm_ACCUMULATED.npz": {
      "sha256": "c79877089d614edb01b89b0e42f61490f5f6551ed45a4c11feac1ee806c2af97",
      "bytes": 2345237
    },
    "baseline/COCO_bbox_ACCUMULATED.npz": {
      "sha256": "ef4030e66027c259365bb242f3ba41d90ed434476ade0c4925c3e6a5b66aceda",
      "bytes": 2762927
    },
    "triflow/COCO_segm_ACCUMULATED.npz": {
      "sha256": "a19469bdac4abb058929189faedc34d3bbbb78d864c99ea0c9ce1c53fd670480",
      "bytes": 2349075
    },
    "triflow/COCO_bbox_ACCUMULATED.npz": {
      "sha256": "ef4030e66027c259365bb242f3ba41d90ed434476ade0c4925c3e6a5b66aceda",
      "bytes": 2762927
    }
  },
  "results": {
    "numpy_version": "2.4.3",
    "epoch_snapshot_contract": {
      "evaluation_epoch": 2,
      "completed_training_epochs": 2,
      "scheduled_training_epochs": 8,
      "declared_training_images": 20000,
      "snapshot_sha256": "71822137d9a28efc3442203e77cabe9d7741af622708a03d8d4df5ff653bc69e",
      "loaded_state_sha256": "8692bfc9686e61ab9f5efebbe33eb549bbaeb8f7802c087ab7c2a8d38a75133b",
      "intermediate_snapshot": true,
      "final_training_audit_claimed": false,
      "scientific_scope": "completed-epoch progress readout; scheduled final training audit is not supplied here"
    },
    "baseline_replay": {
      "images": 5000,
      "detections": 555445,
      "compiler_images": 5000,
      "selected_instances": 229596
    },
    "coco_recomputed": {
      "baseline": {
        "segm": {
          "AP": 0.43685372378950266,
          "AP50": 0.6635370986867941,
          "AP75": 0.47294843690396404,
          "APsmall": 0.22401824607801366,
          "APmedium": 0.4767020916129806,
          "APlarge": 0.6357173377148858,
          "AR1": 0.33956846003896707,
          "AR10": 0.5542167692984568,
          "AR100": 0.5981037560603596,
          "ARsmall": 0.4143372897073416,
          "ARmedium": 0.6554198750665258,
          "ARlarge": 0.767272689774783
        },
        "bbox": {
          "AP": 0.5211607359463847,
          "AP50": 0.6914108737172941,
          "AP75": 0.5693485140168433,
          "APsmall": 0.33954771613260115,
          "APmedium": 0.5701177835343466,
          "APlarge": 0.6802001028953965,
          "AR1": 0.38775406677457963,
          "AR10": 0.6556458266922062,
          "AR100": 0.7185168070722645,
          "ARsmall": 0.5566938018875759,
          "ARmedium": 0.7695655478257748,
          "ARlarge": 0.8650198426797118
        }
      },
      "triflow": {
        "segm": {
          "AP": 0.43839149721872617,
          "AP50": 0.6640174169181143,
          "AP75": 0.47546363473143793,
          "APsmall": 0.22416725842563615,
          "APmedium": 0.47890775741222463,
          "APlarge": 0.6385023213086185,
          "AR1": 0.34073343838298453,
          "AR10": 0.5553436048431513,
          "AR100": 0.59921141875384,
          "ARsmall": 0.41482576944406047,
          "ARmedium": 0.6563467872292027,
          "ARlarge": 0.769005418542275
        },
        "bbox": {
          "AP": 0.5211607359463847,
          "AP50": 0.6914108737172941,
          "AP75": 0.5693485140168433,
          "APsmall": 0.33954771613260115,
          "APmedium": 0.5701177835343466,
          "APlarge": 0.6802001028953965,
          "AR1": 0.38775406677457963,
          "AR10": 0.6556458266922062,
          "AR100": 0.7185168070722645,
          "ARsmall": 0.5566938018875759,
          "ARmedium": 0.7695655478257748,
          "ARlarge": 0.8650198426797118
        }
      }
    },
    "paired_recomputed": null,
    "paired_scope": "not measured in this AP-only epoch evaluation"
  },
  "absolute_tolerance": 1e-12,
  "limitations": [
    "Aggregate readout verification only; COCO matches, mask decoding and GT are not recomputed",
    "Paired point estimates and sample/seed metadata are checked only when measured in this Run; matching and bootstrap confidence intervals are not recomputed",
    "Stored frozen-state digests and parity records are cross-checked; model tensors are not loaded",
    "Stored original training identity/actual coverage/source evidence is cross-checked; original training images and JSON are not reloaded",
    "One training seed does not quantify seed uncertainty; paired IoU intervals are not AP intervals"
  ]
}
