loading annotations into memory...
Done (t=10.83s)
creating index...
index created!
CHECKPOINT applied=36581 cursor={'epoch': 1, 'image_position': 15874, 'chunk_start': 4} reason=initial_or_resumed_state
TRAIN epoch=1/8 image=15946/20000 applied=36750 loss=2.977534 elapsed_s=71.2
TRAIN epoch=1/8 image=16051/20000 applied=37000 loss=4.024467 elapsed_s=120.9
TRAIN epoch=1/8 image=16150/20000 applied=37250 loss=2.555053 elapsed_s=169.4
TRAIN epoch=1/8 image=16257/20000 applied=37500 loss=1.930819 elapsed_s=218.2
TRAIN epoch=1/8 image=16369/20000 applied=37750 loss=2.733308 elapsed_s=267.8
TRAIN epoch=1/8 image=16472/20000 applied=38000 loss=2.004299 elapsed_s=316.0
CHECKPOINT applied=38103 cursor={'epoch': 1, 'image_position': 16519, 'chunk_start': 4} reason=first_applied_or_timed
TRAIN epoch=1/8 image=16582/20000 applied=38250 loss=1.442657 elapsed_s=366.2
TRAIN epoch=1/8 image=16694/20000 applied=38500 loss=1.845391 elapsed_s=415.6
TRAIN epoch=1/8 image=16804/20000 applied=38750 loss=1.933505 elapsed_s=464.8
TRAIN epoch=1/8 image=16907/20000 applied=39000 loss=5.801153 elapsed_s=513.6
TRAIN epoch=1/8 image=17012/20000 applied=39250 loss=6.890967 elapsed_s=562.7
TRAIN epoch=1/8 image=17115/20000 applied=39500 loss=2.987905 elapsed_s=611.9
CHECKPOINT applied=39628 cursor={'epoch': 1, 'image_position': 17172, 'chunk_start': 0} reason=first_applied_or_timed
TRAIN epoch=1/8 image=17224/20000 applied=39750 loss=0.871773 elapsed_s=661.5
TRAIN epoch=1/8 image=17334/20000 applied=40000 loss=1.945513 elapsed_s=710.9
TRAIN epoch=1/8 image=17445/20000 applied=40250 loss=4.122578 elapsed_s=760.4
TRAIN epoch=1/8 image=17552/20000 applied=40500 loss=2.558317 elapsed_s=809.6
TRAIN epoch=1/8 image=17662/20000 applied=40750 loss=6.168813 elapsed_s=858.8
TRAIN epoch=1/8 image=17771/20000 applied=41000 loss=1.724778 elapsed_s=908.6
CHECKPOINT applied=41147 cursor={'epoch': 1, 'image_position': 17833, 'chunk_start': 0} reason=first_applied_or_timed
TRAIN epoch=1/8 image=17877/20000 applied=41250 loss=3.449702 elapsed_s=958.1
TRAIN epoch=1/8 image=17986/20000 applied=41500 loss=1.688221 elapsed_s=1006.9
TRAIN epoch=1/8 image=18094/20000 applied=41750 loss=4.148757 elapsed_s=1055.8
TRAIN epoch=1/8 image=18196/20000 applied=42000 loss=3.395592 elapsed_s=1104.1
TRAIN epoch=1/8 image=18306/20000 applied=42250 loss=4.725438 elapsed_s=1153.7
TRAIN epoch=1/8 image=18422/20000 applied=42500 loss=3.597099 elapsed_s=1203.6
CHECKPOINT applied=42674 cursor={'epoch': 1, 'image_position': 18497, 'chunk_start': 4} reason=first_applied_or_timed
TRAIN epoch=1/8 image=18528/20000 applied=42750 loss=2.141186 elapsed_s=1252.9
TRAIN epoch=1/8 image=18630/20000 applied=43000 loss=1.972850 elapsed_s=1302.1
TRAIN epoch=1/8 image=18742/20000 applied=43250 loss=3.557612 elapsed_s=1351.4
TRAIN epoch=1/8 image=18851/20000 applied=43500 loss=2.396388 elapsed_s=1400.8
TRAIN epoch=1/8 image=18959/20000 applied=43750 loss=2.514320 elapsed_s=1450.0
TRAIN epoch=1/8 image=19067/20000 applied=44000 loss=1.589957 elapsed_s=1499.3
CHECKPOINT applied=44202 cursor={'epoch': 1, 'image_position': 19152, 'chunk_start': 4} reason=first_applied_or_timed
TRAIN epoch=1/8 image=19175/20000 applied=44250 loss=2.126691 elapsed_s=1548.7
TRAIN epoch=1/8 image=19282/20000 applied=44500 loss=3.281952 elapsed_s=1597.2
TRAIN epoch=1/8 image=19390/20000 applied=44750 loss=17.756096 elapsed_s=1646.2
TRAIN epoch=1/8 image=19496/20000 applied=45000 loss=4.585655 elapsed_s=1695.1
TRAIN epoch=1/8 image=19600/20000 applied=45250 loss=2.579894 elapsed_s=1743.8
TRAIN epoch=1/8 image=19708/20000 applied=45500 loss=2.376536 elapsed_s=1792.6
CHECKPOINT applied=45737 cursor={'epoch': 1, 'image_position': 19811, 'chunk_start': 4} reason=first_applied_or_timed
TRAIN epoch=1/8 image=19816/20000 applied=45750 loss=1.443305 elapsed_s=1842.1
TRAIN epoch=1/8 image=19925/20000 applied=46000 loss=6.426401 elapsed_s=1891.6
EPOCH_COMPLETE 1/8 images=20000 instances=167002 steps=46181 mean_loss=3.438135
{"run_id": "RUN_TRIFLOW_20K_EPOCH01_EVAL_S0", "exit_code": 0, "directory": "D:\\coco_wire\\experiments\\triflow_20k_training_20261007\\runs\\RUN_TRIFLOW_20K_EPOCH01_EVAL_S0"}
{"run_id": "RUN_TRIFLOW_20K_EPOCH01_READOUT_VERIFY_S0", "exit_code": 0, "directory": "D:\\coco_wire\\experiments\\triflow_20k_training_20261007\\runs\\RUN_TRIFLOW_20K_EPOCH01_READOUT_VERIFY_S0"}
EPOCH_OBSERVATION_COMPLETE epoch=1 eval=RUN_TRIFLOW_20K_EPOCH01_EVAL_S0 parent_state_exact=True
CHECKPOINT applied=46181 cursor={'epoch': 2, 'image_position': 0, 'chunk_start': 0} reason=epoch_boundary
TRAIN epoch=2/8 image=1/20000 applied=46182 loss=3.865446 elapsed_s=7090.9
TRAIN epoch=2/8 image=29/20000 applied=46250 loss=1.534203 elapsed_s=7104.0
TRAIN epoch=2/8 image=136/20000 applied=46500 loss=1.959072 elapsed_s=7153.5
TRAIN epoch=2/8 image=241/20000 applied=46750 loss=2.803097 elapsed_s=7202.2
TRAIN epoch=2/8 image=348/20000 applied=47000 loss=6.245630 elapsed_s=7251.0
TRAIN epoch=2/8 image=456/20000 applied=47250 loss=3.247141 elapsed_s=7299.5
TRAIN epoch=2/8 image=565/20000 applied=47500 loss=1.685822 elapsed_s=7348.4
CHECKPOINT applied=47719 cursor={'epoch': 2, 'image_position': 658, 'chunk_start': 0} reason=first_applied_or_timed
TRAIN epoch=2/8 image=673/20000 applied=47750 loss=1.916217 elapsed_s=7397.0
TRAIN epoch=2/8 image=783/20000 applied=48000 loss=5.979002 elapsed_s=7445.6
TRAIN epoch=2/8 image=890/20000 applied=48250 loss=2.072022 elapsed_s=7494.8
TRAIN epoch=2/8 image=1002/20000 applied=48500 loss=4.164718 elapsed_s=7543.7
TRAIN epoch=2/8 image=1113/20000 applied=48750 loss=2.464470 elapsed_s=7592.8
TRAIN epoch=2/8 image=1220/20000 applied=49000 loss=0.859886 elapsed_s=7641.6
TRAIN epoch=2/8 image=1328/20000 applied=49250 loss=1.328594 elapsed_s=7690.4
CHECKPOINT applied=49252 cursor={'epoch': 2, 'image_position': 1328, 'chunk_start': 8} reason=first_applied_or_timed
TRAIN epoch=2/8 image=1431/20000 applied=49500 loss=2.106252 elapsed_s=7739.0
TRAIN epoch=2/8 image=1537/20000 applied=49750 loss=2.104445 elapsed_s=7787.6
TRAIN epoch=2/8 image=1653/20000 applied=50000 loss=9.562354 elapsed_s=7837.5
TRAIN epoch=2/8 image=1763/20000 applied=50250 loss=2.466314 elapsed_s=7886.8
TRAIN epoch=2/8 image=1867/20000 applied=50500 loss=1.770419 elapsed_s=7935.1
TRAIN epoch=2/8 image=1978/20000 applied=50750 loss=1.757981 elapsed_s=7983.8
CHECKPOINT applied=50791 cursor={'epoch': 2, 'image_position': 1995, 'chunk_start': 4} reason=first_applied_or_timed
TRAIN epoch=2/8 image=2083/20000 applied=51000 loss=3.696681 elapsed_s=8032.7
TRAIN epoch=2/8 image=2199/20000 applied=51250 loss=3.083418 elapsed_s=8082.1
TRAIN epoch=2/8 image=2309/20000 applied=51500 loss=2.487171 elapsed_s=8131.1
TRAIN epoch=2/8 image=2427/20000 applied=51750 loss=1.249899 elapsed_s=8180.9
TRAIN epoch=2/8 image=2538/20000 applied=52000 loss=1.278656 elapsed_s=8229.7
TRAIN epoch=2/8 image=2646/20000 applied=52250 loss=1.552115 elapsed_s=8278.3
CHECKPOINT applied=52322 cursor={'epoch': 2, 'image_position': 2676, 'chunk_start': 4} reason=first_applied_or_timed
TRAIN epoch=2/8 image=2756/20000 applied=52500 loss=3.543233 elapsed_s=8327.2
TRAIN epoch=2/8 image=2863/20000 applied=52750 loss=2.416947 elapsed_s=8375.9
TRAIN epoch=2/8 image=2964/20000 applied=53000 loss=1.896581 elapsed_s=8424.2
TRAIN epoch=2/8 image=3070/20000 applied=53250 loss=1.421453 elapsed_s=8472.7
TRAIN epoch=2/8 image=3179/20000 applied=53500 loss=3.518285 elapsed_s=8520.9
TRAIN epoch=2/8 image=3283/20000 applied=53750 loss=2.475736 elapsed_s=8569.5
CHECKPOINT applied=53868 cursor={'epoch': 2, 'image_position': 3335, 'chunk_start': 4} reason=first_applied_or_timed
TRAIN epoch=2/8 image=3391/20000 applied=54000 loss=1.696670 elapsed_s=8618.7
TRAIN epoch=2/8 image=3496/20000 applied=54250 loss=1.759096 elapsed_s=8666.9
TRAIN epoch=2/8 image=3600/20000 applied=54500 loss=3.287930 elapsed_s=8714.4
TRAIN epoch=2/8 image=3713/20000 applied=54750 loss=5.228324 elapsed_s=8763.6
TRAIN epoch=2/8 image=3827/20000 applied=55000 loss=1.686056 elapsed_s=8812.8
TRAIN epoch=2/8 image=3937/20000 applied=55250 loss=2.245536 elapsed_s=8861.6
CHECKPOINT applied=55408 cursor={'epoch': 2, 'image_position': 4007, 'chunk_start': 0} reason=first_applied_or_timed
TRAIN epoch=2/8 image=4051/20000 applied=55500 loss=1.895360 elapsed_s=8911.6
TRAIN epoch=2/8 image=4166/20000 applied=55750 loss=2.076044 elapsed_s=8960.9
TRAIN epoch=2/8 image=4270/20000 applied=56000 loss=2.582372 elapsed_s=9008.8
TRAIN epoch=2/8 image=4381/20000 applied=56250 loss=5.568794 elapsed_s=9057.4
TRAIN epoch=2/8 image=4487/20000 applied=56500 loss=0.950261 elapsed_s=9106.2
TRAIN epoch=2/8 image=4595/20000 applied=56750 loss=8.553455 elapsed_s=9154.6
CHECKPOINT applied=56949 cursor={'epoch': 2, 'image_position': 4682, 'chunk_start': 0} reason=first_applied_or_timed
TRAIN epoch=2/8 image=4703/20000 applied=57000 loss=2.198262 elapsed_s=9203.7
TRAIN epoch=2/8 image=4817/20000 applied=57250 loss=2.018309 elapsed_s=9252.8
TRAIN epoch=2/8 image=4921/20000 applied=57500 loss=2.610464 elapsed_s=9300.7
TRAIN epoch=2/8 image=5021/20000 applied=57750 loss=1.311296 elapsed_s=9348.6
TRAIN epoch=2/8 image=5129/20000 applied=58000 loss=1.015719 elapsed_s=9397.4
TRAIN epoch=2/8 image=5237/20000 applied=58250 loss=7.042889 elapsed_s=9445.7
CHECKPOINT applied=58499 cursor={'epoch': 2, 'image_position': 5336, 'chunk_start': 4} reason=first_applied_or_timed
TRAIN epoch=2/8 image=5337/20000 applied=58500 loss=1.337997 elapsed_s=9494.4
TRAIN epoch=2/8 image=5436/20000 applied=58750 loss=1.568011 elapsed_s=9542.4
TRAIN epoch=2/8 image=5546/20000 applied=59000 loss=3.283960 elapsed_s=9591.2
TRAIN epoch=2/8 image=5658/20000 applied=59250 loss=2.714679 elapsed_s=9640.2
TRAIN epoch=2/8 image=5770/20000 applied=59500 loss=1.676752 elapsed_s=9689.1
TRAIN epoch=2/8 image=5886/20000 applied=59750 loss=1.453845 elapsed_s=9737.8
TRAIN epoch=2/8 image=6001/20000 applied=60000 loss=9.080549 elapsed_s=9787.1
CHECKPOINT applied=60036 cursor={'epoch': 2, 'image_position': 6016, 'chunk_start': 4} reason=first_applied_or_timed
TRAIN epoch=2/8 image=6106/20000 applied=60250 loss=1.864321 elapsed_s=9836.0
TRAIN epoch=2/8 image=6207/20000 applied=60500 loss=1.962858 elapsed_s=9884.3
TRAIN epoch=2/8 image=6310/20000 applied=60750 loss=2.460436 elapsed_s=9932.8
TRAIN epoch=2/8 image=6415/20000 applied=61000 loss=1.463068 elapsed_s=9981.5
TRAIN epoch=2/8 image=6523/20000 applied=61250 loss=2.170443 elapsed_s=10029.3
TRAIN epoch=2/8 image=6632/20000 applied=61500 loss=1.775173 elapsed_s=10077.6
CHECKPOINT applied=61590 cursor={'epoch': 2, 'image_position': 6668, 'chunk_start': 0} reason=first_applied_or_timed
TRAIN epoch=2/8 image=6738/20000 applied=61750 loss=1.640369 elapsed_s=10126.4
TRAIN epoch=2/8 image=6839/20000 applied=62000 loss=5.107425 elapsed_s=10174.6
TRAIN epoch=2/8 image=6939/20000 applied=62250 loss=2.688850 elapsed_s=10222.6
TRAIN epoch=2/8 image=7053/20000 applied=62500 loss=2.172110 elapsed_s=10271.9
TRAIN epoch=2/8 image=7162/20000 applied=62750 loss=2.907186 elapsed_s=10320.4
TRAIN epoch=2/8 image=7273/20000 applied=63000 loss=2.588921 elapsed_s=10369.1
CHECKPOINT applied=63134 cursor={'epoch': 2, 'image_position': 7333, 'chunk_start': 4} reason=first_applied_or_timed
TRAIN epoch=2/8 image=7379/20000 applied=63250 loss=1.705860 elapsed_s=10417.9
TRAIN epoch=2/8 image=7487/20000 applied=63500 loss=1.802868 elapsed_s=10466.2
TRAIN epoch=2/8 image=7598/20000 applied=63750 loss=2.213562 elapsed_s=10515.0
TRAIN epoch=2/8 image=7714/20000 applied=64000 loss=2.653392 elapsed_s=10564.2
TRAIN epoch=2/8 image=7818/20000 applied=64250 loss=2.298120 elapsed_s=10612.6
TRAIN epoch=2/8 image=7931/20000 applied=64500 loss=5.012833 elapsed_s=10662.0
CHECKPOINT applied=64676 cursor={'epoch': 2, 'image_position': 8005, 'chunk_start': 4} reason=first_applied_or_timed
TRAIN epoch=2/8 image=8036/20000 applied=64750 loss=1.285911 elapsed_s=10710.7
TRAIN epoch=2/8 image=8142/20000 applied=65000 loss=1.590160 elapsed_s=10759.4
TRAIN epoch=2/8 image=8256/20000 applied=65250 loss=2.623316 elapsed_s=10808.4
TRAIN epoch=2/8 image=8367/20000 applied=65500 loss=2.531872 elapsed_s=10857.3
TRAIN epoch=2/8 image=8473/20000 applied=65750 loss=2.144888 elapsed_s=10905.8
TRAIN epoch=2/8 image=8580/20000 applied=66000 loss=10.795312 elapsed_s=10953.9
CHECKPOINT applied=66223 cursor={'epoch': 2, 'image_position': 8671, 'chunk_start': 0} reason=first_applied_or_timed
TRAIN epoch=2/8 image=8683/20000 applied=66250 loss=5.129218 elapsed_s=11002.3
TRAIN epoch=2/8 image=8795/20000 applied=66500 loss=10.961731 elapsed_s=11050.7
TRAIN epoch=2/8 image=8898/20000 applied=66750 loss=1.957574 elapsed_s=11098.1
TRAIN epoch=2/8 image=9004/20000 applied=67000 loss=1.960939 elapsed_s=11146.3
TRAIN epoch=2/8 image=9113/20000 applied=67250 loss=4.323983 elapsed_s=11194.9
TRAIN epoch=2/8 image=9218/20000 applied=67500 loss=2.231333 elapsed_s=11243.3
TRAIN epoch=2/8 image=9327/20000 applied=67750 loss=10.817391 elapsed_s=11291.7
CHECKPOINT applied=67777 cursor={'epoch': 2, 'image_position': 9341, 'chunk_start': 4} reason=first_applied_or_timed
TRAIN epoch=2/8 image=9435/20000 applied=68000 loss=2.686014 elapsed_s=11340.9
TRAIN epoch=2/8 image=9539/20000 applied=68250 loss=3.314523 elapsed_s=11389.0
TRAIN epoch=2/8 image=9648/20000 applied=68500 loss=7.439361 elapsed_s=11437.6
TRAIN epoch=2/8 image=9765/20000 applied=68750 loss=2.875194 elapsed_s=11486.7
TRAIN epoch=2/8 image=9873/20000 applied=69000 loss=2.938353 elapsed_s=11535.5
TRAIN epoch=2/8 image=9975/20000 applied=69250 loss=1.769155 elapsed_s=11583.4
CHECKPOINT applied=69324 cursor={'epoch': 2, 'image_position': 10007, 'chunk_start': 4} reason=first_applied_or_timed
TRAIN epoch=2/8 image=10089/20000 applied=69500 loss=8.149858 elapsed_s=11632.4
TRAIN epoch=2/8 image=10201/20000 applied=69750 loss=2.465082 elapsed_s=11681.3
TRAIN epoch=2/8 image=10309/20000 applied=70000 loss=2.219639 elapsed_s=11730.0
TRAIN epoch=2/8 image=10418/20000 applied=70250 loss=5.813492 elapsed_s=11778.9
TRAIN epoch=2/8 image=10521/20000 applied=70500 loss=1.461986 elapsed_s=11827.3
TRAIN epoch=2/8 image=10633/20000 applied=70750 loss=4.369572 elapsed_s=11876.0
CHECKPOINT applied=70865 cursor={'epoch': 2, 'image_position': 10680, 'chunk_start': 4} reason=first_applied_or_timed
TRAIN epoch=2/8 image=10740/20000 applied=71000 loss=4.756261 elapsed_s=11924.6
TRAIN epoch=2/8 image=10851/20000 applied=71250 loss=2.443179 elapsed_s=11973.1
TRAIN epoch=2/8 image=10962/20000 applied=71500 loss=5.454034 elapsed_s=12022.2
TRAIN epoch=2/8 image=11067/20000 applied=71750 loss=3.438353 elapsed_s=12070.6
TRAIN epoch=2/8 image=11174/20000 applied=72000 loss=10.210885 elapsed_s=12118.8
TRAIN epoch=2/8 image=11281/20000 applied=72250 loss=1.761021 elapsed_s=12167.0
CHECKPOINT applied=72413 cursor={'epoch': 2, 'image_position': 11349, 'chunk_start': 0} reason=first_applied_or_timed
TRAIN epoch=2/8 image=11388/20000 applied=72500 loss=2.846350 elapsed_s=12216.5
TRAIN epoch=2/8 image=11498/20000 applied=72750 loss=5.286439 elapsed_s=12265.5
TRAIN epoch=2/8 image=11607/20000 applied=73000 loss=2.220006 elapsed_s=12314.0
TRAIN epoch=2/8 image=11720/20000 applied=73250 loss=2.503216 elapsed_s=12362.8
TRAIN epoch=2/8 image=11829/20000 applied=73500 loss=2.134948 elapsed_s=12411.4
TRAIN epoch=2/8 image=11942/20000 applied=73750 loss=5.532013 elapsed_s=12460.3
CHECKPOINT applied=73951 cursor={'epoch': 2, 'image_position': 12029, 'chunk_start': 8} reason=first_applied_or_timed
TRAIN epoch=2/8 image=12054/20000 applied=74000 loss=1.126992 elapsed_s=12509.2
TRAIN epoch=2/8 image=12159/20000 applied=74250 loss=2.024980 elapsed_s=12557.7
TRAIN epoch=2/8 image=12266/20000 applied=74500 loss=2.029583 elapsed_s=12605.4
TRAIN epoch=2/8 image=12373/20000 applied=74750 loss=2.546896 elapsed_s=12653.8
TRAIN epoch=2/8 image=12488/20000 applied=75000 loss=14.161251 elapsed_s=12703.0
TRAIN epoch=2/8 image=12590/20000 applied=75250 loss=3.987032 elapsed_s=12751.6
CHECKPOINT applied=75499 cursor={'epoch': 2, 'image_position': 12694, 'chunk_start': 4} reason=first_applied_or_timed
TRAIN epoch=2/8 image=12695/20000 applied=75500 loss=1.447591 elapsed_s=12800.3
TRAIN epoch=2/8 image=12806/20000 applied=75750 loss=4.020898 elapsed_s=12848.7
TRAIN epoch=2/8 image=12912/20000 applied=76000 loss=2.022945 elapsed_s=12897.2
TRAIN epoch=2/8 image=13014/20000 applied=76250 loss=1.904868 elapsed_s=12945.5
TRAIN epoch=2/8 image=13125/20000 applied=76500 loss=1.352286 elapsed_s=12994.4
TRAIN epoch=2/8 image=13235/20000 applied=76750 loss=5.686788 elapsed_s=13043.0
TRAIN epoch=2/8 image=13342/20000 applied=77000 loss=3.756918 elapsed_s=13091.5
CHECKPOINT applied=77046 cursor={'epoch': 2, 'image_position': 13359, 'chunk_start': 4} reason=first_applied_or_timed
TRAIN epoch=2/8 image=13449/20000 applied=77250 loss=2.885571 elapsed_s=13140.6
TRAIN epoch=2/8 image=13556/20000 applied=77500 loss=1.894247 elapsed_s=13188.7
TRAIN epoch=2/8 image=13662/20000 applied=77750 loss=3.724019 elapsed_s=13236.9
TRAIN epoch=2/8 image=13769/20000 applied=78000 loss=1.954366 elapsed_s=13285.3
TRAIN epoch=2/8 image=13876/20000 applied=78250 loss=1.450820 elapsed_s=13334.0
TRAIN epoch=2/8 image=13983/20000 applied=78500 loss=7.995204 elapsed_s=13382.8
CHECKPOINT applied=78594 cursor={'epoch': 2, 'image_position': 14025, 'chunk_start': 0} reason=first_applied_or_timed
TRAIN epoch=2/8 image=14094/20000 applied=78750 loss=2.753499 elapsed_s=13431.8
TRAIN epoch=2/8 image=14210/20000 applied=79000 loss=1.936499 elapsed_s=13480.6
TRAIN epoch=2/8 image=14321/20000 applied=79250 loss=2.104482 elapsed_s=13529.4
TRAIN epoch=2/8 image=14429/20000 applied=79500 loss=1.602679 elapsed_s=13577.9
TRAIN epoch=2/8 image=14535/20000 applied=79750 loss=2.239026 elapsed_s=13626.4
TRAIN epoch=2/8 image=14641/20000 applied=80000 loss=1.637666 elapsed_s=13674.4
CHECKPOINT applied=80141 cursor={'epoch': 2, 'image_position': 14699, 'chunk_start': 4} reason=first_applied_or_timed
TRAIN epoch=2/8 image=14748/20000 applied=80250 loss=1.501765 elapsed_s=13723.0
TRAIN epoch=2/8 image=14853/20000 applied=80500 loss=1.714446 elapsed_s=13771.7
TRAIN epoch=2/8 image=14956/20000 applied=80750 loss=1.324483 elapsed_s=13819.7
TRAIN epoch=2/8 image=15065/20000 applied=81000 loss=9.085684 elapsed_s=13868.8
TRAIN epoch=2/8 image=15174/20000 applied=81250 loss=2.154208 elapsed_s=13917.5
TRAIN epoch=2/8 image=15277/20000 applied=81500 loss=3.155320 elapsed_s=13966.0
CHECKPOINT applied=81684 cursor={'epoch': 2, 'image_position': 15358, 'chunk_start': 0} reason=first_applied_or_timed
TRAIN epoch=2/8 image=15385/20000 applied=81750 loss=4.087132 elapsed_s=14014.6
TRAIN epoch=2/8 image=15491/20000 applied=82000 loss=2.968209 elapsed_s=14063.1
TRAIN epoch=2/8 image=15595/20000 applied=82250 loss=1.833698 elapsed_s=14111.4
TRAIN epoch=2/8 image=15708/20000 applied=82500 loss=3.641350 elapsed_s=14160.2
TRAIN epoch=2/8 image=15815/20000 applied=82750 loss=2.592220 elapsed_s=14208.3
TRAIN epoch=2/8 image=15929/20000 applied=83000 loss=2.563327 elapsed_s=14257.4
CHECKPOINT applied=83231 cursor={'epoch': 2, 'image_position': 16028, 'chunk_start': 0} reason=first_applied_or_timed
TRAIN epoch=2/8 image=16037/20000 applied=83250 loss=11.227771 elapsed_s=14306.6
TRAIN epoch=2/8 image=16152/20000 applied=83500 loss=3.126446 elapsed_s=14356.3
TRAIN epoch=2/8 image=16263/20000 applied=83750 loss=4.393106 elapsed_s=14405.0
TRAIN epoch=2/8 image=16370/20000 applied=84000 loss=3.106378 elapsed_s=14453.7
TRAIN epoch=2/8 image=16483/20000 applied=84250 loss=3.890124 elapsed_s=14502.6
TRAIN epoch=2/8 image=16594/20000 applied=84500 loss=2.155946 elapsed_s=14551.5
TRAIN epoch=2/8 image=16701/20000 applied=84750 loss=2.130797 elapsed_s=14599.8
CHECKPOINT applied=84766 cursor={'epoch': 2, 'image_position': 16708, 'chunk_start': 0} reason=first_applied_or_timed
TRAIN epoch=2/8 image=16818/20000 applied=85000 loss=3.478331 elapsed_s=14650.0
TRAIN epoch=2/8 image=16923/20000 applied=85250 loss=2.188811 elapsed_s=14698.4
TRAIN epoch=2/8 image=17029/20000 applied=85500 loss=1.122612 elapsed_s=14746.7
TRAIN epoch=2/8 image=17134/20000 applied=85750 loss=3.027168 elapsed_s=14794.3
TRAIN epoch=2/8 image=17244/20000 applied=86000 loss=1.806667 elapsed_s=14842.8
TRAIN epoch=2/8 image=17352/20000 applied=86250 loss=7.672576 elapsed_s=14891.2
CHECKPOINT applied=86312 cursor={'epoch': 2, 'image_position': 17377, 'chunk_start': 0} reason=first_applied_or_timed
TRAIN epoch=2/8 image=17453/20000 applied=86500 loss=1.955025 elapsed_s=14939.7
TRAIN epoch=2/8 image=17555/20000 applied=86750 loss=2.003424 elapsed_s=14987.3
TRAIN epoch=2/8 image=17662/20000 applied=87000 loss=2.380961 elapsed_s=15035.9
TRAIN epoch=2/8 image=17770/20000 applied=87250 loss=2.452262 elapsed_s=15084.8
TRAIN epoch=2/8 image=17874/20000 applied=87500 loss=3.537221 elapsed_s=15133.0
TRAIN epoch=2/8 image=17981/20000 applied=87750 loss=1.585849 elapsed_s=15182.0
CHECKPOINT applied=87861 cursor={'epoch': 2, 'image_position': 18029, 'chunk_start': 0} reason=first_applied_or_timed
TRAIN epoch=2/8 image=18091/20000 applied=88000 loss=2.276135 elapsed_s=15231.0
TRAIN epoch=2/8 image=18200/20000 applied=88250 loss=3.248835 elapsed_s=15280.5
TRAIN epoch=2/8 image=18312/20000 applied=88500 loss=1.080430 elapsed_s=15329.4
TRAIN epoch=2/8 image=18425/20000 applied=88750 loss=8.363452 elapsed_s=15378.8
TRAIN epoch=2/8 image=18533/20000 applied=89000 loss=1.691648 elapsed_s=15427.3
TRAIN epoch=2/8 image=18647/20000 applied=89250 loss=2.812042 elapsed_s=15476.6
CHECKPOINT applied=89394 cursor={'epoch': 2, 'image_position': 18705, 'chunk_start': 0} reason=first_applied_or_timed
TRAIN epoch=2/8 image=18754/20000 applied=89500 loss=2.250543 elapsed_s=15525.5
TRAIN epoch=2/8 image=18865/20000 applied=89750 loss=1.220611 elapsed_s=15574.0
TRAIN epoch=2/8 image=18967/20000 applied=90000 loss=1.910928 elapsed_s=15622.3
TRAIN epoch=2/8 image=19076/20000 applied=90250 loss=4.303317 elapsed_s=15671.0
TRAIN epoch=2/8 image=19184/20000 applied=90500 loss=2.956602 elapsed_s=15719.7
TRAIN epoch=2/8 image=19285/20000 applied=90750 loss=1.332050 elapsed_s=15767.8
CHECKPOINT applied=90937 cursor={'epoch': 2, 'image_position': 19368, 'chunk_start': 4} reason=first_applied_or_timed
TRAIN epoch=2/8 image=19399/20000 applied=91000 loss=3.944303 elapsed_s=15817.6
TRAIN epoch=2/8 image=19502/20000 applied=91250 loss=4.070168 elapsed_s=15865.9
TRAIN epoch=2/8 image=19612/20000 applied=91500 loss=3.347609 elapsed_s=15914.5
TRAIN epoch=2/8 image=19716/20000 applied=91750 loss=5.387291 elapsed_s=15962.7
TRAIN epoch=2/8 image=19834/20000 applied=92000 loss=2.067284 elapsed_s=16011.5
TRAIN epoch=2/8 image=19950/20000 applied=92250 loss=2.263774 elapsed_s=16060.7
EPOCH_COMPLETE 2/8 images=20000 instances=167002 steps=46181 mean_loss=3.223013
{"run_id": "RUN_TRIFLOW_20K_EPOCH02_EVAL_S0", "exit_code": 0, "directory": "D:\\coco_wire\\experiments\\triflow_20k_training_20261007\\runs\\RUN_TRIFLOW_20K_EPOCH02_EVAL_S0"}
{"run_id": "RUN_TRIFLOW_20K_EPOCH02_READOUT_VERIFY_S0", "exit_code": 0, "directory": "D:\\coco_wire\\experiments\\triflow_20k_training_20261007\\runs\\RUN_TRIFLOW_20K_EPOCH02_READOUT_VERIFY_S0"}
EPOCH_OBSERVATION_COMPLETE epoch=2 eval=RUN_TRIFLOW_20K_EPOCH02_EVAL_S0 parent_state_exact=True
CHECKPOINT applied=92362 cursor={'epoch': 3, 'image_position': 0, 'chunk_start': 0} reason=epoch_boundary
TRAIN epoch=3/8 image=1/20000 applied=92363 loss=2.021754 elapsed_s=21260.6
TRAIN epoch=3/8 image=57/20000 applied=92500 loss=7.355843 elapsed_s=21287.5
TRAIN epoch=3/8 image=165/20000 applied=92750 loss=5.407335 elapsed_s=21336.3
TRAIN epoch=3/8 image=271/20000 applied=93000 loss=0.744501 elapsed_s=21384.9
TRAIN epoch=3/8 image=379/20000 applied=93250 loss=3.937433 elapsed_s=21433.5
TRAIN epoch=3/8 image=486/20000 applied=93500 loss=3.234981 elapsed_s=21482.2
TRAIN epoch=3/8 image=597/20000 applied=93750 loss=1.380758 elapsed_s=21531.0
CHECKPOINT applied=93899 cursor={'epoch': 3, 'image_position': 663, 'chunk_start': 4} reason=first_applied_or_timed
