{"name": "straight_edge_expansion", "passed": true, "error": null}
{"name": "straight_edge_contraction", "passed": true, "error": null}
{"name": "circle_expansion", "passed": true, "error": null}
{"name": "circle_contraction", "passed": true, "error": null}
{"name": "neighbor_competition", "passed": true, "error": null}
{"name": "zero_of_nonself_competitors_not_self_boundary", "passed": true, "error": null}
{"name": "absent_neighbor_and_no_root", "passed": true, "error": null}
{"name": "empty_self_background_and_overlap", "passed": true, "error": null}
{"name": "potential_difference_before_clip", "passed": true, "error": null}
{"name": "crowd_ignore_invariance", "passed": true, "error": null}
{"name": "self_anchor_satisfied", "passed": true, "error": null}
{"name": "self_anchor_violated", "passed": true, "error": null}
{"name": "neighbor_anchor_satisfied", "passed": true, "error": null}
{"name": "neighbor_anchor_violated", "passed": true, "error": null}
{"name": "background_anchor_satisfied", "passed": true, "error": null}
{"name": "background_anchor_violated", "passed": true, "error": null}
{"name": "rank_zero_spd_stiffness_floor_and_finite_backward", "passed": true, "error": null}
{"name": "mask_task_only_gradient_and_actual_optimizer_update", "passed": true, "error": null}
{"name": "zero_initialization_gradient_failure_negative_control", "passed": true, "error": null}
{"name": "actual_official_frozen_forward_feature_hidden_and_native_index_replay", "passed": true, "error": null}
{"status": "passed", "passed": true, "check_count": 20, "receipt": "D:\\coco_wire\\experiments\\triflow_potential_coefficient_20261006\\runs\\RUN_TRIFLOW_NUMERICAL_VERIFY_S0_R1\\TRIFLOW_VERIFICATION.json"}
