CPU_IDENTITIES images=1/5000 candidates=300
CPU_IDENTITIES images=100/5000 candidates=11836
CPU_IDENTITIES images=200/5000 candidates=23243
CPU_IDENTITIES images=300/5000 candidates=33496
CPU_IDENTITIES images=400/5000 candidates=44402
CPU_IDENTITIES images=500/5000 candidates=54470
CPU_IDENTITIES images=600/5000 candidates=66539
CPU_IDENTITIES images=700/5000 candidates=77842
CPU_IDENTITIES images=800/5000 candidates=88716
CPU_IDENTITIES images=900/5000 candidates=100092
CPU_IDENTITIES images=1000/5000 candidates=109807
CPU_IDENTITIES images=1100/5000 candidates=121213
CPU_IDENTITIES images=1200/5000 candidates=132708
CPU_IDENTITIES images=1300/5000 candidates=145214
CPU_IDENTITIES images=1400/5000 candidates=156071
CPU_IDENTITIES images=1500/5000 candidates=166775
CPU_IDENTITIES images=1600/5000 candidates=179436
CPU_IDENTITIES images=1700/5000 candidates=189702
CPU_IDENTITIES images=1800/5000 candidates=198802
CPU_IDENTITIES images=1900/5000 candidates=209927
CPU_IDENTITIES images=2000/5000 candidates=221103
CPU_IDENTITIES images=2100/5000 candidates=231338
CPU_IDENTITIES images=2200/5000 candidates=241247
CPU_IDENTITIES images=2300/5000 candidates=251318
CPU_IDENTITIES images=2400/5000 candidates=261724
CPU_IDENTITIES images=2500/5000 candidates=274348
CPU_IDENTITIES images=2600/5000 candidates=287143
CPU_IDENTITIES images=2700/5000 candidates=298081
CPU_IDENTITIES images=2800/5000 candidates=309029
CPU_IDENTITIES images=2900/5000 candidates=320280
CPU_IDENTITIES images=3000/5000 candidates=331859
CPU_IDENTITIES images=3100/5000 candidates=341360
CPU_IDENTITIES images=3200/5000 candidates=351816
CPU_IDENTITIES images=3300/5000 candidates=365376
CPU_IDENTITIES images=3400/5000 candidates=376463
CPU_IDENTITIES images=3500/5000 candidates=386503
CPU_IDENTITIES images=3600/5000 candidates=397607
CPU_IDENTITIES images=3700/5000 candidates=408958
CPU_IDENTITIES images=3800/5000 candidates=420164
CPU_IDENTITIES images=3900/5000 candidates=430186
CPU_IDENTITIES images=4000/5000 candidates=440428
CPU_IDENTITIES images=4100/5000 candidates=454175
CPU_IDENTITIES images=4200/5000 candidates=465696
CPU_IDENTITIES images=4300/5000 candidates=477593
CPU_IDENTITIES images=4400/5000 candidates=488033
CPU_IDENTITIES images=4500/5000 candidates=499508
CPU_IDENTITIES images=4600/5000 candidates=510954
CPU_IDENTITIES images=4700/5000 candidates=522355
CPU_IDENTITIES images=4800/5000 candidates=533537
CPU_IDENTITIES images=4900/5000 candidates=543622
CPU_IDENTITIES images=5000/5000 candidates=555445
COCO_CPU segm baseline {"AP": 0.43685372378950255, "AP50": 0.6635370986867941, "AP75": 0.47294843690396404, "APsmall": 0.22401824607801366, "APmedium": 0.4767020916129805, "APlarge": 0.6357173377148859, "AR1": 0.33956846003896707, "AR10": 0.5542167692984568, "AR100": 0.5981037560603596, "ARsmall": 0.4143372897073416, "ARmedium": 0.6554198750665258, "ARlarge": 0.767272689774783}
COCO_CPU segm RCMC_full {"AP": 0.44133109575852036, "AP50": 0.6650871433923086, "AP75": 0.48076407240281804, "APsmall": 0.2303281487544729, "APmedium": 0.4801387406504263, "APlarge": 0.6358184498157425, "AR1": 0.3420883757775044, "AR10": 0.5590721086058957, "AR100": 0.6036448675030944, "ARsmall": 0.42486283794204965, "ARmedium": 0.6565256520986673, "ARlarge": 0.7671078266409468}
COCO_CPU segm global_minus025_full {"AP": 0.43856341495990153, "AP50": 0.6632762747643097, "AP75": 0.4764516426887534, "APsmall": 0.22624427335848107, "APmedium": 0.4791035137300905, "APlarge": 0.6347388355070683, "AR1": 0.34091494266849126, "AR10": 0.5562031937466858, "AR100": 0.5997575385457435, "ARsmall": 0.4209634880422577, "ARmedium": 0.6554508425159915, "ARlarge": 0.7638761521387465}
COCO_CPU segm RCMC_first64 {"AP": 0.44133829335232155, "AP50": 0.6651277801369567, "AP75": 0.48059404569271663, "APsmall": 0.23038589336916207, "APmedium": 0.48015386417404693, "APlarge": 0.6358200589827537, "AR1": 0.3420726701734291, "AR10": 0.5592326748869381, "AR100": 0.6036288739344821, "ARsmall": 0.425343804928382, "ARmedium": 0.6570138952023215, "ARlarge": 0.7671373613056488}
COCO_CPU segm global_minus025_first64 {"AP": 0.438583402448286, "AP50": 0.6633734816177279, "AP75": 0.4764181221595605, "APsmall": 0.22620408660255437, "APmedium": 0.4792069357869011, "APlarge": 0.634853374470174, "AR1": 0.3408716016652956, "AR10": 0.5562192362894648, "AR100": 0.5998439997401218, "ARsmall": 0.41975306783544464, "ARmedium": 0.6565556152531192, "ARlarge": 0.7651698483323558}
COCO_CPU segm multi_local_full {"AP": 0.4407583883170846, "AP50": 0.6651462183344962, "AP75": 0.47997984861593296, "APsmall": 0.23036020054654988, "APmedium": 0.4789607012202663, "APlarge": 0.6359323623240257, "AR1": 0.34182607995931574, "AR10": 0.559197314213539, "AR100": 0.6039762586715746, "ARsmall": 0.4258004132847848, "ARmedium": 0.6567970570391231, "ARlarge": 0.7672554158590387}
COCO_CPU segm multi_local_first64 {"AP": 0.44074901410799416, "AP50": 0.6650528344531024, "AP75": 0.4798144838024643, "APsmall": 0.23042067707972108, "APmedium": 0.4789261944427437, "APlarge": 0.6359371117508738, "AR1": 0.34181183805917503, "AR10": 0.5594591786705291, "AR100": 0.6038279773258403, "ARsmall": 0.4257897168361387, "ARmedium": 0.6571498025021034, "ARlarge": 0.7673362382766452}
COCO_CPU bbox baseline {"AP": 0.5211607359463848, "AP50": 0.6914108737172941, "AP75": 0.5693485140168433, "APsmall": 0.3395477161326011, "APmedium": 0.5701177835343466, "APlarge": 0.6802001028953965, "AR1": 0.38775406677457963, "AR10": 0.6556458266922062, "AR100": 0.7185168070722645, "ARsmall": 0.5566938018875759, "ARmedium": 0.7695655478257748, "ARlarge": 0.8650198426797118}
{"status": "complete", "image_count": 5000, "identity_passed": true, "metrics_unknown": false}
