fixed CPU pixel score 100 5000
fixed CPU pixel score 200 5000
fixed CPU pixel score 300 5000
fixed CPU pixel score 400 5000
fixed CPU pixel score 500 5000
fixed CPU pixel score 600 5000
fixed CPU pixel score 700 5000
fixed CPU pixel score 800 5000
fixed CPU pixel score 900 5000
fixed CPU pixel score 1000 5000
fixed CPU pixel score 1100 5000
fixed CPU pixel score 1200 5000
fixed CPU pixel score 1300 5000
fixed CPU pixel score 1400 5000
fixed CPU pixel score 1500 5000
fixed CPU pixel score 1600 5000
fixed CPU pixel score 1700 5000
fixed CPU pixel score 1800 5000
fixed CPU pixel score 1900 5000
fixed CPU pixel score 2000 5000
fixed CPU pixel score 2100 5000
fixed CPU pixel score 2200 5000
fixed CPU pixel score 2300 5000
fixed CPU pixel score 2400 5000
fixed CPU pixel score 2500 5000
fixed CPU pixel score 2600 5000
fixed CPU pixel score 2700 5000
fixed CPU pixel score 2800 5000
fixed CPU pixel score 2900 5000
fixed CPU pixel score 3000 5000
fixed CPU pixel score 3100 5000
fixed CPU pixel score 3200 5000
fixed CPU pixel score 3300 5000
fixed CPU pixel score 3400 5000
fixed CPU pixel score 3500 5000
fixed CPU pixel score 3600 5000
fixed CPU pixel score 3700 5000
fixed CPU pixel score 3800 5000
fixed CPU pixel score 3900 5000
fixed CPU pixel score 4000 5000
fixed CPU pixel score 4100 5000
fixed CPU pixel score 4200 5000
fixed CPU pixel score 4300 5000
fixed CPU pixel score 4400 5000
fixed CPU pixel score 4500 5000
fixed CPU pixel score 4600 5000
fixed CPU pixel score 4700 5000
fixed CPU pixel score 4800 5000
fixed CPU pixel score 4900 5000
fixed CPU pixel score 5000 5000
ordinary COCO complete baseline
ordinary COCO complete target_I
ordinary COCO complete target_H
boundary complete baseline
boundary complete target_I
boundary complete target_H
{"status": "scoring_complete", "image_count": 5000, "fixed_rows": 86600, "metrics": {"baseline": {"AP": 0.43685372378950266, "AP50": 0.6635370986867941, "AP75": 0.47294843690396404, "APsmall": 0.22401824607801366, "APmedium": 0.4767020916129806, "APlarge": 0.6357173377148858, "AR1": 0.33956846003896707, "AR10": 0.5542167692984568, "AR100": 0.5981037560603596, "ARsmall": 0.4143372897073416, "ARmedium": 0.6554198750665258, "ARlarge": 0.767272689774783}, "target_I": {"AP": 0.44122977277925446, "AP50": 0.6648552991877903, "AP75": 0.4805017327626524, "APsmall": 0.23036844555139463, "APmedium": 0.4799549917127459, "APlarge": 0.6371053555415471, "AR1": 0.34198600430309695, "AR10": 0.5591185367045508, "AR100": 0.6033435946547969, "ARsmall": 0.42448099802529554, "ARmedium": 0.6571687824767032, "ARlarge": 0.7671333871650091}, "target_H": {"AP": 0.44123412456365774, "AP50": 0.664847079964648, "AP75": 0.48057948806937, "APsmall": 0.2304311718186929, "APmedium": 0.4798258162210646, "APlarge": 0.6371075301582437, "AR1": 0.3419996220261335, "AR10": 0.5591512483424309, "AR100": 0.603421085756295, "ARsmall": 0.4246975706051107, "ARmedium": 0.6570388554083749, "ARlarge": 0.7671384478937543}}}
